Component: Arm Compiler for Embedded 6.22 Tool: armlink [5ee90200]

==============================================================================

Section Cross References

    startup_stm32l552xx.o(STACK) refers (Special) to heapauxi.o(.text) for __use_two_region_memory
    startup_stm32l552xx.o(HEAP) refers (Special) to heapauxi.o(.text) for __use_two_region_memory
    startup_stm32l552xx.o(RESET) refers (Special) to heapauxi.o(.text) for __use_two_region_memory
    startup_stm32l552xx.o(RESET) refers to startup_stm32l552xx.o(STACK) for __initial_sp
    startup_stm32l552xx.o(RESET) refers to startup_stm32l552xx.o(.text) for Reset_Handler
    startup_stm32l552xx.o(RESET) refers to stm32l5xx_it.o(.text.NMI_Handler) for NMI_Handler
    startup_stm32l552xx.o(RESET) refers to stm32l5xx_it.o(.text.HardFault_Handler) for HardFault_Handler
    startup_stm32l552xx.o(RESET) refers to stm32l5xx_it.o(.text.MemManage_Handler) for MemManage_Handler
    startup_stm32l552xx.o(RESET) refers to stm32l5xx_it.o(.text.BusFault_Handler) for BusFault_Handler
    startup_stm32l552xx.o(RESET) refers to stm32l5xx_it.o(.text.UsageFault_Handler) for UsageFault_Handler
    startup_stm32l552xx.o(RESET) refers to stm32l5xx_it.o(.text.SVC_Handler) for SVC_Handler
    startup_stm32l552xx.o(RESET) refers to stm32l5xx_it.o(.text.DebugMon_Handler) for DebugMon_Handler
    startup_stm32l552xx.o(RESET) refers to stm32l5xx_it.o(.text.PendSV_Handler) for PendSV_Handler
    startup_stm32l552xx.o(RESET) refers to stm32l5xx_it.o(.text.SysTick_Handler) for SysTick_Handler
    startup_stm32l552xx.o(.text) refers (Special) to heapauxi.o(.text) for __use_two_region_memory
    startup_stm32l552xx.o(.text) refers to system_stm32l5xx.o(.text.SystemInit) for SystemInit
    startup_stm32l552xx.o(.text) refers to __main.o(!!!main) for __main
    startup_stm32l552xx.o(.text) refers to startup_stm32l552xx.o(HEAP) for Heap_Mem
    startup_stm32l552xx.o(.text) refers to startup_stm32l552xx.o(STACK) for Stack_Mem
    main.o(.text.main) refers to stm32l5xx_hal.o(.text.HAL_Init) for HAL_Init
    main.o(.text.main) refers to main.o(.text.SystemClock_Config) for SystemClock_Config
    main.o(.text.main) refers to my_asm.o(MY_ASM) for my_strcpy
    main.o(.ARM.exidx.text.main) refers to main.o(.text.main) for [Anonymous Symbol]
    main.o(.text.SystemClock_Config) refers to rt_memclr_w.o(.text) for __aeabi_memclr4
    main.o(.text.SystemClock_Config) refers to stm32l5xx_hal_pwr_ex.o(.text.HAL_PWREx_ControlVoltageScaling) for HAL_PWREx_ControlVoltageScaling
    main.o(.text.SystemClock_Config) refers to main.o(.text.Error_Handler) for Error_Handler
    main.o(.text.SystemClock_Config) refers to stm32l5xx_hal_rcc.o(.text.HAL_RCC_OscConfig) for HAL_RCC_OscConfig
    main.o(.text.SystemClock_Config) refers to stm32l5xx_hal_rcc.o(.text.HAL_RCC_ClockConfig) for HAL_RCC_ClockConfig
    main.o(.ARM.exidx.text.SystemClock_Config) refers to main.o(.text.SystemClock_Config) for [Anonymous Symbol]
    main.o(.ARM.exidx.text.Error_Handler) refers to main.o(.text.Error_Handler) for [Anonymous Symbol]
    stm32l5xx_it.o(.ARM.exidx.text.NMI_Handler) refers to stm32l5xx_it.o(.text.NMI_Handler) for [Anonymous Symbol]
    stm32l5xx_it.o(.ARM.exidx.text.HardFault_Handler) refers to stm32l5xx_it.o(.text.HardFault_Handler) for [Anonymous Symbol]
    stm32l5xx_it.o(.ARM.exidx.text.MemManage_Handler) refers to stm32l5xx_it.o(.text.MemManage_Handler) for [Anonymous Symbol]
    stm32l5xx_it.o(.ARM.exidx.text.BusFault_Handler) refers to stm32l5xx_it.o(.text.BusFault_Handler) for [Anonymous Symbol]
    stm32l5xx_it.o(.ARM.exidx.text.UsageFault_Handler) refers to stm32l5xx_it.o(.text.UsageFault_Handler) for [Anonymous Symbol]
    stm32l5xx_it.o(.ARM.exidx.text.SVC_Handler) refers to stm32l5xx_it.o(.text.SVC_Handler) for [Anonymous Symbol]
    stm32l5xx_it.o(.ARM.exidx.text.DebugMon_Handler) refers to stm32l5xx_it.o(.text.DebugMon_Handler) for [Anonymous Symbol]
    stm32l5xx_it.o(.ARM.exidx.text.PendSV_Handler) refers to stm32l5xx_it.o(.text.PendSV_Handler) for [Anonymous Symbol]
    stm32l5xx_it.o(.text.SysTick_Handler) refers to stm32l5xx_hal.o(.text.HAL_IncTick) for HAL_IncTick
    stm32l5xx_it.o(.ARM.exidx.text.SysTick_Handler) refers to stm32l5xx_it.o(.text.SysTick_Handler) for [Anonymous Symbol]
    stm32l5xx_hal_msp.o(.text.HAL_MspInit) refers to stm32l5xx_hal_pwr_ex.o(.text.HAL_PWREx_DisableUCPDDeadBattery) for HAL_PWREx_DisableUCPDDeadBattery
    stm32l5xx_hal_msp.o(.ARM.exidx.text.HAL_MspInit) refers to stm32l5xx_hal_msp.o(.text.HAL_MspInit) for [Anonymous Symbol]
    stm32l5xx_hal_pwr.o(.ARM.exidx.text.HAL_PWR_DeInit) refers to stm32l5xx_hal_pwr.o(.text.HAL_PWR_DeInit) for [Anonymous Symbol]
    stm32l5xx_hal_pwr.o(.ARM.exidx.text.HAL_PWR_EnableBkUpAccess) refers to stm32l5xx_hal_pwr.o(.text.HAL_PWR_EnableBkUpAccess) for [Anonymous Symbol]
[...]
    Removing stm32l5xx_hal_rcc.o(.ARM.exidx.text.HAL_RCC_ConfigAttributes), (8 bytes).
    Removing stm32l5xx_hal_rcc.o(.text.HAL_RCC_GetConfigAttributes), (74 bytes).
    Removing stm32l5xx_hal_rcc.o(.ARM.exidx.text.HAL_RCC_GetConfigAttributes), (8 bytes).
    Removing stm32l5xx_hal_rcc_ex.o(.text), (0 bytes).
    Removing stm32l5xx_hal_rcc_ex.o(.text.HAL_RCCEx_PeriphCLKConfig), (2018 bytes).
    Removing stm32l5xx_hal_rcc_ex.o(.ARM.exidx.text.HAL_RCCEx_PeriphCLKConfig), (8 bytes).
    Removing stm32l5xx_hal_rcc_ex.o(.text.RCCEx_PLLSAI1_Config), (594 bytes).
    Removing stm32l5xx_hal_rcc_ex.o(.ARM.exidx.text.RCCEx_PLLSAI1_Config), (8 bytes).
    Removing stm32l5xx_hal_rcc_ex.o(.text.RCCEx_PLLSAI2_Config), (440 bytes).
    Removing stm32l5xx_hal_rcc_ex.o(.ARM.exidx.text.RCCEx_PLLSAI2_Config), (8 bytes).
    Removing stm32l5xx_hal_rcc_ex.o(.text.HAL_RCCEx_GetPeriphCLKConfig), (488 bytes).
    Removing stm32l5xx_hal_rcc_ex.o(.ARM.exidx.text.HAL_RCCEx_GetPeriphCLKConfig), (8 bytes).
    Removing stm32l5xx_hal_rcc_ex.o(.text.HAL_RCCEx_GetPeriphCLKFreq), (3928 bytes).
    Removing stm32l5xx_hal_rcc_ex.o(.ARM.exidx.text.HAL_RCCEx_GetPeriphCLKFreq), (8 bytes).
    Removing stm32l5xx_hal_rcc_ex.o(.text.RCCEx_GetSAIxPeriphCLKFreq), (594 bytes).
    Removing stm32l5xx_hal_rcc_ex.o(.ARM.exidx.text.RCCEx_GetSAIxPeriphCLKFreq), (8 bytes).
    Removing stm32l5xx_hal_rcc_ex.o(.text.RCCEx_PLLSAI1_GetVCOFreq), (224 bytes).
    Removing stm32l5xx_hal_rcc_ex.o(.ARM.exidx.text.RCCEx_PLLSAI1_GetVCOFreq), (8 bytes).
    Removing stm32l5xx_hal_rcc_ex.o(.text.HAL_RCCEx_EnablePLLSAI1), (344 bytes).
    Removing stm32l5xx_hal_rcc_ex.o(.ARM.exidx.text.HAL_RCCEx_EnablePLLSAI1), (8 bytes).
    Removing stm32l5xx_hal_rcc_ex.o(.text.RCCEx_PLLSource_Enable), (374 bytes).
    Removing stm32l5xx_hal_rcc_ex.o(.ARM.exidx.text.RCCEx_PLLSource_Enable), (8 bytes).
    Removing stm32l5xx_hal_rcc_ex.o(.text.HAL_RCCEx_DisablePLLSAI1), (126 bytes).
    Removing stm32l5xx_hal_rcc_ex.o(.ARM.exidx.text.HAL_RCCEx_DisablePLLSAI1), (8 bytes).
    Removing stm32l5xx_hal_rcc_ex.o(.text.HAL_RCCEx_EnablePLLSAI2), (294 bytes).
    Removing stm32l5xx_hal_rcc_ex.o(.ARM.exidx.text.HAL_RCCEx_EnablePLLSAI2), (8 bytes).
    Removing stm32l5xx_hal_rcc_ex.o(.text.HAL_RCCEx_DisablePLLSAI2), (126 bytes).
    Removing stm32l5xx_hal_rcc_ex.o(.ARM.exidx.text.HAL_RCCEx_DisablePLLSAI2), (8 bytes).
    Removing stm32l5xx_hal_rcc_ex.o(.text.HAL_RCCEx_WakeUpStopCLKConfig), (28 bytes).
    Removing stm32l5xx_hal_rcc_ex.o(.ARM.exidx.text.HAL_RCCEx_WakeUpStopCLKConfig), (8 bytes).
    Removing stm32l5xx_hal_rcc_ex.o(.text.HAL_RCCEx_StandbyMSIRangeConfig), (30 bytes).
    Removing stm32l5xx_hal_rcc_ex.o(.ARM.exidx.text.HAL_RCCEx_StandbyMSIRangeConfig), (8 bytes).
    Removing stm32l5xx_hal_rcc_ex.o(.text.HAL_RCCEx_EnableLSECSS), (18 bytes).
    Removing stm32l5xx_hal_rcc_ex.o(.ARM.exidx.text.HAL_RCCEx_EnableLSECSS), (8 bytes).
    Removing stm32l5xx_hal_rcc_ex.o(.text.HAL_RCCEx_DisableLSECSS), (18 bytes).
    Removing stm32l5xx_hal_rcc_ex.o(.ARM.exidx.text.HAL_RCCEx_DisableLSECSS), (8 bytes).
    Removing stm32l5xx_hal_rcc_ex.o(.text.HAL_RCCEx_LSECSS_IRQHandler), (28 bytes).
    Removing stm32l5xx_hal_rcc_ex.o(.ARM.exidx.text.HAL_RCCEx_LSECSS_IRQHandler), (8 bytes).
    Removing stm32l5xx_hal_rcc_ex.o(.text.HAL_RCCEx_LSECSS_Callback), (2 bytes).
    Removing stm32l5xx_hal_rcc_ex.o(.ARM.exidx.text.HAL_RCCEx_LSECSS_Callback), (8 bytes).
    Removing stm32l5xx_hal_rcc_ex.o(.text.HAL_RCCEx_EnableLSCO), (232 bytes).
    Removing stm32l5xx_hal_rcc_ex.o(.ARM.exidx.text.HAL_RCCEx_EnableLSCO), (8 bytes).
    Removing stm32l5xx_hal_rcc_ex.o(.text.HAL_RCCEx_DisableLSCO), (164 bytes).
    Removing stm32l5xx_hal_rcc_ex.o(.ARM.exidx.text.HAL_RCCEx_DisableLSCO), (8 bytes).
    Removing stm32l5xx_hal_rcc_ex.o(.text.HAL_RCCEx_EnableMSIPLLMode), (18 bytes).
    Removing stm32l5xx_hal_rcc_ex.o(.ARM.exidx.text.HAL_RCCEx_EnableMSIPLLMode), (8 bytes).
    Removing stm32l5xx_hal_rcc_ex.o(.text.HAL_RCCEx_DisableMSIPLLMode), (18 bytes).
    Removing stm32l5xx_hal_rcc_ex.o(.ARM.exidx.text.HAL_RCCEx_DisableMSIPLLMode), (8 bytes).
    Removing stm32l5xx_hal_rcc_ex.o(.text.HAL_RCCEx_CRSConfig), (112 bytes).
    Removing stm32l5xx_hal_rcc_ex.o(.ARM.exidx.text.HAL_RCCEx_CRSConfig), (8 bytes).
    Removing stm32l5xx_hal_rcc_ex.o(.text.HAL_RCCEx_CRSSoftwareSynchronizationGenerate), (18 bytes).
    Removing stm32l5xx_hal_rcc_ex.o(.ARM.exidx.text.HAL_RCCEx_CRSSoftwareSynchronizationGenerate), (8 bytes).
    Removing stm32l5xx_hal_rcc_ex.o(.text.HAL_RCCEx_CRSGetSynchronizationInfo), (68 bytes).
    Removing stm32l5xx_hal_rcc_ex.o(.ARM.exidx.text.HAL_RCCEx_CRSGetSynchronizationInfo), (8 bytes).
    Removing stm32l5xx_hal_rcc_ex.o(.text.HAL_RCCEx_CRSWaitSynchronization), (372 bytes).
    Removing stm32l5xx_hal_rcc_ex.o(.ARM.exidx.text.HAL_RCCEx_CRSWaitSynchronization), (8 bytes).
    Removing stm32l5xx_hal_rcc_ex.o(.text.HAL_RCCEx_CRS_IRQHandler), (272 bytes).
    Removing stm32l5xx_hal_rcc_ex.o(.ARM.exidx.text.HAL_RCCEx_CRS_IRQHandler), (8 bytes).
    Removing stm32l5xx_hal_rcc_ex.o(.text.HAL_RCCEx_CRS_SyncOkCallback), (2 bytes).
    Removing stm32l5xx_hal_rcc_ex.o(.ARM.exidx.text.HAL_RCCEx_CRS_SyncOkCallback), (8 bytes).
    Removing stm32l5xx_hal_rcc_ex.o(.text.HAL_RCCEx_CRS_SyncWarnCallback), (2 bytes).
    Removing stm32l5xx_hal_rcc_ex.o(.ARM.exidx.text.HAL_RCCEx_CRS_SyncWarnCallback), (8 bytes).
    Removing stm32l5xx_hal_rcc_ex.o(.text.HAL_RCCEx_CRS_ExpectedSyncCallback), (2 bytes).
    Removing stm32l5xx_hal_rcc_ex.o(.ARM.exidx.text.HAL_RCCEx_CRS_ExpectedSyncCallback), (8 bytes).
    Removing stm32l5xx_hal_rcc_ex.o(.text.HAL_RCCEx_CRS_ErrorCallback), (8 bytes).
    Removing stm32l5xx_hal_rcc_ex.o(.ARM.exidx.text.HAL_RCCEx_CRS_ErrorCallback), (8 bytes).
    Removing stm32l5xx_hal_rcc_ex.o(.text.RCCEx_PLLSAI2_GetVCOFreq), (224 bytes).
    Removing stm32l5xx_hal_rcc_ex.o(.ARM.exidx.text.RCCEx_PLLSAI2_GetVCOFreq), (8 bytes).
    Removing stm32l5xx_hal_flash.o(.text), (0 bytes).
    Removing stm32l5xx_hal_flash.o(.text.HAL_FLASH_Program), (190 bytes).
    Removing stm32l5xx_hal_flash.o(.ARM.exidx.text.HAL_FLASH_Program), (8 bytes).
    Removing stm32l5xx_hal_flash.o(.text.FLASH_WaitForLastOperation), (160 bytes).
    Removing stm32l5xx_hal_flash.o(.ARM.exidx.text.FLASH_WaitForLastOperation), (8 bytes).
    Removing stm32l5xx_hal_flash.o(.text.FLASH_Program_DoubleWord), (76 bytes).
    Removing stm32l5xx_hal_flash.o(.ARM.exidx.text.FLASH_Program_DoubleWord), (8 bytes).
    Removing stm32l5xx_hal_flash.o(.text.HAL_FLASH_Program_IT), (170 bytes).
    Removing stm32l5xx_hal_flash.o(.ARM.exidx.text.HAL_FLASH_Program_IT), (8 bytes).
    Removing stm32l5xx_hal_flash.o(.text.HAL_FLASH_IRQHandler), (340 bytes).
    Removing stm32l5xx_hal_flash.o(.ARM.exidx.text.HAL_FLASH_IRQHandler), (8 bytes).
    Removing stm32l5xx_hal_flash.o(.text.HAL_FLASH_OperationErrorCallback), (8 bytes).
    Removing stm32l5xx_hal_flash.o(.ARM.exidx.text.HAL_FLASH_OperationErrorCallback), (8 bytes).
    Removing stm32l5xx_hal_flash.o(.text.HAL_FLASH_EndOfOperationCallback), (8 bytes).
    Removing stm32l5xx_hal_flash.o(.ARM.exidx.text.HAL_FLASH_EndOfOperationCallback), (8 bytes).
    Removing stm32l5xx_hal_flash.o(.text.HAL_FLASH_Unlock), (86 bytes).
    Removing stm32l5xx_hal_flash.o(.ARM.exidx.text.HAL_FLASH_Unlock), (8 bytes).
    Removing stm32l5xx_hal_flash.o(.text.HAL_FLASH_Lock), (48 bytes).
    Removing stm32l5xx_hal_flash.o(.ARM.exidx.text.HAL_FLASH_Lock), (8 bytes).
    Removing stm32l5xx_hal_flash.o(.text.HAL_FLASH_OB_Unlock), (92 bytes).
    Removing stm32l5xx_hal_flash.o(.ARM.exidx.text.HAL_FLASH_OB_Unlock), (8 bytes).
    Removing stm32l5xx_hal_flash.o(.text.HAL_FLASH_OB_Lock), (52 bytes).
    Removing stm32l5xx_hal_flash.o(.ARM.exidx.text.HAL_FLASH_OB_Lock), (8 bytes).
    Removing stm32l5xx_hal_flash.o(.text.HAL_FLASH_OB_Launch), (20 bytes).
    Removing stm32l5xx_hal_flash.o(.ARM.exidx.text.HAL_FLASH_OB_Launch), (8 bytes).
    Removing stm32l5xx_hal_flash.o(.text.HAL_FLASH_GetError), (12 bytes).
    Removing stm32l5xx_hal_flash.o(.ARM.exidx.text.HAL_FLASH_GetError), (8 bytes).
    Removing stm32l5xx_hal_flash.o(.data.pFlash), (28 bytes).
    Removing stm32l5xx_hal_flash_ex.o(.text), (0 bytes).
    Removing stm32l5xx_hal_flash_ex.o(.text.HAL_FLASHEx_Erase), (290 bytes).
    Removing stm32l5xx_hal_flash_ex.o(.ARM.exidx.text.HAL_FLASHEx_Erase), (8 bytes).
    Removing stm32l5xx_hal_flash_ex.o(.text.FLASH_MassErase), (108 bytes).
    Removing stm32l5xx_hal_flash_ex.o(.ARM.exidx.text.FLASH_MassErase), (8 bytes).
    Removing stm32l5xx_hal_flash_ex.o(.text.FLASH_PageErase), (118 bytes).
    Removing stm32l5xx_hal_flash_ex.o(.ARM.exidx.text.FLASH_PageErase), (8 bytes).
    Removing stm32l5xx_hal_flash_ex.o(.text.HAL_FLASHEx_Erase_IT), (216 bytes).
    Removing stm32l5xx_hal_flash_ex.o(.ARM.exidx.text.HAL_FLASHEx_Erase_IT), (8 bytes).
    Removing stm32l5xx_hal_flash_ex.o(.text.HAL_FLASHEx_OBProgram), (240 bytes).
    Removing stm32l5xx_hal_flash_ex.o(.ARM.exidx.text.HAL_FLASHEx_OBProgram), (8 bytes).
    Removing stm32l5xx_hal_flash_ex.o(.text.FLASH_OB_WRPConfig), (164 bytes).
    Removing stm32l5xx_hal_flash_ex.o(.ARM.exidx.text.FLASH_OB_WRPConfig), (8 bytes).
    Removing stm32l5xx_hal_flash_ex.o(.text.FLASH_OB_RDPConfig), (28 bytes).
    Removing stm32l5xx_hal_flash_ex.o(.ARM.exidx.text.FLASH_OB_RDPConfig), (8 bytes).
    Removing stm32l5xx_hal_flash_ex.o(.text.FLASH_OB_UserConfig), (574 bytes).
    Removing stm32l5xx_hal_flash_ex.o(.ARM.exidx.text.FLASH_OB_UserConfig), (8 bytes).
    Removing stm32l5xx_hal_flash_ex.o(.text.FLASH_OB_BootAddrConfig), (74 bytes).
    Removing stm32l5xx_hal_flash_ex.o(.ARM.exidx.text.FLASH_OB_BootAddrConfig), (8 bytes).
    Removing stm32l5xx_hal_flash_ex.o(.text.HAL_FLASHEx_OBGetConfig), (140 bytes).
    Removing stm32l5xx_hal_flash_ex.o(.ARM.exidx.text.HAL_FLASHEx_OBGetConfig), (8 bytes).
    Removing stm32l5xx_hal_flash_ex.o(.text.FLASH_OB_GetWRP), (172 bytes).
    Removing stm32l5xx_hal_flash_ex.o(.ARM.exidx.text.FLASH_OB_GetWRP), (8 bytes).
    Removing stm32l5xx_hal_flash_ex.o(.text.FLASH_OB_GetRDP), (58 bytes).
    Removing stm32l5xx_hal_flash_ex.o(.ARM.exidx.text.FLASH_OB_GetRDP), (8 bytes).
    Removing stm32l5xx_hal_flash_ex.o(.text.FLASH_OB_GetUser), (28 bytes).
    Removing stm32l5xx_hal_flash_ex.o(.ARM.exidx.text.FLASH_OB_GetUser), (8 bytes).
    Removing stm32l5xx_hal_flash_ex.o(.text.FLASH_OB_GetBootAddr), (70 bytes).
    Removing stm32l5xx_hal_flash_ex.o(.ARM.exidx.text.FLASH_OB_GetBootAddr), (8 bytes).
    Removing stm32l5xx_hal_flash_ex.o(.text.HAL_FLASHEx_ConfigPrivMode), (28 bytes).
    Removing stm32l5xx_hal_flash_ex.o(.ARM.exidx.text.HAL_FLASHEx_ConfigPrivMode), (8 bytes).
    Removing stm32l5xx_hal_flash_ex.o(.text.HAL_FLASHEx_GetPrivMode), (16 bytes).
    Removing stm32l5xx_hal_flash_ex.o(.ARM.exidx.text.HAL_FLASHEx_GetPrivMode), (8 bytes).
    Removing stm32l5xx_hal_flash_ex.o(.text.HAL_FLASHEx_ConfigLVEPin), (196 bytes).
    Removing stm32l5xx_hal_flash_ex.o(.ARM.exidx.text.HAL_FLASHEx_ConfigLVEPin), (8 bytes).
    Removing stm32l5xx_hal_flash_ex.o(.text.HAL_FLASHEx_GetLVEPin), (16 bytes).
    Removing stm32l5xx_hal_flash_ex.o(.ARM.exidx.text.HAL_FLASHEx_GetLVEPin), (8 bytes).
    Removing stm32l5xx_hal_flash_ramfunc.o(.text), (0 bytes).
    Removing stm32l5xx_hal_flash_ramfunc.o(.text.HAL_FLASHEx_EnableRunPowerDown), (52 bytes).
    Removing stm32l5xx_hal_flash_ramfunc.o(.ARM.exidx.text.HAL_FLASHEx_EnableRunPowerDown), (8 bytes).
    Removing stm32l5xx_hal_flash_ramfunc.o(.text.HAL_FLASHEx_DisableRunPowerDown), (52 bytes).
    Removing stm32l5xx_hal_flash_ramfunc.o(.ARM.exidx.text.HAL_FLASHEx_DisableRunPowerDown), (8 bytes).
    Removing stm32l5xx_hal_flash_ramfunc.o(.text.HAL_FLASHEx_OB_DBankConfig), (494 bytes).
    Removing stm32l5xx_hal_flash_ramfunc.o(.ARM.exidx.text.HAL_FLASHEx_OB_DBankConfig), (8 bytes).
    Removing stm32l5xx_hal_gpio.o(.text), (0 bytes).
    Removing stm32l5xx_hal_gpio.o(.text.HAL_GPIO_Init), (878 bytes).
    Removing stm32l5xx_hal_gpio.o(.ARM.exidx.text.HAL_GPIO_Init), (8 bytes).
    Removing stm32l5xx_hal_gpio.o(.text.HAL_GPIO_DeInit), (508 bytes).
    Removing stm32l5xx_hal_gpio.o(.ARM.exidx.text.HAL_GPIO_DeInit), (8 bytes).
    Removing stm32l5xx_hal_gpio.o(.text.HAL_GPIO_ReadPin), (46 bytes).
    Removing stm32l5xx_hal_gpio.o(.ARM.exidx.text.HAL_GPIO_ReadPin), (8 bytes).
    Removing stm32l5xx_hal_gpio.o(.text.HAL_GPIO_WritePin), (44 bytes).
    Removing stm32l5xx_hal_gpio.o(.ARM.exidx.text.HAL_GPIO_WritePin), (8 bytes).
    Removing stm32l5xx_hal_gpio.o(.text.HAL_GPIO_TogglePin), (38 bytes).
    Removing stm32l5xx_hal_gpio.o(.ARM.exidx.text.HAL_GPIO_TogglePin), (8 bytes).
    Removing stm32l5xx_hal_gpio.o(.text.HAL_GPIO_LockPin), (86 bytes).
    Removing stm32l5xx_hal_gpio.o(.ARM.exidx.text.HAL_GPIO_LockPin), (8 bytes).
    Removing stm32l5xx_hal_gpio.o(.text.HAL_GPIO_EXTI_IRQHandler), (100 bytes).
    Removing stm32l5xx_hal_gpio.o(.ARM.exidx.text.HAL_GPIO_EXTI_IRQHandler), (8 bytes).
    Removing stm32l5xx_hal_gpio.o(.text.HAL_GPIO_EXTI_Rising_Callback), (10 bytes).
    Removing stm32l5xx_hal_gpio.o(.ARM.exidx.text.HAL_GPIO_EXTI_Rising_Callback), (8 bytes).
    Removing stm32l5xx_hal_gpio.o(.text.HAL_GPIO_EXTI_Falling_Callback), (10 bytes).
    Removing stm32l5xx_hal_gpio.o(.ARM.exidx.text.HAL_GPIO_EXTI_Falling_Callback), (8 bytes).
    Removing stm32l5xx_hal_dma.o(.text), (0 bytes).
    Removing stm32l5xx_hal_dma.o(.text.HAL_DMA_Init), (340 bytes).
    Removing stm32l5xx_hal_dma.o(.ARM.exidx.text.HAL_DMA_Init), (8 bytes).
    Removing stm32l5xx_hal_dma.o(.text.DMA_CalcDMAMUXChannelBaseAndMask), (118 bytes).
    Removing stm32l5xx_hal_dma.o(.ARM.exidx.text.DMA_CalcDMAMUXChannelBaseAndMask), (8 bytes).
    Removing stm32l5xx_hal_dma.o(.text.DMA_CalcDMAMUXRequestGenBaseAndMask), (60 bytes).
    Removing stm32l5xx_hal_dma.o(.ARM.exidx.text.DMA_CalcDMAMUXRequestGenBaseAndMask), (8 bytes).
    Removing stm32l5xx_hal_dma.o(.text.HAL_DMA_DeInit), (316 bytes).
    Removing stm32l5xx_hal_dma.o(.ARM.exidx.text.HAL_DMA_DeInit), (8 bytes).
    Removing stm32l5xx_hal_dma.o(.text.HAL_DMA_Start), (154 bytes).
    Removing stm32l5xx_hal_dma.o(.ARM.exidx.text.HAL_DMA_Start), (8 bytes).
    Removing stm32l5xx_hal_dma.o(.text.DMA_SetConfig), (110 bytes).
    Removing stm32l5xx_hal_dma.o(.ARM.exidx.text.DMA_SetConfig), (8 bytes).
    Removing stm32l5xx_hal_dma.o(.text.HAL_DMA_Start_IT), (252 bytes).
    Removing stm32l5xx_hal_dma.o(.ARM.exidx.text.HAL_DMA_Start_IT), (8 bytes).
    Removing stm32l5xx_hal_dma.o(.text.HAL_DMA_Abort), (176 bytes).
    Removing stm32l5xx_hal_dma.o(.ARM.exidx.text.HAL_DMA_Abort), (8 bytes).
    Removing stm32l5xx_hal_dma.o(.text.HAL_DMA_Abort_IT), (174 bytes).
    Removing stm32l5xx_hal_dma.o(.ARM.exidx.text.HAL_DMA_Abort_IT), (8 bytes).
    Removing stm32l5xx_hal_dma.o(.text.HAL_DMA_PollForTransfer), (456 bytes).
    Removing stm32l5xx_hal_dma.o(.ARM.exidx.text.HAL_DMA_PollForTransfer), (8 bytes).
    Removing stm32l5xx_hal_dma.o(.text.HAL_DMA_IRQHandler), (494 bytes).
    Removing stm32l5xx_hal_dma.o(.ARM.exidx.text.HAL_DMA_IRQHandler), (8 bytes).
    Removing stm32l5xx_hal_dma.o(.text.HAL_DMA_RegisterCallback), (182 bytes).
    Removing stm32l5xx_hal_dma.o(.ARM.exidx.text.HAL_DMA_RegisterCallback), (8 bytes).
    Removing stm32l5xx_hal_dma.o(.text.HAL_DMA_UnRegisterCallback), (210 bytes).
    Removing stm32l5xx_hal_dma.o(.ARM.exidx.text.HAL_DMA_UnRegisterCallback), (8 bytes).
    Removing stm32l5xx_hal_dma.o(.text.HAL_DMA_GetState), (14 bytes).
    Removing stm32l5xx_hal_dma.o(.ARM.exidx.text.HAL_DMA_GetState), (8 bytes).
    Removing stm32l5xx_hal_dma.o(.text.HAL_DMA_GetError), (12 bytes).
    Removing stm32l5xx_hal_dma.o(.ARM.exidx.text.HAL_DMA_GetError), (8 bytes).
    Removing stm32l5xx_hal_dma.o(.text.HAL_DMA_ConfigChannelAttributes), (114 bytes).
    Removing stm32l5xx_hal_dma.o(.ARM.exidx.text.HAL_DMA_ConfigChannelAttributes), (8 bytes).
    Removing stm32l5xx_hal_dma.o(.text.HAL_DMA_GetConfigChannelAttributes), (76 bytes).
    Removing stm32l5xx_hal_dma.o(.ARM.exidx.text.HAL_DMA_GetConfigChannelAttributes), (8 bytes).
    Removing stm32l5xx_hal_dma_ex.o(.text), (0 bytes).
    Removing stm32l5xx_hal_dma_ex.o(.text.HAL_DMAEx_MultiBufferStart), (240 bytes).
    Removing stm32l5xx_hal_dma_ex.o(.ARM.exidx.text.HAL_DMAEx_MultiBufferStart), (8 bytes).
    Removing stm32l5xx_hal_dma_ex.o(.text.DMA_MultiBufferSetConfig), (68 bytes).
    Removing stm32l5xx_hal_dma_ex.o(.ARM.exidx.text.DMA_MultiBufferSetConfig), (8 bytes).
    Removing stm32l5xx_hal_dma_ex.o(.text.HAL_DMAEx_MultiBufferStart_IT), (348 bytes).
    Removing stm32l5xx_hal_dma_ex.o(.ARM.exidx.text.HAL_DMAEx_MultiBufferStart_IT), (8 bytes).
    Removing stm32l5xx_hal_dma_ex.o(.text.HAL_DMAEx_ChangeMemory), (44 bytes).
    Removing stm32l5xx_hal_dma_ex.o(.ARM.exidx.text.HAL_DMAEx_ChangeMemory), (8 bytes).
    Removing stm32l5xx_hal_dma_ex.o(.text.HAL_DMAEx_ConfigMuxSync), (142 bytes).
    Removing stm32l5xx_hal_dma_ex.o(.ARM.exidx.text.HAL_DMAEx_ConfigMuxSync), (8 bytes).
    Removing stm32l5xx_hal_dma_ex.o(.text.HAL_DMAEx_ConfigMuxRequestGenerator), (124 bytes).
    Removing stm32l5xx_hal_dma_ex.o(.ARM.exidx.text.HAL_DMAEx_ConfigMuxRequestGenerator), (8 bytes).
    Removing stm32l5xx_hal_dma_ex.o(.text.HAL_DMAEx_EnableMuxRequestGenerator), (58 bytes).
    Removing stm32l5xx_hal_dma_ex.o(.ARM.exidx.text.HAL_DMAEx_EnableMuxRequestGenerator), (8 bytes).
    Removing stm32l5xx_hal_dma_ex.o(.text.HAL_DMAEx_DisableMuxRequestGenerator), (58 bytes).
    Removing stm32l5xx_hal_dma_ex.o(.ARM.exidx.text.HAL_DMAEx_DisableMuxRequestGenerator), (8 bytes).
    Removing stm32l5xx_hal_dma_ex.o(.text.HAL_DMAEx_MUX_IRQHandler), (148 bytes).
    Removing stm32l5xx_hal_dma_ex.o(.ARM.exidx.text.HAL_DMAEx_MUX_IRQHandler), (8 bytes).
    Removing stm32l5xx_hal_exti.o(.text), (0 bytes).
    Removing stm32l5xx_hal_exti.o(.text.HAL_EXTI_SetConfigLine), (416 bytes).
    Removing stm32l5xx_hal_exti.o(.ARM.exidx.text.HAL_EXTI_SetConfigLine), (8 bytes).
    Removing stm32l5xx_hal_exti.o(.text.HAL_EXTI_GetConfigLine), (334 bytes).
    Removing stm32l5xx_hal_exti.o(.ARM.exidx.text.HAL_EXTI_GetConfigLine), (8 bytes).
    Removing stm32l5xx_hal_exti.o(.text.HAL_EXTI_ClearConfigLine), (270 bytes).
    Removing stm32l5xx_hal_exti.o(.ARM.exidx.text.HAL_EXTI_ClearConfigLine), (8 bytes).
    Removing stm32l5xx_hal_exti.o(.text.HAL_EXTI_RegisterCallback), (90 bytes).
    Removing stm32l5xx_hal_exti.o(.ARM.exidx.text.HAL_EXTI_RegisterCallback), (8 bytes).
    Removing stm32l5xx_hal_exti.o(.text.HAL_EXTI_GetHandle), (42 bytes).
    Removing stm32l5xx_hal_exti.o(.ARM.exidx.text.HAL_EXTI_GetHandle), (8 bytes).
    Removing stm32l5xx_hal_exti.o(.text.HAL_EXTI_IRQHandler), (146 bytes).
    Removing stm32l5xx_hal_exti.o(.ARM.exidx.text.HAL_EXTI_IRQHandler), (8 bytes).
    Removing stm32l5xx_hal_exti.o(.text.HAL_EXTI_GetPending), (98 bytes).
    Removing stm32l5xx_hal_exti.o(.ARM.exidx.text.HAL_EXTI_GetPending), (8 bytes).
    Removing stm32l5xx_hal_exti.o(.text.HAL_EXTI_ClearPending), (84 bytes).
    Removing stm32l5xx_hal_exti.o(.ARM.exidx.text.HAL_EXTI_ClearPending), (8 bytes).
    Removing stm32l5xx_hal_exti.o(.text.HAL_EXTI_GenerateSWI), (54 bytes).
    Removing stm32l5xx_hal_exti.o(.ARM.exidx.text.HAL_EXTI_GenerateSWI), (8 bytes).
    Removing stm32l5xx_hal_exti.o(.text.HAL_EXTI_ConfigLineAttributes), (112 bytes).
    Removing stm32l5xx_hal_exti.o(.ARM.exidx.text.HAL_EXTI_ConfigLineAttributes), (8 bytes).
    Removing stm32l5xx_hal_exti.o(.text.HAL_EXTI_GetConfigLineAttributes), (110 bytes).
    Removing stm32l5xx_hal_exti.o(.ARM.exidx.text.HAL_EXTI_GetConfigLineAttributes), (8 bytes).
    Removing stm32l5xx_hal_cortex.o(.text), (0 bytes).
    Removing stm32l5xx_hal_cortex.o(.ARM.exidx.text.HAL_NVIC_SetPriorityGrouping), (8 bytes).
    Removing stm32l5xx_hal_cortex.o(.ARM.exidx.text.__NVIC_SetPriorityGrouping), (8 bytes).
    Removing stm32l5xx_hal_cortex.o(.ARM.exidx.text.HAL_NVIC_SetPriority), (8 bytes).
    Removing stm32l5xx_hal_cortex.o(.ARM.exidx.text.__NVIC_GetPriorityGrouping), (8 bytes).
    Removing stm32l5xx_hal_cortex.o(.ARM.exidx.text.__NVIC_SetPriority), (8 bytes).
    Removing stm32l5xx_hal_cortex.o(.ARM.exidx.text.NVIC_EncodePriority), (8 bytes).
    Removing stm32l5xx_hal_cortex.o(.text.HAL_NVIC_EnableIRQ), (20 bytes).
    Removing stm32l5xx_hal_cortex.o(.ARM.exidx.text.HAL_NVIC_EnableIRQ), (8 bytes).
    Removing stm32l5xx_hal_cortex.o(.text.__NVIC_EnableIRQ), (48 bytes).
    Removing stm32l5xx_hal_cortex.o(.ARM.exidx.text.__NVIC_EnableIRQ), (8 bytes).
    Removing stm32l5xx_hal_cortex.o(.text.HAL_NVIC_DisableIRQ), (20 bytes).
    Removing stm32l5xx_hal_cortex.o(.ARM.exidx.text.HAL_NVIC_DisableIRQ), (8 bytes).
    Removing stm32l5xx_hal_cortex.o(.text.__NVIC_DisableIRQ), (56 bytes).
    Removing stm32l5xx_hal_cortex.o(.ARM.exidx.text.__NVIC_DisableIRQ), (8 bytes).
    Removing stm32l5xx_hal_cortex.o(.text.HAL_NVIC_SystemReset), (4 bytes).
    Removing stm32l5xx_hal_cortex.o(.ARM.exidx.text.HAL_NVIC_SystemReset), (8 bytes).
    Removing stm32l5xx_hal_cortex.o(.text.__NVIC_SystemReset), (38 bytes).
    Removing stm32l5xx_hal_cortex.o(.ARM.exidx.text.__NVIC_SystemReset), (8 bytes).
    Removing stm32l5xx_hal_cortex.o(.ARM.exidx.text.HAL_SYSTICK_Config), (8 bytes).
    Removing stm32l5xx_hal_cortex.o(.ARM.exidx.text.SysTick_Config), (8 bytes).
    Removing stm32l5xx_hal_cortex.o(.text.HAL_NVIC_GetPriorityGrouping), (8 bytes).
    Removing stm32l5xx_hal_cortex.o(.ARM.exidx.text.HAL_NVIC_GetPriorityGrouping), (8 bytes).
    Removing stm32l5xx_hal_cortex.o(.text.HAL_NVIC_GetPriority), (36 bytes).
    Removing stm32l5xx_hal_cortex.o(.ARM.exidx.text.HAL_NVIC_GetPriority), (8 bytes).
    Removing stm32l5xx_hal_cortex.o(.text.NVIC_DecodePriority), (118 bytes).
    Removing stm32l5xx_hal_cortex.o(.ARM.exidx.text.NVIC_DecodePriority), (8 bytes).
    Removing stm32l5xx_hal_cortex.o(.text.__NVIC_GetPriority), (66 bytes).
    Removing stm32l5xx_hal_cortex.o(.ARM.exidx.text.__NVIC_GetPriority), (8 bytes).
    Removing stm32l5xx_hal_cortex.o(.text.HAL_NVIC_SetPendingIRQ), (20 bytes).
    Removing stm32l5xx_hal_cortex.o(.ARM.exidx.text.HAL_NVIC_SetPendingIRQ), (8 bytes).
    Removing stm32l5xx_hal_cortex.o(.text.__NVIC_SetPendingIRQ), (48 bytes).
    Removing stm32l5xx_hal_cortex.o(.ARM.exidx.text.__NVIC_SetPendingIRQ), (8 bytes).
    Removing stm32l5xx_hal_cortex.o(.text.HAL_NVIC_GetPendingIRQ), (20 bytes).
    Removing stm32l5xx_hal_cortex.o(.ARM.exidx.text.HAL_NVIC_GetPendingIRQ), (8 bytes).
    Removing stm32l5xx_hal_cortex.o(.text.__NVIC_GetPendingIRQ), (64 bytes).
    Removing stm32l5xx_hal_cortex.o(.ARM.exidx.text.__NVIC_GetPendingIRQ), (8 bytes).
    Removing stm32l5xx_hal_cortex.o(.text.HAL_NVIC_ClearPendingIRQ), (20 bytes).
    Removing stm32l5xx_hal_cortex.o(.ARM.exidx.text.HAL_NVIC_ClearPendingIRQ), (8 bytes).
    Removing stm32l5xx_hal_cortex.o(.text.__NVIC_ClearPendingIRQ), (48 bytes).
    Removing stm32l5xx_hal_cortex.o(.ARM.exidx.text.__NVIC_ClearPendingIRQ), (8 bytes).
    Removing stm32l5xx_hal_cortex.o(.text.HAL_NVIC_GetActive), (20 bytes).
    Removing stm32l5xx_hal_cortex.o(.ARM.exidx.text.HAL_NVIC_GetActive), (8 bytes).
    Removing stm32l5xx_hal_cortex.o(.text.__NVIC_GetActive), (64 bytes).
    Removing stm32l5xx_hal_cortex.o(.ARM.exidx.text.__NVIC_GetActive), (8 bytes).
    Removing stm32l5xx_hal_cortex.o(.text.HAL_SYSTICK_CLKSourceConfig), (52 bytes).
    Removing stm32l5xx_hal_cortex.o(.ARM.exidx.text.HAL_SYSTICK_CLKSourceConfig), (8 bytes).
    Removing stm32l5xx_hal_cortex.o(.text.HAL_SYSTICK_IRQHandler), (8 bytes).
    Removing stm32l5xx_hal_cortex.o(.ARM.exidx.text.HAL_SYSTICK_IRQHandler), (8 bytes).
    Removing stm32l5xx_hal_cortex.o(.text.HAL_SYSTICK_Callback), (2 bytes).
    Removing stm32l5xx_hal_cortex.o(.ARM.exidx.text.HAL_SYSTICK_Callback), (8 bytes).
    Removing stm32l5xx_hal_cortex.o(.text.HAL_MPU_Enable), (52 bytes).
    Removing stm32l5xx_hal_cortex.o(.ARM.exidx.text.HAL_MPU_Enable), (8 bytes).
    Removing stm32l5xx_hal_cortex.o(.text.HAL_MPU_Disable), (46 bytes).
    Removing stm32l5xx_hal_cortex.o(.ARM.exidx.text.HAL_MPU_Disable), (8 bytes).
    Removing stm32l5xx_hal_cortex.o(.text.HAL_MPU_EnableRegion), (36 bytes).
    Removing stm32l5xx_hal_cortex.o(.ARM.exidx.text.HAL_MPU_EnableRegion), (8 bytes).
    Removing stm32l5xx_hal_cortex.o(.text.HAL_MPU_DisableRegion), (36 bytes).
    Removing stm32l5xx_hal_cortex.o(.ARM.exidx.text.HAL_MPU_DisableRegion), (8 bytes).
    Removing stm32l5xx_hal_cortex.o(.text.HAL_MPU_ConfigRegion), (24 bytes).
    Removing stm32l5xx_hal_cortex.o(.ARM.exidx.text.HAL_MPU_ConfigRegion), (8 bytes).
    Removing stm32l5xx_hal_cortex.o(.text.MPU_ConfigRegion), (82 bytes).
    Removing stm32l5xx_hal_cortex.o(.ARM.exidx.text.MPU_ConfigRegion), (8 bytes).
    Removing stm32l5xx_hal_cortex.o(.text.HAL_MPU_ConfigMemoryAttributes), (24 bytes).
    Removing stm32l5xx_hal_cortex.o(.ARM.exidx.text.HAL_MPU_ConfigMemoryAttributes), (8 bytes).
    Removing stm32l5xx_hal_cortex.o(.text.MPU_ConfigMemoryAttributes), (94 bytes).
    Removing stm32l5xx_hal_cortex.o(.ARM.exidx.text.MPU_ConfigMemoryAttributes), (8 bytes).
    Removing stm32l5xx_hal_icache.o(.text), (0 bytes).
    Removing stm32l5xx_hal_icache.o(.text.HAL_ICACHE_ConfigAssociativityMode), (64 bytes).
    Removing stm32l5xx_hal_icache.o(.ARM.exidx.text.HAL_ICACHE_ConfigAssociativityMode), (8 bytes).
    Removing stm32l5xx_hal_icache.o(.text.HAL_ICACHE_DeInit), (114 bytes).
    Removing stm32l5xx_hal_icache.o(.ARM.exidx.text.HAL_ICACHE_DeInit), (8 bytes).
    Removing stm32l5xx_hal_icache.o(.text.HAL_ICACHE_Enable), (20 bytes).
    Removing stm32l5xx_hal_icache.o(.ARM.exidx.text.HAL_ICACHE_Enable), (8 bytes).
    Removing stm32l5xx_hal_icache.o(.text.HAL_ICACHE_Disable), (112 bytes).
    Removing stm32l5xx_hal_icache.o(.ARM.exidx.text.HAL_ICACHE_Disable), (8 bytes).
    Removing stm32l5xx_hal_icache.o(.text.HAL_ICACHE_IsEnabled), (16 bytes).
    Removing stm32l5xx_hal_icache.o(.ARM.exidx.text.HAL_ICACHE_IsEnabled), (8 bytes).
    Removing stm32l5xx_hal_icache.o(.text.HAL_ICACHE_Invalidate), (54 bytes).
    Removing stm32l5xx_hal_icache.o(.ARM.exidx.text.HAL_ICACHE_Invalidate), (8 bytes).
    Removing stm32l5xx_hal_icache.o(.text.HAL_ICACHE_WaitForInvalidateComplete), (118 bytes).
    Removing stm32l5xx_hal_icache.o(.ARM.exidx.text.HAL_ICACHE_WaitForInvalidateComplete), (8 bytes).
    Removing stm32l5xx_hal_icache.o(.text.HAL_ICACHE_Invalidate_IT), (86 bytes).
    Removing stm32l5xx_hal_icache.o(.ARM.exidx.text.HAL_ICACHE_Invalidate_IT), (8 bytes).
    Removing stm32l5xx_hal_icache.o(.text.HAL_ICACHE_Monitor_Start), (26 bytes).
    Removing stm32l5xx_hal_icache.o(.ARM.exidx.text.HAL_ICACHE_Monitor_Start), (8 bytes).
    Removing stm32l5xx_hal_icache.o(.text.HAL_ICACHE_Monitor_Stop), (26 bytes).
    Removing stm32l5xx_hal_icache.o(.ARM.exidx.text.HAL_ICACHE_Monitor_Stop), (8 bytes).
    Removing stm32l5xx_hal_icache.o(.text.HAL_ICACHE_Monitor_Reset), (38 bytes).
    Removing stm32l5xx_hal_icache.o(.ARM.exidx.text.HAL_ICACHE_Monitor_Reset), (8 bytes).
    Removing stm32l5xx_hal_icache.o(.text.HAL_ICACHE_Monitor_GetHitValue), (12 bytes).
    Removing stm32l5xx_hal_icache.o(.ARM.exidx.text.HAL_ICACHE_Monitor_GetHitValue), (8 bytes).
    Removing stm32l5xx_hal_icache.o(.text.HAL_ICACHE_Monitor_GetMissValue), (12 bytes).
    Removing stm32l5xx_hal_icache.o(.ARM.exidx.text.HAL_ICACHE_Monitor_GetMissValue), (8 bytes).
    Removing stm32l5xx_hal_icache.o(.text.HAL_ICACHE_IRQHandler), (128 bytes).
    Removing stm32l5xx_hal_icache.o(.ARM.exidx.text.HAL_ICACHE_IRQHandler), (8 bytes).
    Removing stm32l5xx_hal_icache.o(.text.HAL_ICACHE_ErrorCallback), (2 bytes).
    Removing stm32l5xx_hal_icache.o(.ARM.exidx.text.HAL_ICACHE_ErrorCallback), (8 bytes).
    Removing stm32l5xx_hal_icache.o(.text.HAL_ICACHE_InvalidateCompleteCallback), (2 bytes).
    Removing stm32l5xx_hal_icache.o(.ARM.exidx.text.HAL_ICACHE_InvalidateCompleteCallback), (8 bytes).
    Removing stm32l5xx_hal_icache.o(.text.HAL_ICACHE_EnableRemapRegion), (156 bytes).
    Removing stm32l5xx_hal_icache.o(.ARM.exidx.text.HAL_ICACHE_EnableRemapRegion), (8 bytes).
    Removing stm32l5xx_hal_icache.o(.text.HAL_ICACHE_DisableRemapRegion), (70 bytes).
    Removing stm32l5xx_hal_icache.o(.ARM.exidx.text.HAL_ICACHE_DisableRemapRegion), (8 bytes).
    Removing system_stm32l5xx.o(.text), (0 bytes).
    Removing system_stm32l5xx.o(.ARM.exidx.text.SystemInit), (8 bytes).
    Removing system_stm32l5xx.o(.ARM.exidx.text.SystemCoreClockUpdate), (8 bytes).
    Removing system_stm32l5xx.o(.rodata.APBPrescTable), (8 bytes).

771 unused section(s) (total 60337 bytes) removed from the image.

==============================================================================

Image Symbol Table

    Local Symbols

    Symbol Name                              Value     Ov Type        Size  Object(Section)

    ../clib/angel/boardlib.s                 0x00000000   Number         0  boardinit1.o ABSOLUTE
    ../clib/angel/boardlib.s                 0x00000000   Number         0  boardinit2.o ABSOLUTE
    ../clib/angel/boardlib.s                 0x00000000   Number         0  boardinit3.o ABSOLUTE
    ../clib/angel/boardlib.s                 0x00000000   Number         0  boardshut.o ABSOLUTE
    ../clib/angel/handlers.s                 0x00000000   Number         0  __scatter_copy.o ABSOLUTE
    ../clib/angel/handlers.s                 0x00000000   Number         0  __scatter_zi.o ABSOLUTE
    ../clib/angel/kernel.s                   0x00000000   Number         0  __rtentry.o ABSOLUTE
    ../clib/angel/kernel.s                   0x00000000   Number         0  __rtentry2.o ABSOLUTE
    ../clib/angel/kernel.s                   0x00000000   Number         0  __rtentry4.o ABSOLUTE
    ../clib/angel/kernel.s                   0x00000000   Number         0  rtexit.o ABSOLUTE
    ../clib/angel/kernel.s                   0x00000000   Number         0  rtexit2.o ABSOLUTE
    ../clib/angel/rt.s                       0x00000000   Number         0  rt_raise.o ABSOLUTE
    ../clib/angel/scatter.s                  0x00000000   Number         0  __scatter.o ABSOLUTE
    ../clib/angel/startup.s                  0x00000000   Number         0  __main.o ABSOLUTE
    ../clib/angel/sys.s                      0x00000000   Number         0  sys_stackheap_outer.o ABSOLUTE
    ../clib/angel/sys.s                      0x00000000   Number         0  libspace.o ABSOLUTE
    ../clib/angel/sys.s                      0x00000000   Number         0  use_no_semi.o ABSOLUTE
    ../clib/angel/sys.s                      0x00000000   Number         0  indicate_semi.o ABSOLUTE
    ../clib/angel/sysapp.c                   0x00000000   Number         0  sys_exit.o ABSOLUTE
    ../clib/angel/sysapp.c                   0x00000000   Number         0  sys_exit_hlt.o ABSOLUTE
    ../clib/angel/sysapp.c                   0x00000000   Number         0  sys_command.o ABSOLUTE
    ../clib/angel/sysapp.c                   0x00000000   Number         0  sys_command_hlt.o ABSOLUTE
    ../clib/angel/sysapp.c                   0x00000000   Number         0  sys_wrch.o ABSOLUTE
    ../clib/angel/sysapp.c                   0x00000000   Number         0  sys_wrch_hlt.o ABSOLUTE
    ../clib/armsys.c                         0x00000000   Number         0  argv_veneer.o ABSOLUTE
    ../clib/armsys.c                         0x00000000   Number         0  argv_veneer.o ABSOLUTE
    ../clib/armsys.c                         0x00000000   Number         0  _get_argv_nomalloc.o ABSOLUTE
    ../clib/armsys.c                         0x00000000   Number         0  no_argv.o ABSOLUTE
    ../clib/heapalloc.c                      0x00000000   Number         0  hrguard.o ABSOLUTE
    ../clib/heapaux.c                        0x00000000   Number         0  heapauxi.o ABSOLUTE
    ../clib/libinit.s                        0x00000000   Number         0  libinit.o ABSOLUTE
    ../clib/libinit.s                        0x00000000   Number         0  libinit2.o ABSOLUTE
    ../clib/libinit.s                        0x00000000   Number         0  libshutdown.o ABSOLUTE
    ../clib/libinit.s                        0x00000000   Number         0  libshutdown2.o ABSOLUTE
    ../clib/memcpset.s                       0x00000000   Number         0  rt_memclr_w.o ABSOLUTE
    ../clib/signal.c                         0x00000000   Number         0  defsig_rtmem_outer.o ABSOLUTE
    ../clib/signal.c                         0x00000000   Number         0  defsig_rtmem_formal.o ABSOLUTE
    ../clib/signal.c                         0x00000000   Number         0  defsig_exit.o ABSOLUTE
    ../clib/signal.c                         0x00000000   Number         0  defsig_rtmem_inner.o ABSOLUTE
    ../clib/signal.c                         0x00000000   Number         0  __raise.o ABSOLUTE
    ../clib/signal.c                         0x00000000   Number         0  defsig_general.o ABSOLUTE
    ../clib/signal.c                         0x00000000   Number         0  defsig_abrt_inner.o ABSOLUTE
    ../clib/signal.c                         0x00000000   Number         0  defsig_fpe_inner.o ABSOLUTE
    ../clib/signal.c                         0x00000000   Number         0  defsig_rtred_inner.o ABSOLUTE
    ../clib/signal.c                         0x00000000   Number         0  defsig_stak_inner.o ABSOLUTE
    ../clib/signal.c                         0x00000000   Number         0  defsig_pvfn_inner.o ABSOLUTE
    ../clib/signal.c                         0x00000000   Number         0  defsig_cppl_inner.o ABSOLUTE
    ../clib/signal.c                         0x00000000   Number         0  defsig_segv_inner.o ABSOLUTE
    ../clib/signal.c                         0x00000000   Number         0  defsig_other.o ABSOLUTE
    ../clib/signal.s                         0x00000000   Number         0  defsig.o ABSOLUTE
    ../clib/stdlib.c                         0x00000000   Number         0  exit.o ABSOLUTE
    ../fplib/fpinit.s                        0x00000000   Number         0  fpinit.o ABSOLUTE
    dc.s                                     0x00000000   Number         0  dc.o ABSOLUTE
    main.c                                   0x00000000   Number         0  main.o ABSOLUTE
    my_asm.s                                 0x00000000   Number         0  my_asm.o ABSOLUTE
    startup_stm32l552xx.s                    0x00000000   Number         0  startup_stm32l552xx.o ABSOLUTE
    stm32l5xx_hal.c                          0x00000000   Number         0  stm32l5xx_hal.o ABSOLUTE
    stm32l5xx_hal_cortex.c                   0x00000000   Number         0  stm32l5xx_hal_cortex.o ABSOLUTE
    stm32l5xx_hal_dma.c                      0x00000000   Number         0  stm32l5xx_hal_dma.o ABSOLUTE
    stm32l5xx_hal_dma_ex.c                   0x00000000   Number         0  stm32l5xx_hal_dma_ex.o ABSOLUTE
    stm32l5xx_hal_exti.c                     0x00000000   Number         0  stm32l5xx_hal_exti.o ABSOLUTE
    stm32l5xx_hal_flash.c                    0x00000000   Number         0  stm32l5xx_hal_flash.o ABSOLUTE
    stm32l5xx_hal_flash_ex.c                 0x00000000   Number         0  stm32l5xx_hal_flash_ex.o ABSOLUTE
    stm32l5xx_hal_flash_ramfunc.c            0x00000000   Number         0  stm32l5xx_hal_flash_ramfunc.o ABSOLUTE
    stm32l5xx_hal_gpio.c                     0x00000000   Number         0  stm32l5xx_hal_gpio.o ABSOLUTE
    stm32l5xx_hal_i2c.c                      0x00000000   Number         0  stm32l5xx_hal_i2c.o ABSOLUTE
    stm32l5xx_hal_i2c_ex.c                   0x00000000   Number         0  stm32l5xx_hal_i2c_ex.o ABSOLUTE
    stm32l5xx_hal_icache.c                   0x00000000   Number         0  stm32l5xx_hal_icache.o ABSOLUTE
    stm32l5xx_hal_msp.c                      0x00000000   Number         0  stm32l5xx_hal_msp.o ABSOLUTE
    stm32l5xx_hal_pwr.c                      0x00000000   Number         0  stm32l5xx_hal_pwr.o ABSOLUTE
    stm32l5xx_hal_pwr_ex.c                   0x00000000   Number         0  stm32l5xx_hal_pwr_ex.o ABSOLUTE
    stm32l5xx_hal_rcc.c                      0x00000000   Number         0  stm32l5xx_hal_rcc.o ABSOLUTE
    stm32l5xx_hal_rcc_ex.c                   0x00000000   Number         0  stm32l5xx_hal_rcc_ex.o ABSOLUTE
    stm32l5xx_it.c                           0x00000000   Number         0  stm32l5xx_it.o ABSOLUTE
    system_stm32l5xx.c                       0x00000000   Number         0  system_stm32l5xx.o ABSOLUTE
    RESET                                    0x08000000   Section      500  startup_stm32l552xx.o(RESET)
    !!!main                                  0x080001f4   Section        8  __main.o(!!!main)
    !!!scatter                               0x080001fc   Section       92  __scatter.o(!!!scatter)
    !!handler_copy                           0x08000258   Section       26  __scatter_copy.o(!!handler_copy)
    !!handler_null                           0x08000274   Section        2  __scatter.o(!!handler_null)
    !!handler_zi                             0x08000278   Section       28  __scatter_zi.o(!!handler_zi)
    .ARM.Collect$$libinit$$00000000          0x08000294   Section        2  libinit.o(.ARM.Collect$$libinit$$00000000)
    .ARM.Collect$$libinit$$00000001          0x08000296   Section        4  libinit2.o(.ARM.Collect$$libinit$$00000001)
    .ARM.Collect$$libinit$$00000004          0x0800029a   Section        0  libinit2.o(.ARM.Collect$$libinit$$00000004)
    .ARM.Collect$$libinit$$00000006          0x0800029a   Section        0  libinit2.o(.ARM.Collect$$libinit$$00000006)
    .ARM.Collect$$libinit$$0000000C          0x0800029a   Section        0  libinit2.o(.ARM.Collect$$libinit$$0000000C)
    .ARM.Collect$$libinit$$0000000E          0x0800029a   Section        0  libinit2.o(.ARM.Collect$$libinit$$0000000E)
    .ARM.Collect$$libinit$$00000010          0x0800029a   Section        0  libinit2.o(.ARM.Collect$$libinit$$00000010)
    .ARM.Collect$$libinit$$00000013          0x0800029a   Section        0  libinit2.o(.ARM.Collect$$libinit$$00000013)
    .ARM.Collect$$libinit$$00000015          0x0800029a   Section        0  libinit2.o(.ARM.Collect$$libinit$$00000015)
    .ARM.Collect$$libinit$$00000017          0x0800029a   Section        0  libinit2.o(.ARM.Collect$$libinit$$00000017)
    .ARM.Collect$$libinit$$00000019          0x0800029a   Section        0  libinit2.o(.ARM.Collect$$libinit$$00000019)
    .ARM.Collect$$libinit$$0000001B          0x0800029a   Section        0  libinit2.o(.ARM.Collect$$libinit$$0000001B)
    .ARM.Collect$$libinit$$0000001D          0x0800029a   Section        0  libinit2.o(.ARM.Collect$$libinit$$0000001D)
    .ARM.Collect$$libinit$$0000001F          0x0800029a   Section        0  libinit2.o(.ARM.Collect$$libinit$$0000001F)
    .ARM.Collect$$libinit$$00000021          0x0800029a   Section        0  libinit2.o(.ARM.Collect$$libinit$$00000021)
    .ARM.Collect$$libinit$$00000023          0x0800029a   Section        0  libinit2.o(.ARM.Collect$$libinit$$00000023)
    .ARM.Collect$$libinit$$00000025          0x0800029a   Section        0  libinit2.o(.ARM.Collect$$libinit$$00000025)
    .ARM.Collect$$libinit$$00000027          0x0800029a   Section        0  libinit2.o(.ARM.Collect$$libinit$$00000027)
    .ARM.Collect$$libinit$$0000002E          0x0800029a   Section        0  libinit2.o(.ARM.Collect$$libinit$$0000002E)
    .ARM.Collect$$libinit$$00000030          0x0800029a   Section        0  libinit2.o(.ARM.Collect$$libinit$$00000030)
    .ARM.Collect$$libinit$$00000032          0x0800029a   Section        0  libinit2.o(.ARM.Collect$$libinit$$00000032)
    .ARM.Collect$$libinit$$00000034          0x0800029a   Section        0  libinit2.o(.ARM.Collect$$libinit$$00000034)
    .ARM.Collect$$libinit$$00000035          0x0800029a   Section        2  libinit2.o(.ARM.Collect$$libinit$$00000035)
    .ARM.Collect$$libshutdown$$00000000      0x0800029c   Section        2  libshutdown.o(.ARM.Collect$$libshutdown$$00000000)
    .ARM.Collect$$libshutdown$$00000002      0x0800029e   Section        0  libshutdown2.o(.ARM.Collect$$libshutdown$$00000002)
    .ARM.Collect$$libshutdown$$00000004      0x0800029e   Section        0  libshutdown2.o(.ARM.Collect$$libshutdown$$00000004)
    .ARM.Collect$$libshutdown$$00000007      0x0800029e   Section        0  libshutdown2.o(.ARM.Collect$$libshutdown$$00000007)
    .ARM.Collect$$libshutdown$$0000000A      0x0800029e   Section        0  libshutdown2.o(.ARM.Collect$$libshutdown$$0000000A)
    .ARM.Collect$$libshutdown$$0000000C      0x0800029e   Section        0  libshutdown2.o(.ARM.Collect$$libshutdown$$0000000C)
    .ARM.Collect$$libshutdown$$0000000F      0x0800029e   Section        0  libshutdown2.o(.ARM.Collect$$libshutdown$$0000000F)
    .ARM.Collect$$libshutdown$$00000010      0x0800029e   Section        2  libshutdown2.o(.ARM.Collect$$libshutdown$$00000010)
    .ARM.Collect$$rtentry$$00000000          0x080002a0   Section        0  __rtentry.o(.ARM.Collect$$rtentry$$00000000)
    .ARM.Collect$$rtentry$$00000002          0x080002a0   Section        0  __rtentry2.o(.ARM.Collect$$rtentry$$00000002)
    .ARM.Collect$$rtentry$$00000004          0x080002a0   Section        6  __rtentry4.o(.ARM.Collect$$rtentry$$00000004)
    .ARM.Collect$$rtentry$$00000009          0x080002a6   Section        0  __rtentry2.o(.ARM.Collect$$rtentry$$00000009)
    .ARM.Collect$$rtentry$$0000000A          0x080002a6   Section        4  __rtentry2.o(.ARM.Collect$$rtentry$$0000000A)
    .ARM.Collect$$rtentry$$0000000C          0x080002aa   Section        0  __rtentry2.o(.ARM.Collect$$rtentry$$0000000C)
    .ARM.Collect$$rtentry$$0000000D          0x080002aa   Section        8  __rtentry2.o(.ARM.Collect$$rtentry$$0000000D)
    .ARM.Collect$$rtexit$$00000000           0x080002b2   Section        2  rtexit.o(.ARM.Collect$$rtexit$$00000000)
    .ARM.Collect$$rtexit$$00000002           0x080002b4   Section        0  rtexit2.o(.ARM.Collect$$rtexit$$00000002)
    .ARM.Collect$$rtexit$$00000003           0x080002b4   Section        4  rtexit2.o(.ARM.Collect$$rtexit$$00000003)
    .ARM.Collect$$rtexit$$00000004           0x080002b8   Section        6  rtexit2.o(.ARM.Collect$$rtexit$$00000004)
    $v0                                      0x080002c0   Number         0  startup_stm32l552xx.o(.text)
    .text                                    0x080002c0   Section       68  startup_stm32l552xx.o(.text)
    .text                                    0x08000304   Section       78  rt_memclr_w.o(.text)
    .text                                    0x08000352   Section        0  heapauxi.o(.text)
    .text                                    0x08000358   Section       74  sys_stackheap_outer.o(.text)
    .text                                    0x080003a2   Section        0  exit.o(.text)
    .text                                    0x080003b4   Section        8  libspace.o(.text)
    .text                                    0x080003bc   Section        0  sys_exit.o(.text)
    .text                                    0x080003c8   Section        2  use_no_semi.o(.text)
    .text                                    0x080003ca   Section        0  indicate_semi.o(.text)
    [Anonymous Symbol]                       0x080003cc   Section        0  stm32l5xx_it.o(.text.BusFault_Handler)
    [Anonymous Symbol]                       0x080003d0   Section        0  stm32l5xx_it.o(.text.DebugMon_Handler)
    [Anonymous Symbol]                       0x080003d4   Section        0  main.o(.text.Error_Handler)
    [Anonymous Symbol]                       0x080003e4   Section        0  stm32l5xx_hal.o(.text.HAL_GetTick)
    [Anonymous Symbol]                       0x080003f0   Section        0  stm32l5xx_hal.o(.text.HAL_IncTick)
    [Anonymous Symbol]                       0x0800040c   Section        0  stm32l5xx_hal.o(.text.HAL_Init)
    [Anonymous Symbol]                       0x08000440   Section        0  stm32l5xx_hal.o(.text.HAL_InitTick)
    [Anonymous Symbol]                       0x080004c8   Section        0  stm32l5xx_hal_msp.o(.text.HAL_MspInit)
    [Anonymous Symbol]                       0x08000510   Section        0  stm32l5xx_hal_cortex.o(.text.HAL_NVIC_SetPriority)
    [Anonymous Symbol]                       0x08000540   Section        0  stm32l5xx_hal_cortex.o(.text.HAL_NVIC_SetPriorityGrouping)
    [Anonymous Symbol]                       0x08000550   Section        0  stm32l5xx_hal_pwr_ex.o(.text.HAL_PWREx_ControlVoltageScaling)
    [Anonymous Symbol]                       0x08000648   Section        0  stm32l5xx_hal_pwr_ex.o(.text.HAL_PWREx_DisableUCPDDeadBattery)
    [Anonymous Symbol]                       0x0800065c   Section        0  stm32l5xx_hal_pwr_ex.o(.text.HAL_PWREx_GetVoltageRange)
    [Anonymous Symbol]                       0x0800066c   Section        0  stm32l5xx_hal_pwr_ex.o(.text.HAL_PWREx_SMPS_GetEffectiveMode)
    [Anonymous Symbol]                       0x080006b0   Section        0  stm32l5xx_hal_rcc.o(.text.HAL_RCC_ClockConfig)
    [Anonymous Symbol]                       0x080009ec   Section        0  stm32l5xx_hal_rcc.o(.text.HAL_RCC_GetHCLKFreq)
    [Anonymous Symbol]                       0x08000a10   Section        0  stm32l5xx_hal_rcc.o(.text.HAL_RCC_GetSysClockFreq)
    [Anonymous Symbol]                       0x08000ba0   Section        0  stm32l5xx_hal_rcc.o(.text.HAL_RCC_OscConfig)
    [Anonymous Symbol]                       0x08001804   Section        0  stm32l5xx_hal_cortex.o(.text.HAL_SYSTICK_Config)
    [Anonymous Symbol]                       0x08001814   Section        0  stm32l5xx_it.o(.text.HardFault_Handler)
    [Anonymous Symbol]                       0x08001818   Section        0  stm32l5xx_it.o(.text.MemManage_Handler)
    [Anonymous Symbol]                       0x0800181c   Section        0  stm32l5xx_it.o(.text.NMI_Handler)
    NVIC_EncodePriority                      0x08001821   Thumb Code   108  stm32l5xx_hal_cortex.o(.text.NVIC_EncodePriority)
    [Anonymous Symbol]                       0x08001820   Section        0  stm32l5xx_hal_cortex.o(.text.NVIC_EncodePriority)
    [Anonymous Symbol]                       0x0800188c   Section        0  stm32l5xx_it.o(.text.PendSV_Handler)
    RCC_GetSysClockFreqFromPLLSource         0x08001891   Thumb Code   244  stm32l5xx_hal_rcc.o(.text.RCC_GetSysClockFreqFromPLLSource)
    [Anonymous Symbol]                       0x08001890   Section        0  stm32l5xx_hal_rcc.o(.text.RCC_GetSysClockFreqFromPLLSource)
    RCC_SetFlashLatencyFromMSIRange          0x08001985   Thumb Code   246  stm32l5xx_hal_rcc.o(.text.RCC_SetFlashLatencyFromMSIRange)
    [Anonymous Symbol]                       0x08001984   Section        0  stm32l5xx_hal_rcc.o(.text.RCC_SetFlashLatencyFromMSIRange)
    [Anonymous Symbol]                       0x08001a7c   Section        0  stm32l5xx_it.o(.text.SVC_Handler)
    SysTick_Config                           0x08001a81   Thumb Code    84  stm32l5xx_hal_cortex.o(.text.SysTick_Config)
    [Anonymous Symbol]                       0x08001a80   Section        0  stm32l5xx_hal_cortex.o(.text.SysTick_Config)
    [Anonymous Symbol]                       0x08001ad4   Section        0  stm32l5xx_it.o(.text.SysTick_Handler)
    [Anonymous Symbol]                       0x08001adc   Section        0  main.o(.text.SystemClock_Config)
    [Anonymous Symbol]                       0x08001b4c   Section        0  system_stm32l5xx.o(.text.SystemCoreClockUpdate)
    [Anonymous Symbol]                       0x08001cc8   Section        0  system_stm32l5xx.o(.text.SystemInit)
    [Anonymous Symbol]                       0x08001cdc   Section        0  stm32l5xx_it.o(.text.UsageFault_Handler)
    __NVIC_GetPriorityGrouping               0x08001ce1   Thumb Code    16  stm32l5xx_hal_cortex.o(.text.__NVIC_GetPriorityGrouping)
    [Anonymous Symbol]                       0x08001ce0   Section        0  stm32l5xx_hal_cortex.o(.text.__NVIC_GetPriorityGrouping)
    __NVIC_SetPriority                       0x08001cf1   Thumb Code    66  stm32l5xx_hal_cortex.o(.text.__NVIC_SetPriority)
    [Anonymous Symbol]                       0x08001cf0   Section        0  stm32l5xx_hal_cortex.o(.text.__NVIC_SetPriority)
    __NVIC_SetPriorityGrouping               0x08001d35   Thumb Code    60  stm32l5xx_hal_cortex.o(.text.__NVIC_SetPriorityGrouping)
    [Anonymous Symbol]                       0x08001d34   Section        0  stm32l5xx_hal_cortex.o(.text.__NVIC_SetPriorityGrouping)
    [Anonymous Symbol]                       0x08001d70   Section        0  main.o(.text.main)
    $v0                                      0x08001dbc   Number         0  my_asm.o(MY_ASM)
    MY_ASM                                   0x08001dbc   Section       36  my_asm.o(MY_ASM)
    $v0                                      0x08001de0   Number         0  fpinit.o(x$fpl$fpinit)
    x$fpl$fpinit                             0x08001de0   Section       26  fpinit.o(x$fpl$fpinit)
    .bss                                     0x20000010   Section       96  libspace.o(.bss)
    Heap_Mem                                 0x20000078   Data         512  startup_stm32l552xx.o(HEAP)
    HEAP                                     0x20000078   Section      512  startup_stm32l552xx.o(HEAP)
    Stack_Mem                                0x20000278   Data        1024  startup_stm32l552xx.o(STACK)
    STACK                                    0x20000278   Section     1024  startup_stm32l552xx.o(STACK)
    __initial_sp                             0x20000678   Data           0  startup_stm32l552xx.o(STACK)

    Global Symbols

    Symbol Name                              Value     Ov Type        Size  Object(Section)

    BuildAttributes$$THM_ISAv4$E$P$D$K$B$S$7EM$8M$VFPi5$EXTD16$VFPS$VFMA$PE$A:L22UL41UL21$X:L11$S22US41US21$IEEE1$IW$~IW$USESV6$~STKCKD$USESV7$~SHL$OSPACE$ROPI$EBA8$UX$STANDARDLIB$REQ8$PRES8$EABIv2 0x00000000   Number         0  anon$$obj.o ABSOLUTE
    __ARM_exceptions_init                     - Undefined Weak Reference
    __alloca_initialize                       - Undefined Weak Reference
    __arm_preinit_                            - Undefined Weak Reference
    __arm_relocate_pie_                       - Undefined Weak Reference
    __cpp_initialize__aeabi_                  - Undefined Weak Reference
    __cxa_finalize                            - Undefined Weak Reference
    __rt_locale                               - Undefined Weak Reference
    __sigvec_lookup                           - Undefined Weak Reference
    _atexit_init                              - Undefined Weak Reference
    _call_atexit_fns                          - Undefined Weak Reference
    _clock_init                               - Undefined Weak Reference
    _fp_trap_init                             - Undefined Weak Reference
    _fp_trap_shutdown                         - Undefined Weak Reference
    _get_lc_collate                           - Undefined Weak Reference
    _get_lc_ctype                             - Undefined Weak Reference
    _get_lc_monetary                          - Undefined Weak Reference
    _get_lc_numeric                           - Undefined Weak Reference
    _get_lc_time                              - Undefined Weak Reference
    _getenv_init                              - Undefined Weak Reference
    _handle_redirection                       - Undefined Weak Reference
    _init_alloc                               - Undefined Weak Reference
    _init_user_alloc                          - Undefined Weak Reference
    _initio                                   - Undefined Weak Reference
    _rand_init                                - Undefined Weak Reference
    _signal_finish                            - Undefined Weak Reference
    _signal_init                              - Undefined Weak Reference
    _terminate_alloc                          - Undefined Weak Reference
    _terminate_user_alloc                     - Undefined Weak Reference
    _terminateio                              - Undefined Weak Reference
    __Vectors_Size                           0x000001f4   Number         0  startup_stm32l552xx.o ABSOLUTE
    __Vectors                                0x08000000   Data           4  startup_stm32l552xx.o(RESET)
    __Vectors_End                            0x080001f4   Data           0  startup_stm32l552xx.o(RESET)
    __main                                   0x080001f5   Thumb Code     8  __main.o(!!!main)
    __scatterload                            0x080001fd   Thumb Code     0  __scatter.o(!!!scatter)
    __scatterload_rt2                        0x080001fd   Thumb Code    84  __scatter.o(!!!scatter)
    __scatterload_rt2_thumb_only             0x080001fd   Thumb Code     0  __scatter.o(!!!scatter)
    __scatterload_loop                       0x08000207   Thumb Code     0  __scatter.o(!!!scatter)
    __scatterload_copy                       0x08000259   Thumb Code    26  __scatter_copy.o(!!handler_copy)
    __scatterload_null                       0x08000275   Thumb Code     2  __scatter.o(!!handler_null)
    __scatterload_zeroinit                   0x08000279   Thumb Code    28  __scatter_zi.o(!!handler_zi)
    __rt_lib_init                            0x08000295   Thumb Code     0  libinit.o(.ARM.Collect$$libinit$$00000000)
    __rt_lib_init_fp_1                       0x08000297   Thumb Code     0  libinit2.o(.ARM.Collect$$libinit$$00000001)
    __rt_lib_init_alloca_1                   0x0800029b   Thumb Code     0  libinit2.o(.ARM.Collect$$libinit$$00000030)
    __rt_lib_init_argv_1                     0x0800029b   Thumb Code     0  libinit2.o(.ARM.Collect$$libinit$$0000002E)
    __rt_lib_init_atexit_1                   0x0800029b   Thumb Code     0  libinit2.o(.ARM.Collect$$libinit$$0000001D)
    __rt_lib_init_clock_1                    0x0800029b   Thumb Code     0  libinit2.o(.ARM.Collect$$libinit$$00000023)
    __rt_lib_init_cpp_1                      0x0800029b   Thumb Code     0  libinit2.o(.ARM.Collect$$libinit$$00000034)
    __rt_lib_init_exceptions_1               0x0800029b   Thumb Code     0  libinit2.o(.ARM.Collect$$libinit$$00000032)
    __rt_lib_init_fp_trap_1                  0x0800029b   Thumb Code     0  libinit2.o(.ARM.Collect$$libinit$$00000021)
    __rt_lib_init_getenv_1                   0x0800029b   Thumb Code     0  libinit2.o(.ARM.Collect$$libinit$$00000025)
    __rt_lib_init_heap_1                     0x0800029b   Thumb Code     0  libinit2.o(.ARM.Collect$$libinit$$0000000C)
    __rt_lib_init_lc_collate_1               0x0800029b   Thumb Code     0  libinit2.o(.ARM.Collect$$libinit$$00000013)
    __rt_lib_init_lc_ctype_1                 0x0800029b   Thumb Code     0  libinit2.o(.ARM.Collect$$libinit$$00000015)
    __rt_lib_init_lc_monetary_1              0x0800029b   Thumb Code     0  libinit2.o(.ARM.Collect$$libinit$$00000017)
    __rt_lib_init_lc_numeric_1               0x0800029b   Thumb Code     0  libinit2.o(.ARM.Collect$$libinit$$00000019)
    __rt_lib_init_lc_time_1                  0x0800029b   Thumb Code     0  libinit2.o(.ARM.Collect$$libinit$$0000001B)
    __rt_lib_init_preinit_1                  0x0800029b   Thumb Code     0  libinit2.o(.ARM.Collect$$libinit$$00000006)
    __rt_lib_init_rand_1                     0x0800029b   Thumb Code     0  libinit2.o(.ARM.Collect$$libinit$$00000010)
    __rt_lib_init_relocate_pie_1             0x0800029b   Thumb Code     0  libinit2.o(.ARM.Collect$$libinit$$00000004)
    __rt_lib_init_return                     0x0800029b   Thumb Code     0  libinit2.o(.ARM.Collect$$libinit$$00000035)
    __rt_lib_init_signal_1                   0x0800029b   Thumb Code     0  libinit2.o(.ARM.Collect$$libinit$$0000001F)
    __rt_lib_init_stdio_1                    0x0800029b   Thumb Code     0  libinit2.o(.ARM.Collect$$libinit$$00000027)
    __rt_lib_init_user_alloc_1               0x0800029b   Thumb Code     0  libinit2.o(.ARM.Collect$$libinit$$0000000E)
    __rt_lib_shutdown                        0x0800029d   Thumb Code     0  libshutdown.o(.ARM.Collect$$libshutdown$$00000000)
    __rt_lib_shutdown_cpp_1                  0x0800029f   Thumb Code     0  libshutdown2.o(.ARM.Collect$$libshutdown$$00000002)
    __rt_lib_shutdown_fp_trap_1              0x0800029f   Thumb Code     0  libshutdown2.o(.ARM.Collect$$libshutdown$$00000007)
    __rt_lib_shutdown_heap_1                 0x0800029f   Thumb Code     0  libshutdown2.o(.ARM.Collect$$libshutdown$$0000000F)
    __rt_lib_shutdown_return                 0x0800029f   Thumb Code     0  libshutdown2.o(.ARM.Collect$$libshutdown$$00000010)
    __rt_lib_shutdown_signal_1               0x0800029f   Thumb Code     0  libshutdown2.o(.ARM.Collect$$libshutdown$$0000000A)
    __rt_lib_shutdown_stdio_1                0x0800029f   Thumb Code     0  libshutdown2.o(.ARM.Collect$$libshutdown$$00000004)
    __rt_lib_shutdown_user_alloc_1           0x0800029f   Thumb Code     0  libshutdown2.o(.ARM.Collect$$libshutdown$$0000000C)
    __rt_entry                               0x080002a1   Thumb Code     0  __rtentry.o(.ARM.Collect$$rtentry$$00000000)
    __rt_entry_presh_1                       0x080002a1   Thumb Code     0  __rtentry2.o(.ARM.Collect$$rtentry$$00000002)
    __rt_entry_sh                            0x080002a1   Thumb Code     0  __rtentry4.o(.ARM.Collect$$rtentry$$00000004)
    __rt_entry_li                            0x080002a7   Thumb Code     0  __rtentry2.o(.ARM.Collect$$rtentry$$0000000A)
    __rt_entry_postsh_1                      0x080002a7   Thumb Code     0  __rtentry2.o(.ARM.Collect$$rtentry$$00000009)
    __rt_entry_main                          0x080002ab   Thumb Code     0  __rtentry2.o(.ARM.Collect$$rtentry$$0000000D)
    __rt_entry_postli_1                      0x080002ab   Thumb Code     0  __rtentry2.o(.ARM.Collect$$rtentry$$0000000C)
    __rt_exit                                0x080002b3   Thumb Code     0  rtexit.o(.ARM.Collect$$rtexit$$00000000)
    __rt_exit_ls                             0x080002b5   Thumb Code     0  rtexit2.o(.ARM.Collect$$rtexit$$00000003)
    __rt_exit_prels_1                        0x080002b5   Thumb Code     0  rtexit2.o(.ARM.Collect$$rtexit$$00000002)
    __rt_exit_exit                           0x080002b9   Thumb Code     0  rtexit2.o(.ARM.Collect$$rtexit$$00000004)
    Reset_Handler                            0x080002c1   Thumb Code     8  startup_stm32l552xx.o(.text)
    SecureFault_Handler                      0x080002d3   Thumb Code     2  startup_stm32l552xx.o(.text)
    ADC1_2_IRQHandler                        0x080002dd   Thumb Code     0  startup_stm32l552xx.o(.text)
    COMP_IRQHandler                          0x080002dd   Thumb Code     0  startup_stm32l552xx.o(.text)
    CRS_IRQHandler                           0x080002dd   Thumb Code     0  startup_stm32l552xx.o(.text)
    DAC_IRQHandler                           0x080002dd   Thumb Code     0  startup_stm32l552xx.o(.text)
    DFSDM1_FLT0_IRQHandler                   0x080002dd   Thumb Code     0  startup_stm32l552xx.o(.text)
    DFSDM1_FLT1_IRQHandler                   0x080002dd   Thumb Code     0  startup_stm32l552xx.o(.text)
    DFSDM1_FLT2_IRQHandler                   0x080002dd   Thumb Code     0  startup_stm32l552xx.o(.text)
    DFSDM1_FLT3_IRQHandler                   0x080002dd   Thumb Code     0  startup_stm32l552xx.o(.text)
    DMA1_Channel1_IRQHandler                 0x080002dd   Thumb Code     0  startup_stm32l552xx.o(.text)
    DMA1_Channel2_IRQHandler                 0x080002dd   Thumb Code     0  startup_stm32l552xx.o(.text)
    DMA1_Channel3_IRQHandler                 0x080002dd   Thumb Code     0  startup_stm32l552xx.o(.text)
    DMA1_Channel4_IRQHandler                 0x080002dd   Thumb Code     0  startup_stm32l552xx.o(.text)
    DMA1_Channel5_IRQHandler                 0x080002dd   Thumb Code     0  startup_stm32l552xx.o(.text)
    DMA1_Channel6_IRQHandler                 0x080002dd   Thumb Code     0  startup_stm32l552xx.o(.text)
    DMA1_Channel7_IRQHandler                 0x080002dd   Thumb Code     0  startup_stm32l552xx.o(.text)
    DMA1_Channel8_IRQHandler                 0x080002dd   Thumb Code     0  startup_stm32l552xx.o(.text)
    DMA2_Channel1_IRQHandler                 0x080002dd   Thumb Code     0  startup_stm32l552xx.o(.text)
    DMA2_Channel2_IRQHandler                 0x080002dd   Thumb Code     0  startup_stm32l552xx.o(.text)
    DMA2_Channel3_IRQHandler                 0x080002dd   Thumb Code     0  startup_stm32l552xx.o(.text)
    DMA2_Channel4_IRQHandler                 0x080002dd   Thumb Code     0  startup_stm32l552xx.o(.text)
    DMA2_Channel5_IRQHandler                 0x080002dd   Thumb Code     0  startup_stm32l552xx.o(.text)
    DMA2_Channel6_IRQHandler                 0x080002dd   Thumb Code     0  startup_stm32l552xx.o(.text)
    DMA2_Channel7_IRQHandler                 0x080002dd   Thumb Code     0  startup_stm32l552xx.o(.text)
    DMA2_Channel8_IRQHandler                 0x080002dd   Thumb Code     0  startup_stm32l552xx.o(.text)
    DMAMUX1_IRQHandler                       0x080002dd   Thumb Code     0  startup_stm32l552xx.o(.text)
    DMAMUX1_S_IRQHandler                     0x080002dd   Thumb Code     0  startup_stm32l552xx.o(.text)
    EXTI0_IRQHandler                         0x080002dd   Thumb Code     0  startup_stm32l552xx.o(.text)
    EXTI10_IRQHandler                        0x080002dd   Thumb Code     0  startup_stm32l552xx.o(.text)
    EXTI11_IRQHandler                        0x080002dd   Thumb Code     0  startup_stm32l552xx.o(.text)
    EXTI12_IRQHandler                        0x080002dd   Thumb Code     0  startup_stm32l552xx.o(.text)
    EXTI13_IRQHandler                        0x080002dd   Thumb Code     0  startup_stm32l552xx.o(.text)
    EXTI14_IRQHandler                        0x080002dd   Thumb Code     0  startup_stm32l552xx.o(.text)
    EXTI15_IRQHandler                        0x080002dd   Thumb Code     0  startup_stm32l552xx.o(.text)
    EXTI1_IRQHandler                         0x080002dd   Thumb Code     0  startup_stm32l552xx.o(.text)
    EXTI2_IRQHandler                         0x080002dd   Thumb Code     0  startup_stm32l552xx.o(.text)
    EXTI3_IRQHandler                         0x080002dd   Thumb Code     0  startup_stm32l552xx.o(.text)
    EXTI4_IRQHandler                         0x080002dd   Thumb Code     0  startup_stm32l552xx.o(.text)
    EXTI5_IRQHandler                         0x080002dd   Thumb Code     0  startup_stm32l552xx.o(.text)
    EXTI6_IRQHandler                         0x080002dd   Thumb Code     0  startup_stm32l552xx.o(.text)
    EXTI7_IRQHandler                         0x080002dd   Thumb Code     0  startup_stm32l552xx.o(.text)
    EXTI8_IRQHandler                         0x080002dd   Thumb Code     0  startup_stm32l552xx.o(.text)
    EXTI9_IRQHandler                         0x080002dd   Thumb Code     0  startup_stm32l552xx.o(.text)
    FDCAN1_IT0_IRQHandler                    0x080002dd   Thumb Code     0  startup_stm32l552xx.o(.text)
    FDCAN1_IT1_IRQHandler                    0x080002dd   Thumb Code     0  startup_stm32l552xx.o(.text)
    FLASH_IRQHandler                         0x080002dd   Thumb Code     0  startup_stm32l552xx.o(.text)
    FLASH_S_IRQHandler                       0x080002dd   Thumb Code     0  startup_stm32l552xx.o(.text)
    FMC_IRQHandler                           0x080002dd   Thumb Code     0  startup_stm32l552xx.o(.text)
    FPU_IRQHandler                           0x080002dd   Thumb Code     0  startup_stm32l552xx.o(.text)
    GTZC_IRQHandler                          0x080002dd   Thumb Code     0  startup_stm32l552xx.o(.text)
    HASH_IRQHandler                          0x080002dd   Thumb Code     0  startup_stm32l552xx.o(.text)
    I2C1_ER_IRQHandler                       0x080002dd   Thumb Code     0  startup_stm32l552xx.o(.text)
    I2C1_EV_IRQHandler                       0x080002dd   Thumb Code     0  startup_stm32l552xx.o(.text)
    I2C2_ER_IRQHandler                       0x080002dd   Thumb Code     0  startup_stm32l552xx.o(.text)
    I2C2_EV_IRQHandler                       0x080002dd   Thumb Code     0  startup_stm32l552xx.o(.text)
    I2C3_ER_IRQHandler                       0x080002dd   Thumb Code     0  startup_stm32l552xx.o(.text)
    I2C3_EV_IRQHandler                       0x080002dd   Thumb Code     0  startup_stm32l552xx.o(.text)
    I2C4_ER_IRQHandler                       0x080002dd   Thumb Code     0  startup_stm32l552xx.o(.text)
    I2C4_EV_IRQHandler                       0x080002dd   Thumb Code     0  startup_stm32l552xx.o(.text)
    ICACHE_IRQHandler                        0x080002dd   Thumb Code     0  startup_stm32l552xx.o(.text)
    LPTIM1_IRQHandler                        0x080002dd   Thumb Code     0  startup_stm32l552xx.o(.text)
    LPTIM2_IRQHandler                        0x080002dd   Thumb Code     0  startup_stm32l552xx.o(.text)
    LPTIM3_IRQHandler                        0x080002dd   Thumb Code     0  startup_stm32l552xx.o(.text)
    LPUART1_IRQHandler                       0x080002dd   Thumb Code     0  startup_stm32l552xx.o(.text)
    OCTOSPI1_IRQHandler                      0x080002dd   Thumb Code     0  startup_stm32l552xx.o(.text)
    PVD_PVM_IRQHandler                       0x080002dd   Thumb Code     0  startup_stm32l552xx.o(.text)
    RCC_IRQHandler                           0x080002dd   Thumb Code     0  startup_stm32l552xx.o(.text)
    RCC_S_IRQHandler                         0x080002dd   Thumb Code     0  startup_stm32l552xx.o(.text)
    RNG_IRQHandler                           0x080002dd   Thumb Code     0  startup_stm32l552xx.o(.text)
    RTC_IRQHandler                           0x080002dd   Thumb Code     0  startup_stm32l552xx.o(.text)
    RTC_S_IRQHandler                         0x080002dd   Thumb Code     0  startup_stm32l552xx.o(.text)
    SAI1_IRQHandler                          0x080002dd   Thumb Code     0  startup_stm32l552xx.o(.text)
    SAI2_IRQHandler                          0x080002dd   Thumb Code     0  startup_stm32l552xx.o(.text)
    SDMMC1_IRQHandler                        0x080002dd   Thumb Code     0  startup_stm32l552xx.o(.text)
    SPI1_IRQHandler                          0x080002dd   Thumb Code     0  startup_stm32l552xx.o(.text)
    SPI2_IRQHandler                          0x080002dd   Thumb Code     0  startup_stm32l552xx.o(.text)
    SPI3_IRQHandler                          0x080002dd   Thumb Code     0  startup_stm32l552xx.o(.text)
    TAMP_IRQHandler                          0x080002dd   Thumb Code     0  startup_stm32l552xx.o(.text)
    TAMP_S_IRQHandler                        0x080002dd   Thumb Code     0  startup_stm32l552xx.o(.text)
    TIM15_IRQHandler                         0x080002dd   Thumb Code     0  startup_stm32l552xx.o(.text)
    TIM16_IRQHandler                         0x080002dd   Thumb Code     0  startup_stm32l552xx.o(.text)
    TIM17_IRQHandler                         0x080002dd   Thumb Code     0  startup_stm32l552xx.o(.text)
    TIM1_BRK_IRQHandler                      0x080002dd   Thumb Code     0  startup_stm32l552xx.o(.text)
    TIM1_CC_IRQHandler                       0x080002dd   Thumb Code     0  startup_stm32l552xx.o(.text)
    TIM1_TRG_COM_IRQHandler                  0x080002dd   Thumb Code     0  startup_stm32l552xx.o(.text)
    TIM1_UP_IRQHandler                       0x080002dd   Thumb Code     0  startup_stm32l552xx.o(.text)
    TIM2_IRQHandler                          0x080002dd   Thumb Code     0  startup_stm32l552xx.o(.text)
    TIM3_IRQHandler                          0x080002dd   Thumb Code     0  startup_stm32l552xx.o(.text)
    TIM4_IRQHandler                          0x080002dd   Thumb Code     0  startup_stm32l552xx.o(.text)
    TIM5_IRQHandler                          0x080002dd   Thumb Code     0  startup_stm32l552xx.o(.text)
    TIM6_IRQHandler                          0x080002dd   Thumb Code     0  startup_stm32l552xx.o(.text)
    TIM7_IRQHandler                          0x080002dd   Thumb Code     0  startup_stm32l552xx.o(.text)
    TIM8_BRK_IRQHandler                      0x080002dd   Thumb Code     0  startup_stm32l552xx.o(.text)
    TIM8_CC_IRQHandler                       0x080002dd   Thumb Code     0  startup_stm32l552xx.o(.text)
    TIM8_TRG_COM_IRQHandler                  0x080002dd   Thumb Code     0  startup_stm32l552xx.o(.text)
    TIM8_UP_IRQHandler                       0x080002dd   Thumb Code     0  startup_stm32l552xx.o(.text)
    TSC_IRQHandler                           0x080002dd   Thumb Code     0  startup_stm32l552xx.o(.text)
    UART4_IRQHandler                         0x080002dd   Thumb Code     0  startup_stm32l552xx.o(.text)
    UART5_IRQHandler                         0x080002dd   Thumb Code     0  startup_stm32l552xx.o(.text)
    UCPD1_IRQHandler                         0x080002dd   Thumb Code     0  startup_stm32l552xx.o(.text)
    USART1_IRQHandler                        0x080002dd   Thumb Code     0  startup_stm32l552xx.o(.text)
    USART2_IRQHandler                        0x080002dd   Thumb Code     0  startup_stm32l552xx.o(.text)
    USART3_IRQHandler                        0x080002dd   Thumb Code     0  startup_stm32l552xx.o(.text)
    USB_FS_IRQHandler                        0x080002dd   Thumb Code     0  startup_stm32l552xx.o(.text)
    WWDG_IRQHandler                          0x080002dd   Thumb Code     0  startup_stm32l552xx.o(.text)
    __user_initial_stackheap                 0x080002e1   Thumb Code    10  startup_stm32l552xx.o(.text)
    __aeabi_memclr4                          0x08000305   Thumb Code     0  rt_memclr_w.o(.text)
    __aeabi_memclr8                          0x08000305   Thumb Code     0  rt_memclr_w.o(.text)
    __rt_memclr_w                            0x08000305   Thumb Code     0  rt_memclr_w.o(.text)
    _memset_w                                0x08000309   Thumb Code    74  rt_memclr_w.o(.text)
    __use_two_region_memory                  0x08000353   Thumb Code     2  heapauxi.o(.text)
    __rt_heap_escrow$2region                 0x08000355   Thumb Code     2  heapauxi.o(.text)
    __rt_heap_expand$2region                 0x08000357   Thumb Code     2  heapauxi.o(.text)
    __user_setup_stackheap                   0x08000359   Thumb Code    74  sys_stackheap_outer.o(.text)
    exit                                     0x080003a3   Thumb Code    18  exit.o(.text)
    __user_libspace                          0x080003b5   Thumb Code     8  libspace.o(.text)
    __user_perproc_libspace                  0x080003b5   Thumb Code     0  libspace.o(.text)
    __user_perthread_libspace                0x080003b5   Thumb Code     0  libspace.o(.text)
    _sys_exit                                0x080003bd   Thumb Code     8  sys_exit.o(.text)
    __I$use$semihosting                      0x080003c9   Thumb Code     0  use_no_semi.o(.text)
    __use_no_semihosting_swi                 0x080003c9   Thumb Code     2  use_no_semi.o(.text)
    __semihosting_library_function           0x080003cb   Thumb Code     0  indicate_semi.o(.text)
    BusFault_Handler                         0x080003cd   Thumb Code     4  stm32l5xx_it.o(.text.BusFault_Handler)
    DebugMon_Handler                         0x080003d1   Thumb Code     2  stm32l5xx_it.o(.text.DebugMon_Handler)
    Error_Handler                            0x080003d5   Thumb Code    14  main.o(.text.Error_Handler)
    HAL_GetTick                              0x080003e5   Thumb Code    12  stm32l5xx_hal.o(.text.HAL_GetTick)
    HAL_IncTick                              0x080003f1   Thumb Code    26  stm32l5xx_hal.o(.text.HAL_IncTick)
    HAL_Init                                 0x0800040d   Thumb Code    52  stm32l5xx_hal.o(.text.HAL_Init)
    HAL_InitTick                             0x08000441   Thumb Code   136  stm32l5xx_hal.o(.text.HAL_InitTick)
    HAL_MspInit                              0x080004c9   Thumb Code    72  stm32l5xx_hal_msp.o(.text.HAL_MspInit)
    HAL_NVIC_SetPriority                     0x08000511   Thumb Code    46  stm32l5xx_hal_cortex.o(.text.HAL_NVIC_SetPriority)
    HAL_NVIC_SetPriorityGrouping             0x08000541   Thumb Code    16  stm32l5xx_hal_cortex.o(.text.HAL_NVIC_SetPriorityGrouping)
    HAL_PWREx_ControlVoltageScaling          0x08000551   Thumb Code   248  stm32l5xx_hal_pwr_ex.o(.text.HAL_PWREx_ControlVoltageScaling)
    HAL_PWREx_DisableUCPDDeadBattery         0x08000649   Thumb Code    18  stm32l5xx_hal_pwr_ex.o(.text.HAL_PWREx_DisableUCPDDeadBattery)
    HAL_PWREx_GetVoltageRange                0x0800065d   Thumb Code    16  stm32l5xx_hal_pwr_ex.o(.text.HAL_PWREx_GetVoltageRange)
    HAL_PWREx_SMPS_GetEffectiveMode          0x0800066d   Thumb Code    68  stm32l5xx_hal_pwr_ex.o(.text.HAL_PWREx_SMPS_GetEffectiveMode)
    HAL_RCC_ClockConfig                      0x080006b1   Thumb Code   828  stm32l5xx_hal_rcc.o(.text.HAL_RCC_ClockConfig)
    HAL_RCC_GetHCLKFreq                      0x080009ed   Thumb Code    34  stm32l5xx_hal_rcc.o(.text.HAL_RCC_GetHCLKFreq)
    HAL_RCC_GetSysClockFreq                  0x08000a11   Thumb Code   398  stm32l5xx_hal_rcc.o(.text.HAL_RCC_GetSysClockFreq)
    HAL_RCC_OscConfig                        0x08000ba1   Thumb Code  3172  stm32l5xx_hal_rcc.o(.text.HAL_RCC_OscConfig)
    HAL_SYSTICK_Config                       0x08001805   Thumb Code    16  stm32l5xx_hal_cortex.o(.text.HAL_SYSTICK_Config)
    HardFault_Handler                        0x08001815   Thumb Code     4  stm32l5xx_it.o(.text.HardFault_Handler)
    MemManage_Handler                        0x08001819   Thumb Code     4  stm32l5xx_it.o(.text.MemManage_Handler)
    NMI_Handler                              0x0800181d   Thumb Code     4  stm32l5xx_it.o(.text.NMI_Handler)
    PendSV_Handler                           0x0800188d   Thumb Code     2  stm32l5xx_it.o(.text.PendSV_Handler)
    SVC_Handler                              0x08001a7d   Thumb Code     2  stm32l5xx_it.o(.text.SVC_Handler)
    SysTick_Handler                          0x08001ad5   Thumb Code     8  stm32l5xx_it.o(.text.SysTick_Handler)
    SystemClock_Config                       0x08001add   Thumb Code   110  main.o(.text.SystemClock_Config)
    SystemCoreClockUpdate                    0x08001b4d   Thumb Code   380  system_stm32l5xx.o(.text.SystemCoreClockUpdate)
    SystemInit                               0x08001cc9   Thumb Code    18  system_stm32l5xx.o(.text.SystemInit)
    UsageFault_Handler                       0x08001cdd   Thumb Code     4  stm32l5xx_it.o(.text.UsageFault_Handler)
    main                                     0x08001d71   Thumb Code    74  main.o(.text.main)
    my_strcpy                                0x08001dbd   Thumb Code     0  my_asm.o(MY_ASM)
    my_capitalize                            0x08001dcb   Thumb Code     0  my_asm.o(MY_ASM)
    _fp_init                                 0x08001de1   Thumb Code    26  fpinit.o(x$fpl$fpinit)
    __fplib_config_fpu_vfp                   0x08001df9   Thumb Code     0  fpinit.o(x$fpl$fpinit)
    __fplib_config_pureend_doubles           0x08001df9   Thumb Code     0  fpinit.o(x$fpl$fpinit)
    AHBPrescTable                            0x08001dfa   Data          16  system_stm32l5xx.o(.rodata.AHBPrescTable)
    MSIRangeTable                            0x08001e0c   Data          64  system_stm32l5xx.o(.rodata.MSIRangeTable)
    Region$$Table$$Base                      0x08001e4c   Number         0  anon$$obj.o(Region$$Table)
    Region$$Table$$Limit                     0x08001e6c   Number         0  anon$$obj.o(Region$$Table)
    SystemCoreClock                          0x20000000   Data           4  system_stm32l5xx.o(.data.SystemCoreClock)
    uwTickFreq                               0x20000004   Data           1  stm32l5xx_hal.o(.data.uwTickFreq)
    uwTickPrio                               0x20000008   Data           4  stm32l5xx_hal.o(.data.uwTickPrio)
    __libspace_start                         0x20000010   Data          96  libspace.o(.bss)
    __temporary_stack_top$libspace           0x20000070   Data           0  libspace.o(.bss)
    uwTick                                   0x20000070   Data           4  stm32l5xx_hal.o(.bss.uwTick)



==============================================================================

Memory Map of the image

  Image Entry point : 0x080001f5

  Load Region LR_IROM1 (Base: 0x08000000, Size: 0x00001e80, Max: 0x00080000, ABSOLUTE)

    Execution Region ER_IROM1 (Exec base: 0x08000000, Load base: 0x08000000, Size: 0x00001e6c, Max: 0x00080000, ABSOLUTE)

    Exec Addr    Load Addr    Size         Type   Attr      Idx    E Section Name        Object

    0x08000000   0x08000000   0x000001f4   Data   RO            3    RESET               startup_stm32l552xx.o
    0x080001f4   0x080001f4   0x00000008   Code   RO          952  * !!!main             c_w.l(__main.o)
    0x080001fc   0x080001fc   0x0000005c   Code   RO         1117    !!!scatter          c_w.l(__scatter.o)
    0x08000258   0x08000258   0x0000001a   Code   RO         1121    !!handler_copy      c_w.l(__scatter_copy.o)
    0x08000272   0x08000272   0x00000002   PAD
    0x08000274   0x08000274   0x00000002   Code   RO         1118    !!handler_null      c_w.l(__scatter.o)
    0x08000276   0x08000276   0x00000002   PAD
    0x08000278   0x08000278   0x0000001c   Code   RO         1123    !!handler_zi        c_w.l(__scatter_zi.o)
    0x08000294   0x08000294   0x00000002   Code   RO          979    .ARM.Collect$$libinit$$00000000  c_w.l(libinit.o)
    0x08000296   0x08000296   0x00000004   Code   RO          985    .ARM.Collect$$libinit$$00000001  c_w.l(libinit2.o)
    0x0800029a   0x0800029a   0x00000000   Code   RO          988    .ARM.Collect$$libinit$$00000004  c_w.l(libinit2.o)
    0x0800029a   0x0800029a   0x00000000   Code   RO          990    .ARM.Collect$$libinit$$00000006  c_w.l(libinit2.o)
    0x0800029a   0x0800029a   0x00000000   Code   RO          993    .ARM.Collect$$libinit$$0000000C  c_w.l(libinit2.o)
    0x0800029a   0x0800029a   0x00000000   Code   RO          995    .ARM.Collect$$libinit$$0000000E  c_w.l(libinit2.o)
    0x0800029a   0x0800029a   0x00000000   Code   RO          997    .ARM.Collect$$libinit$$00000010  c_w.l(libinit2.o)
    0x0800029a   0x0800029a   0x00000000   Code   RO         1000    .ARM.Collect$$libinit$$00000013  c_w.l(libinit2.o)
    0x0800029a   0x0800029a   0x00000000   Code   RO         1002    .ARM.Collect$$libinit$$00000015  c_w.l(libinit2.o)
    0x0800029a   0x0800029a   0x00000000   Code   RO         1004    .ARM.Collect$$libinit$$00000017  c_w.l(libinit2.o)
    0x0800029a   0x0800029a   0x00000000   Code   RO         1006    .ARM.Collect$$libinit$$00000019  c_w.l(libinit2.o)
    0x0800029a   0x0800029a   0x00000000   Code   RO         1008    .ARM.Collect$$libinit$$0000001B  c_w.l(libinit2.o)
    0x0800029a   0x0800029a   0x00000000   Code   RO         1010    .ARM.Collect$$libinit$$0000001D  c_w.l(libinit2.o)
    0x0800029a   0x0800029a   0x00000000   Code   RO         1012    .ARM.Collect$$libinit$$0000001F  c_w.l(libinit2.o)
    0x0800029a   0x0800029a   0x00000000   Code   RO         1014    .ARM.Collect$$libinit$$00000021  c_w.l(libinit2.o)
    0x0800029a   0x0800029a   0x00000000   Code   RO         1016    .ARM.Collect$$libinit$$00000023  c_w.l(libinit2.o)
    0x0800029a   0x0800029a   0x00000000   Code   RO         1018    .ARM.Collect$$libinit$$00000025  c_w.l(libinit2.o)
    0x0800029a   0x0800029a   0x00000000   Code   RO         1020    .ARM.Collect$$libinit$$00000027  c_w.l(libinit2.o)
    0x0800029a   0x0800029a   0x00000000   Code   RO         1024    .ARM.Collect$$libinit$$0000002E  c_w.l(libinit2.o)
    0x0800029a   0x0800029a   0x00000000   Code   RO         1026    .ARM.Collect$$libinit$$00000030  c_w.l(libinit2.o)
    0x0800029a   0x0800029a   0x00000000   Code   RO         1028    .ARM.Collect$$libinit$$00000032  c_w.l(libinit2.o)
    0x0800029a   0x0800029a   0x00000000   Code   RO         1030    .ARM.Collect$$libinit$$00000034  c_w.l(libinit2.o)
    0x0800029a   0x0800029a   0x00000002   Code   RO         1031    .ARM.Collect$$libinit$$00000035  c_w.l(libinit2.o)
    0x0800029c   0x0800029c   0x00000002   Code   RO         1053    .ARM.Collect$$libshutdown$$00000000  c_w.l(libshutdown.o)
    0x0800029e   0x0800029e   0x00000000   Code   RO         1068    .ARM.Collect$$libshutdown$$00000002  c_w.l(libshutdown2.o)
    0x0800029e   0x0800029e   0x00000000   Code   RO         1070    .ARM.Collect$$libshutdown$$00000004  c_w.l(libshutdown2.o)
    0x0800029e   0x0800029e   0x00000000   Code   RO         1073    .ARM.Collect$$libshutdown$$00000007  c_w.l(libshutdown2.o)
    0x0800029e   0x0800029e   0x00000000   Code   RO         1076    .ARM.Collect$$libshutdown$$0000000A  c_w.l(libshutdown2.o)
    0x0800029e   0x0800029e   0x00000000   Code   RO         1078    .ARM.Collect$$libshutdown$$0000000C  c_w.l(libshutdown2.o)
    0x0800029e   0x0800029e   0x00000000   Code   RO         1081    .ARM.Collect$$libshutdown$$0000000F  c_w.l(libshutdown2.o)
    0x0800029e   0x0800029e   0x00000002   Code   RO         1082    .ARM.Collect$$libshutdown$$00000010  c_w.l(libshutdown2.o)
    0x080002a0   0x080002a0   0x00000000   Code   RO          954    .ARM.Collect$$rtentry$$00000000  c_w.l(__rtentry.o)
    0x080002a0   0x080002a0   0x00000000   Code   RO          956    .ARM.Collect$$rtentry$$00000002  c_w.l(__rtentry2.o)
    0x080002a0   0x080002a0   0x00000006   Code   RO          968    .ARM.Collect$$rtentry$$00000004  c_w.l(__rtentry4.o)
    0x080002a6   0x080002a6   0x00000000   Code   RO          958    .ARM.Collect$$rtentry$$00000009  c_w.l(__rtentry2.o)
    0x080002a6   0x080002a6   0x00000004   Code   RO          959    .ARM.Collect$$rtentry$$0000000A  c_w.l(__rtentry2.o)
    0x080002aa   0x080002aa   0x00000000   Code   RO          961    .ARM.Collect$$rtentry$$0000000C  c_w.l(__rtentry2.o)
    0x080002aa   0x080002aa   0x00000008   Code   RO          962    .ARM.Collect$$rtentry$$0000000D  c_w.l(__rtentry2.o)
    0x080002b2   0x080002b2   0x00000002   Code   RO          983    .ARM.Collect$$rtexit$$00000000  c_w.l(rtexit.o)
    0x080002b4   0x080002b4   0x00000000   Code   RO         1033    .ARM.Collect$$rtexit$$00000002  c_w.l(rtexit2.o)
    0x080002b4   0x080002b4   0x00000004   Code   RO         1034    .ARM.Collect$$rtexit$$00000003  c_w.l(rtexit2.o)
    0x080002b8   0x080002b8   0x00000006   Code   RO         1035    .ARM.Collect$$rtexit$$00000004  c_w.l(rtexit2.o)
    0x080002be   0x080002be   0x00000002   PAD
    0x080002c0   0x080002c0   0x00000044   Code   RO            4    .text               startup_stm32l552xx.o
    0x08000304   0x08000304   0x0000004e   Code   RO          948    .text               c_w.l(rt_memclr_w.o)
    0x08000352   0x08000352   0x00000006   Code   RO          950    .text               c_w.l(heapauxi.o)
    0x08000358   0x08000358   0x0000004a   Code   RO          970    .text               c_w.l(sys_stackheap_outer.o)
    0x080003a2   0x080003a2   0x00000012   Code   RO          972    .text               c_w.l(exit.o)
    0x080003b4   0x080003b4   0x00000008   Code   RO          980    .text               c_w.l(libspace.o)
    0x080003bc   0x080003bc   0x0000000c   Code   RO         1043    .text               c_w.l(sys_exit.o)
    0x080003c8   0x080003c8   0x00000002   Code   RO         1058    .text               c_w.l(use_no_semi.o)
    0x080003ca   0x080003ca   0x00000000   Code   RO         1060    .text               c_w.l(indicate_semi.o)
    0x080003ca   0x080003ca   0x00000002   PAD
    0x080003cc   0x080003cc   0x00000004   Code   RO           32    .text.BusFault_Handler  stm32l5xx_it.o
    0x080003d0   0x080003d0   0x00000002   Code   RO           38    .text.DebugMon_Handler  stm32l5xx_it.o
    0x080003d2   0x080003d2   0x00000002   PAD
    0x080003d4   0x080003d4   0x0000000e   Code   RO           15    .text.Error_Handler  main.o
    0x080003e2   0x080003e2   0x00000002   PAD
    0x080003e4   0x080003e4   0x0000000c   Code   RO          228    .text.HAL_GetTick   stm32l5xx_hal.o
    0x080003f0   0x080003f0   0x0000001a   Code   RO          226    .text.HAL_IncTick   stm32l5xx_hal.o
    0x0800040a   0x0800040a   0x00000002   PAD
    0x0800040c   0x0800040c   0x00000034   Code   RO          216    .text.HAL_Init      stm32l5xx_hal.o
    0x08000440   0x08000440   0x00000088   Code   RO          218    .text.HAL_InitTick  stm32l5xx_hal.o
    0x080004c8   0x080004c8   0x00000048   Code   RO           51    .text.HAL_MspInit   stm32l5xx_hal_msp.o
    0x08000510   0x08000510   0x0000002e   Code   RO          812    .text.HAL_NVIC_SetPriority  stm32l5xx_hal_cortex.o
    0x0800053e   0x0800053e   0x00000002   PAD
    0x08000540   0x08000540   0x00000010   Code   RO          808    .text.HAL_NVIC_SetPriorityGrouping  stm32l5xx_hal_cortex.o
    0x08000550   0x08000550   0x000000f8   Code   RO          107    .text.HAL_PWREx_ControlVoltageScaling  stm32l5xx_hal_pwr_ex.o
    0x08000648   0x08000648   0x00000012   Code   RO          187    .text.HAL_PWREx_DisableUCPDDeadBattery  stm32l5xx_hal_pwr_ex.o
    0x0800065a   0x0800065a   0x00000002   PAD
    0x0800065c   0x0800065c   0x00000010   Code   RO          105    .text.HAL_PWREx_GetVoltageRange  stm32l5xx_hal_pwr_ex.o
    0x0800066c   0x0800066c   0x00000044   Code   RO          109    .text.HAL_PWREx_SMPS_GetEffectiveMode  stm32l5xx_hal_pwr_ex.o
    0x080006b0   0x080006b0   0x0000033c   Code   RO          492    .text.HAL_RCC_ClockConfig  stm32l5xx_hal_rcc.o
    0x080009ec   0x080009ec   0x00000022   Code   RO          490    .text.HAL_RCC_GetHCLKFreq  stm32l5xx_hal_rcc.o
    0x08000a0e   0x08000a0e   0x00000002   PAD
    0x08000a10   0x08000a10   0x0000018e   Code   RO          496    .text.HAL_RCC_GetSysClockFreq  stm32l5xx_hal_rcc.o
    0x08000b9e   0x08000b9e   0x00000002   PAD
    0x08000ba0   0x08000ba0   0x00000c64   Code   RO          486    .text.HAL_RCC_OscConfig  stm32l5xx_hal_rcc.o
    0x08001804   0x08001804   0x00000010   Code   RO          832    .text.HAL_SYSTICK_Config  stm32l5xx_hal_cortex.o
    0x08001814   0x08001814   0x00000004   Code   RO           28    .text.HardFault_Handler  stm32l5xx_it.o
    0x08001818   0x08001818   0x00000004   Code   RO           30    .text.MemManage_Handler  stm32l5xx_it.o
    0x0800181c   0x0800181c   0x00000004   Code   RO           26    .text.NMI_Handler   stm32l5xx_it.o
    0x08001820   0x08001820   0x0000006c   Code   RO          818    .text.NVIC_EncodePriority  stm32l5xx_hal_cortex.o
    0x0800188c   0x0800188c   0x00000002   Code   RO           40    .text.PendSV_Handler  stm32l5xx_it.o
    0x0800188e   0x0800188e   0x00000002   PAD
    0x08001890   0x08001890   0x000000f4   Code   RO          494    .text.RCC_GetSysClockFreqFromPLLSource  stm32l5xx_hal_rcc.o
    0x08001984   0x08001984   0x000000f6   Code   RO          488    .text.RCC_SetFlashLatencyFromMSIRange  stm32l5xx_hal_rcc.o
    0x08001a7a   0x08001a7a   0x00000002   PAD
    0x08001a7c   0x08001a7c   0x00000002   Code   RO           36    .text.SVC_Handler   stm32l5xx_it.o
    0x08001a7e   0x08001a7e   0x00000002   PAD
    0x08001a80   0x08001a80   0x00000054   Code   RO          834    .text.SysTick_Config  stm32l5xx_hal_cortex.o
    0x08001ad4   0x08001ad4   0x00000008   Code   RO           42    .text.SysTick_Handler  stm32l5xx_it.o
    0x08001adc   0x08001adc   0x0000006e   Code   RO           13    .text.SystemClock_Config  main.o
    0x08001b4a   0x08001b4a   0x00000002   PAD
    0x08001b4c   0x08001b4c   0x0000017c   Code   RO          934    .text.SystemCoreClockUpdate  system_stm32l5xx.o
    0x08001cc8   0x08001cc8   0x00000012   Code   RO          932    .text.SystemInit    system_stm32l5xx.o
    0x08001cda   0x08001cda   0x00000002   PAD
    0x08001cdc   0x08001cdc   0x00000004   Code   RO           34    .text.UsageFault_Handler  stm32l5xx_it.o
    0x08001ce0   0x08001ce0   0x00000010   Code   RO          814    .text.__NVIC_GetPriorityGrouping  stm32l5xx_hal_cortex.o
    0x08001cf0   0x08001cf0   0x00000042   Code   RO          816    .text.__NVIC_SetPriority  stm32l5xx_hal_cortex.o
    0x08001d32   0x08001d32   0x00000002   PAD
    0x08001d34   0x08001d34   0x0000003c   Code   RO          810    .text.__NVIC_SetPriorityGrouping  stm32l5xx_hal_cortex.o
    0x08001d70   0x08001d70   0x0000004a   Code   RO           11    .text.main          main.o
    0x08001dba   0x08001dba   0x00000002   PAD
    0x08001dbc   0x08001dbc   0x00000024   Code   RO           58    MY_ASM              my_asm.o
    0x08001de0   0x08001de0   0x0000001a   Code   RO         1041    x$fpl$fpinit        fz_wm.l(fpinit.o)
    0x08001dfa   0x08001dfa   0x00000010   Data   RO          937    .rodata.AHBPrescTable  system_stm32l5xx.o
    0x08001e0a   0x08001e0a   0x00000002   PAD
    0x08001e0c   0x08001e0c   0x00000040   Data   RO          939    .rodata.MSIRangeTable  system_stm32l5xx.o
    0x08001e4c   0x08001e4c   0x00000020   Data   RO         1116    Region$$Table       anon$$obj.o


    Execution Region RW_IRAM1 (Exec base: 0x20000000, Load base: 0x08001e70, Size: 0x00000678, Max: 0x00030000, ABSOLUTE)

    Exec Addr    Load Addr    Size         Type   Attr      Idx    E Section Name        Object

    0x20000000   0x08001e70   0x00000004   Data   RW          936    .data.SystemCoreClock  system_stm32l5xx.o
    0x20000004   0x08001e74   0x00000001   Data   RW          287    .data.uwTickFreq    stm32l5xx_hal.o
    0x20000005   0x08001e75   0x00000003   PAD
    0x20000008   0x08001e78   0x00000004   Data   RW          286    .data.uwTickPrio    stm32l5xx_hal.o
    0x2000000c   0x08001e7c   0x00000004   PAD
    0x20000010        -       0x00000060   Zero   RW          981    .bss                c_w.l(libspace.o)
    0x20000070        -       0x00000004   Zero   RW          288    .bss.uwTick         stm32l5xx_hal.o
    0x20000074   0x08001e7c   0x00000004   PAD
    0x20000078        -       0x00000200   Zero   RW            2    HEAP                startup_stm32l552xx.o
    0x20000278        -       0x00000400   Zero   RW            1    STACK               startup_stm32l552xx.o


==============================================================================

Image component sizes


      Code (inc. data)   RO Data    RW Data    ZI Data      Debug   Object Name

       198          0          0          0          0       2010   main.o
        36          0          0          0          0        312   my_asm.o
        68         28        500          0       1536       1036   startup_stm32l552xx.o
       226          0          0          5          4       9633   stm32l5xx_hal.o
       412          0          0          0          0      11408   stm32l5xx_hal_cortex.o
        72          0          0          0          0       2077   stm32l5xx_hal_msp.o
       350          0          0          0          0      10776   stm32l5xx_hal_pwr_ex.o
      4922          0          0          0          0      13062   stm32l5xx_hal_rcc.o
        34          0          0          0          0       1084   stm32l5xx_it.o
       398         14         80          4          0       3719   system_stm32l5xx.o

    ----------------------------------------------------------------------
      6744         42        614         12       1548      55117   Object Totals
         0          0         32          0          0          0   (incl. Generated)
        28          0          2          3          8          0   (incl. Padding)

    ----------------------------------------------------------------------

      Code (inc. data)   RO Data    RW Data    ZI Data      Debug   Library Member Name

         8          0          0          0          0         68   __main.o
         0          0          0          0          0          0   __rtentry.o
        12          0          0          0          0          0   __rtentry2.o
         6          0          0          0          0          0   __rtentry4.o
        94          8          0          0          0          0   __scatter.o
        26          0          0          0          0          0   __scatter_copy.o
        28          0          0          0          0          0   __scatter_zi.o
        18          0          0          0          0         80   exit.o
         6          0          0          0          0        152   heapauxi.o
         0          0          0          0          0          0   indicate_semi.o
         2          0          0          0          0          0   libinit.o
         6          0          0          0          0          0   libinit2.o
         2          0          0          0          0          0   libshutdown.o
         2          0          0          0          0          0   libshutdown2.o
         8          4          0          0         96         68   libspace.o
        78          0          0          0          0         80   rt_memclr_w.o
         2          0          0          0          0          0   rtexit.o
        10          0          0          0          0          0   rtexit2.o
        12          4          0          0          0         68   sys_exit.o
        74          0          0          0          0         80   sys_stackheap_outer.o
         2          0          0          0          0         68   use_no_semi.o
        26          0          0          0          0        116   fpinit.o

    ----------------------------------------------------------------------
       430         16          0          0         96        780   Library Totals
         8          0          0          0          0          0   (incl. Padding)

    ----------------------------------------------------------------------

      Code (inc. data)   RO Data    RW Data    ZI Data      Debug   Library Name

       396         16          0          0         96        664   c_w.l
        26          0          0          0          0        116   fz_wm.l

    ----------------------------------------------------------------------
       430         16          0          0         96        780   Library Totals

    ----------------------------------------------------------------------

==============================================================================


      Code (inc. data)   RO Data    RW Data    ZI Data      Debug   

      7174         58        614         12       1644      55617   Grand Totals
      7174         58        614         12       1644      55617   ELF Image Totals
      7174         58        614         12          0          0   ROM Totals

==============================================================================

    Total RO  Size (Code + RO Data)                 7788 (   7.61kB)
    Total RW  Size (RW Data + ZI Data)              1656 (   1.62kB)
    Total ROM Size (Code + RO Data + RW Data)       7800 (   7.62kB)

==============================================================================

