<html>
<body>
<pre>
<h1>µVision Build Log</h1>
<h2>Tool Versions:</h2>
IDE-Version: µVision V5.41.0.0
Copyright (C) 2024 ARM Ltd and ARM Germany GmbH. All rights reserved.
License Information: Taisiia Nekrasova
arm
User-based license: Keil MDK Community (non-commercial free of charge)
Valid until: May 31 2033. Cached until: May 26 2025
 
Tool Versions:
Toolchain:       Keil MDK Community (non-commercial free of charge  Version: 5.41.0.0
Toolchain Path:  C:\Users\tainek01\AppData\Local\Keil_v5\ARM\ARMCLANG\Bin
C Compiler:      ArmClang.exe V6.22
Assembler:       Armasm.exe V6.22
Linker/Locator:  ArmLink.exe V6.22
Library Manager: ArmAr.exe V6.22
Hex Converter:   FromElf.exe V6.22
CPU DLL:         
Dialog DLL:      
Target DLL:      STLink\ST-LINKIII-KEIL_SWO.dll V3.3.0.0
Dialog DLL:      TCM.DLL V1.56.4.0
 
<h2>Project:</h2>
C:\Users\tainek01\OneDrive - Arm\Desktop\RTOS RFR\STM32Cube_FW_L5_V1.5.0\Projects\NUCLEO-L552ZE-Q\Applications\FreeRTOS\Lab_3\MDK-ARM\RTOS_Mutexes.uvprojx
Project File Date:  03/12/2025

<h2>Output:</h2>
*** Using Compiler 'V6.22', folder: 'C:\Users\tainek01\AppData\Local\Keil_v5\ARM\ARMCLANG\Bin'
Rebuild target 'FreeRTOS_Mutexes'
assembling startup_stm32l552xx.s...
compiling app_freertos.c...
compiling stm32l5xx_hal_exti.c...
compiling stm32l5xx_it.c...
compiling stm32l5xx_nucleo.c...
compiling stm32l5xx_hal_timebase_tim.c...
compiling stm32l5xx_hal.c...
compiling main.c...
compiling stm32l5xx_hal_msp.c...
compiling stm32l5xx_hal_tim_ex.c...
compiling stm32l5xx_hal_flash_ramfunc.c...
compiling stm32l5xx_hal_flash.c...
compiling stm32l5xx_hal_flash_ex.c...
compiling stm32l5xx_hal_i2c_ex.c...
compiling stm32l5xx_hal_gpio.c...
compiling stm32l5xx_hal_dma.c...
compiling stm32l5xx_hal_rcc.c...
compiling stm32l5xx_hal_rcc_ex.c...
compiling stm32l5xx_hal_tim.c...
compiling stm32l5xx_hal_dma_ex.c...
compiling stm32l5xx_hal_pwr.c...
compiling croutine.c...
compiling stm32l5xx_hal_gtzc.c...
compiling stm32l5xx_hal_cortex.c...
compiling stm32l5xx_hal_pwr_ex.c...
compiling system_stm32l5xx.c...
compiling list.c...
compiling event_groups.c...
compiling stm32l5xx_hal_icache.c...
compiling stm32l5xx_hal_i2c.c...
compiling portasm.c...
compiling stream_buffer.c...
compiling timers.c...
compiling port.c...
compiling heap_4.c...
compiling queue.c...
compiling tasks.c...
compiling cmsis_os2.c...
linking...
Program Size: Code=14734 RO-data=874 RW-data=20 ZI-data=18316  
"FreeRTOS_Mutexes\FreeRTOS_Mutexes.axf" - 0 Error(s), 0 Warning(s).

<h2>Software Packages used:</h2>

Package Vendor: ARM
                https://www.keil.com/pack/ARM.CMSIS.6.1.0.pack
                ARM::CMSIS@6.1.0
                CMSIS (Common Microcontroller Software Interface Standard)
   * Component: CORE Version: 6.1.0

Package Vendor: Keil
                https://www.keil.com/pack/Keil.STM32L5xx_DFP.2.0.0.pack
                Keil::STM32L5xx_DFP@2.0.0
                STMicroelectronics STM32L5 Series Device Support

<h2>Collection of Component include folders:</h2>
  ./RTE/_FreeRTOS_Mutexes
  C:/Users/tainek01/AppData/Local/Arm/Packs/ARM/CMSIS/6.1.0/CMSIS/Core/Include

<h2>Collection of Component Files used:</h2>

   * Component: ARM::CMSIS:CORE@6.1.0
      Include file:  CMSIS/Core/Include/tz_context.h
Build Time Elapsed:  00:00:04
</pre>
</body>
</html>
