Component: Arm Compiler for Embedded 6.22 Tool: armlink [5ee90200]

==============================================================================

Section Cross References

    startup_stm32l552xx.o(RESET) refers to startup_stm32l552xx.o(STACK) for __initial_sp
    startup_stm32l552xx.o(RESET) refers to startup_stm32l552xx.o(.text) for Reset_Handler
    startup_stm32l552xx.o(RESET) refers to portasm.o(.text.SVC_Handler) for SVC_Handler
    startup_stm32l552xx.o(RESET) refers to portasm.o(.text.PendSV_Handler) for PendSV_Handler
    startup_stm32l552xx.o(RESET) refers to cmsis_os2.o(.text.SysTick_Handler) for SysTick_Handler
    startup_stm32l552xx.o(RESET) refers to stm32l5xx_it.o(.text.TIM6_IRQHandler) for TIM6_IRQHandler
    startup_stm32l552xx.o(.text) refers to system_stm32l5xx.o(.text.SystemInit) for SystemInit
    startup_stm32l552xx.o(.text) refers to entry.o(.ARM.Collect$$$$00000000) for __main
    main.o(.ARM.exidx.text.Delay) refers to main.o(.text.Delay) for [Anonymous Symbol]
    main.o(.text.main) refers to stm32l5xx_hal.o(.text.HAL_Init) for HAL_Init
    main.o(.text.main) refers to stm32l5xx_nucleo.o(.text.BSP_LED_Init) for BSP_LED_Init
    main.o(.text.main) refers to memseta.o(.text) for __aeabi_memclr4
    main.o(.text.main) refers to stm32l5xx_hal_pwr_ex.o(.text.HAL_PWREx_ControlVoltageScaling) for HAL_PWREx_ControlVoltageScaling
    main.o(.text.main) refers to stm32l5xx_hal_rcc.o(.text.HAL_RCC_OscConfig) for HAL_RCC_OscConfig
    main.o(.text.main) refers to stm32l5xx_hal_rcc.o(.text.HAL_RCC_ClockConfig) for HAL_RCC_ClockConfig
    main.o(.text.main) refers to stm32l5xx_hal_icache.o(.text.HAL_ICACHE_ConfigAssociativityMode) for HAL_ICACHE_ConfigAssociativityMode
    main.o(.text.main) refers to stm32l5xx_hal_icache.o(.text.HAL_ICACHE_Enable) for HAL_ICACHE_Enable
    main.o(.text.main) refers to rand.o(.text) for srand
    main.o(.text.main) refers to system_stm32l5xx.o(.data.SystemCoreClock) for SystemCoreClock
    main.o(.text.main) refers to cmsis_os2.o(.text.osKernelInitialize) for osKernelInitialize
    main.o(.text.main) refers to main.o(.rodata.mutexAttr) for mutexAttr
    main.o(.text.main) refers to cmsis_os2.o(.text.osMutexNew) for osMutexNew
    main.o(.text.main) refers to main.o(.bss..L_MergedGlobals) for .L_MergedGlobals
    main.o(.text.main) refers to main.o(.rodata.semAttr) for semAttr
    main.o(.text.main) refers to cmsis_os2.o(.text.osSemaphoreNew) for osSemaphoreNew
    main.o(.text.main) refers to main.o(.text.Producer_0) for Producer_0
    main.o(.text.main) refers to cmsis_os2.o(.text.osThreadNew) for osThreadNew
    main.o(.text.main) refers to main.o(.text.Consumer_0) for Consumer_0
    main.o(.text.main) refers to cmsis_os2.o(.text.osKernelStart) for osKernelStart
    main.o(.ARM.exidx.text.main) refers to main.o(.text.main) for [Anonymous Symbol]
    main.o(.text.SystemClock_Config) refers to memseta.o(.text) for __aeabi_memclr4
    main.o(.text.SystemClock_Config) refers to stm32l5xx_hal_pwr_ex.o(.text.HAL_PWREx_ControlVoltageScaling) for HAL_PWREx_ControlVoltageScaling
    main.o(.text.SystemClock_Config) refers to stm32l5xx_hal_rcc.o(.text.HAL_RCC_OscConfig) for HAL_RCC_OscConfig
    main.o(.text.SystemClock_Config) refers to stm32l5xx_hal_rcc.o(.text.HAL_RCC_ClockConfig) for HAL_RCC_ClockConfig
    main.o(.ARM.exidx.text.SystemClock_Config) refers to main.o(.text.SystemClock_Config) for [Anonymous Symbol]
    main.o(.text.general_init_sem) refers to main.o(.rodata.semAttr) for semAttr
    main.o(.text.general_init_sem) refers to cmsis_os2.o(.text.osSemaphoreNew) for osSemaphoreNew
    main.o(.text.general_init_sem) refers to main.o(.bss..L_MergedGlobals) for .L_MergedGlobals
    main.o(.ARM.exidx.text.general_init_sem) refers to main.o(.text.general_init_sem) for [Anonymous Symbol]
    main.o(.text.Producer_0) refers to system_stm32l5xx.o(.data.SystemCoreClock) for SystemCoreClock
    main.o(.text.Producer_0) refers to main.o(.bss..L_MergedGlobals) for .L_MergedGlobals
    main.o(.text.Producer_0) refers to stm32l5xx_nucleo.o(.text.BSP_LED_On) for BSP_LED_On
    main.o(.text.Producer_0) refers to rand.o(.text) for rand
    main.o(.text.Producer_0) refers to stm32l5xx_nucleo.o(.text.BSP_LED_Off) for BSP_LED_Off
    main.o(.ARM.exidx.text.Producer_0) refers to main.o(.text.Producer_0) for [Anonymous Symbol]
    main.o(.text.Consumer_0) refers to main.o(.bss..L_MergedGlobals) for .L_MergedGlobals
    main.o(.text.Consumer_0) refers to system_stm32l5xx.o(.data.SystemCoreClock) for SystemCoreClock
    main.o(.text.Consumer_0) refers to stm32l5xx_nucleo.o(.text.BSP_LED_On) for BSP_LED_On
    main.o(.text.Consumer_0) refers to rand.o(.text) for rand
    main.o(.text.Consumer_0) refers to stm32l5xx_nucleo.o(.text.BSP_LED_Off) for BSP_LED_Off
    main.o(.ARM.exidx.text.Consumer_0) refers to main.o(.text.Consumer_0) for [Anonymous Symbol]
    main.o(.ARM.exidx.text.Error_Handler) refers to main.o(.text.Error_Handler) for [Anonymous Symbol]
[...]
    Removing cmsis_os2.o(.ARM.exidx.text.osThreadGetState), (8 bytes).
    Removing cmsis_os2.o(.text.osThreadGetStackSpace), (28 bytes).
    Removing cmsis_os2.o(.ARM.exidx.text.osThreadGetStackSpace), (8 bytes).
    Removing cmsis_os2.o(.text.osThreadSetPriority), (52 bytes).
    Removing cmsis_os2.o(.ARM.exidx.text.osThreadSetPriority), (8 bytes).
    Removing cmsis_os2.o(.text.osThreadGetPriority), (20 bytes).
    Removing cmsis_os2.o(.ARM.exidx.text.osThreadGetPriority), (8 bytes).
    Removing cmsis_os2.o(.text.osThreadYield), (24 bytes).
    Removing cmsis_os2.o(.ARM.exidx.text.osThreadYield), (8 bytes).
    Removing cmsis_os2.o(.text.osThreadSuspend), (34 bytes).
    Removing cmsis_os2.o(.ARM.exidx.text.osThreadSuspend), (8 bytes).
    Removing cmsis_os2.o(.text.osThreadResume), (34 bytes).
    Removing cmsis_os2.o(.ARM.exidx.text.osThreadResume), (8 bytes).
    Removing cmsis_os2.o(.text.osThreadExit), (10 bytes).
    Removing cmsis_os2.o(.ARM.exidx.text.osThreadExit), (8 bytes).
    Removing cmsis_os2.o(.text.osThreadTerminate), (52 bytes).
    Removing cmsis_os2.o(.ARM.exidx.text.osThreadTerminate), (8 bytes).
    Removing cmsis_os2.o(.text.osThreadGetCount), (16 bytes).
    Removing cmsis_os2.o(.ARM.exidx.text.osThreadGetCount), (8 bytes).
    Removing cmsis_os2.o(.text.osThreadEnumerate), (208 bytes).
    Removing cmsis_os2.o(.ARM.exidx.text.osThreadEnumerate), (8 bytes).
    Removing cmsis_os2.o(.text.osThreadFlagsSet), (124 bytes).
    Removing cmsis_os2.o(.ARM.exidx.text.osThreadFlagsSet), (8 bytes).
    Removing cmsis_os2.o(.text.osThreadFlagsClear), (88 bytes).
    Removing cmsis_os2.o(.ARM.exidx.text.osThreadFlagsClear), (8 bytes).
    Removing cmsis_os2.o(.text.osThreadFlagsGet), (48 bytes).
    Removing cmsis_os2.o(.ARM.exidx.text.osThreadFlagsGet), (8 bytes).
    Removing cmsis_os2.o(.text.osThreadFlagsWait), (386 bytes).
    Removing cmsis_os2.o(.ARM.exidx.text.osThreadFlagsWait), (8 bytes).
    Removing cmsis_os2.o(.text.osDelay), (32 bytes).
    Removing cmsis_os2.o(.ARM.exidx.text.osDelay), (8 bytes).
    Removing cmsis_os2.o(.text.osDelayUntil), (52 bytes).
    Removing cmsis_os2.o(.ARM.exidx.text.osDelayUntil), (8 bytes).
    Removing cmsis_os2.o(.text.osTimerNew), (138 bytes).
    Removing cmsis_os2.o(.ARM.exidx.text.osTimerNew), (8 bytes).
    Removing cmsis_os2.o(.text.TimerCallback), (22 bytes).
    Removing cmsis_os2.o(.ARM.exidx.text.TimerCallback), (8 bytes).
    Removing cmsis_os2.o(.text.osTimerGetName), (18 bytes).
    Removing cmsis_os2.o(.ARM.exidx.text.osTimerGetName), (8 bytes).
    Removing cmsis_os2.o(.text.osTimerStart), (58 bytes).
    Removing cmsis_os2.o(.ARM.exidx.text.osTimerStart), (8 bytes).
    Removing cmsis_os2.o(.text.osTimerStop), (76 bytes).
    Removing cmsis_os2.o(.ARM.exidx.text.osTimerStop), (8 bytes).
    Removing cmsis_os2.o(.text.osTimerIsRunning), (18 bytes).
    Removing cmsis_os2.o(.ARM.exidx.text.osTimerIsRunning), (8 bytes).
    Removing cmsis_os2.o(.text.osTimerDelete), (80 bytes).
    Removing cmsis_os2.o(.ARM.exidx.text.osTimerDelete), (8 bytes).
    Removing cmsis_os2.o(.text.osEventFlagsNew), (40 bytes).
    Removing cmsis_os2.o(.ARM.exidx.text.osEventFlagsNew), (8 bytes).
    Removing cmsis_os2.o(.text.osEventFlagsSet), (86 bytes).
    Removing cmsis_os2.o(.ARM.exidx.text.osEventFlagsSet), (8 bytes).
    Removing cmsis_os2.o(.text.osEventFlagsClear), (70 bytes).
    Removing cmsis_os2.o(.ARM.exidx.text.osEventFlagsClear), (8 bytes).
    Removing cmsis_os2.o(.text.osEventFlagsGet), (26 bytes).
    Removing cmsis_os2.o(.ARM.exidx.text.osEventFlagsGet), (8 bytes).
    Removing cmsis_os2.o(.text.osEventFlagsWait), (110 bytes).
    Removing cmsis_os2.o(.ARM.exidx.text.osEventFlagsWait), (8 bytes).
    Removing cmsis_os2.o(.text.osEventFlagsDelete), (34 bytes).
    Removing cmsis_os2.o(.ARM.exidx.text.osEventFlagsDelete), (8 bytes).
    Removing cmsis_os2.o(.ARM.exidx.text.osMutexNew), (8 bytes).
    Removing cmsis_os2.o(.text.osMutexAcquire), (70 bytes).
    Removing cmsis_os2.o(.ARM.exidx.text.osMutexAcquire), (8 bytes).
    Removing cmsis_os2.o(.text.osMutexRelease), (70 bytes).
    Removing cmsis_os2.o(.ARM.exidx.text.osMutexRelease), (8 bytes).
    Removing cmsis_os2.o(.text.osMutexGetOwner), (22 bytes).
    Removing cmsis_os2.o(.ARM.exidx.text.osMutexGetOwner), (8 bytes).
    Removing cmsis_os2.o(.text.osMutexDelete), (44 bytes).
    Removing cmsis_os2.o(.ARM.exidx.text.osMutexDelete), (8 bytes).
    Removing cmsis_os2.o(.ARM.exidx.text.osSemaphoreNew), (8 bytes).
    Removing cmsis_os2.o(.text.osSemaphoreAcquire), (98 bytes).
    Removing cmsis_os2.o(.ARM.exidx.text.osSemaphoreAcquire), (8 bytes).
    Removing cmsis_os2.o(.text.osSemaphoreRelease), (92 bytes).
    Removing cmsis_os2.o(.ARM.exidx.text.osSemaphoreRelease), (8 bytes).
    Removing cmsis_os2.o(.text.osSemaphoreGetCount), (24 bytes).
    Removing cmsis_os2.o(.ARM.exidx.text.osSemaphoreGetCount), (8 bytes).
    Removing cmsis_os2.o(.text.osSemaphoreDelete), (42 bytes).
    Removing cmsis_os2.o(.ARM.exidx.text.osSemaphoreDelete), (8 bytes).
    Removing cmsis_os2.o(.text.osMessageQueueNew), (146 bytes).
    Removing cmsis_os2.o(.ARM.exidx.text.osMessageQueueNew), (8 bytes).
    Removing cmsis_os2.o(.text.osMessageQueuePut), (134 bytes).
    Removing cmsis_os2.o(.ARM.exidx.text.osMessageQueuePut), (8 bytes).
    Removing cmsis_os2.o(.text.osMessageQueueGet), (136 bytes).
    Removing cmsis_os2.o(.ARM.exidx.text.osMessageQueueGet), (8 bytes).
    Removing cmsis_os2.o(.text.osMessageQueueGetCapacity), (10 bytes).
    Removing cmsis_os2.o(.ARM.exidx.text.osMessageQueueGetCapacity), (8 bytes).
    Removing cmsis_os2.o(.text.osMessageQueueGetMsgSize), (10 bytes).
    Removing cmsis_os2.o(.ARM.exidx.text.osMessageQueueGetMsgSize), (8 bytes).
    Removing cmsis_os2.o(.text.osMessageQueueGetCount), (24 bytes).
    Removing cmsis_os2.o(.ARM.exidx.text.osMessageQueueGetCount), (8 bytes).
    Removing cmsis_os2.o(.text.osMessageQueueGetSpace), (44 bytes).
    Removing cmsis_os2.o(.ARM.exidx.text.osMessageQueueGetSpace), (8 bytes).
    Removing cmsis_os2.o(.text.osMessageQueueReset), (36 bytes).
    Removing cmsis_os2.o(.ARM.exidx.text.osMessageQueueReset), (8 bytes).
    Removing cmsis_os2.o(.text.osMessageQueueDelete), (42 bytes).
    Removing cmsis_os2.o(.ARM.exidx.text.osMessageQueueDelete), (8 bytes).
    Removing cmsis_os2.o(.text.osMemoryPoolNew), (296 bytes).
    Removing cmsis_os2.o(.ARM.exidx.text.osMemoryPoolNew), (8 bytes).
    Removing cmsis_os2.o(.text.osMemoryPoolGetName), (20 bytes).
    Removing cmsis_os2.o(.ARM.exidx.text.osMemoryPoolGetName), (8 bytes).
    Removing cmsis_os2.o(.text.osMemoryPoolAlloc), (198 bytes).
    Removing cmsis_os2.o(.ARM.exidx.text.osMemoryPoolAlloc), (8 bytes).
    Removing cmsis_os2.o(.text.osMemoryPoolFree), (200 bytes).
    Removing cmsis_os2.o(.ARM.exidx.text.osMemoryPoolFree), (8 bytes).
    Removing cmsis_os2.o(.text.osMemoryPoolGetCapacity), (24 bytes).
    Removing cmsis_os2.o(.ARM.exidx.text.osMemoryPoolGetCapacity), (8 bytes).
    Removing cmsis_os2.o(.text.osMemoryPoolGetBlockSize), (24 bytes).
    Removing cmsis_os2.o(.ARM.exidx.text.osMemoryPoolGetBlockSize), (8 bytes).
    Removing cmsis_os2.o(.text.osMemoryPoolGetCount), (54 bytes).
    Removing cmsis_os2.o(.ARM.exidx.text.osMemoryPoolGetCount), (8 bytes).
    Removing cmsis_os2.o(.text.osMemoryPoolGetSpace), (40 bytes).
    Removing cmsis_os2.o(.ARM.exidx.text.osMemoryPoolGetSpace), (8 bytes).
    Removing cmsis_os2.o(.text.osMemoryPoolDelete), (96 bytes).
    Removing cmsis_os2.o(.ARM.exidx.text.osMemoryPoolDelete), (8 bytes).
    Removing cmsis_os2.o(.ARM.exidx.text.vApplicationGetIdleTaskMemory), (8 bytes).
    Removing cmsis_os2.o(.ARM.exidx.text.vApplicationGetTimerTaskMemory), (8 bytes).
    Removing heap_4.o(.text), (0 bytes).
    Removing heap_4.o(.ARM.exidx.text.pvPortMalloc), (8 bytes).
    Removing heap_4.o(.ARM.exidx.text.vPortFree), (8 bytes).
    Removing heap_4.o(.text.xPortGetFreeHeapSize), (12 bytes).
    Removing heap_4.o(.ARM.exidx.text.xPortGetFreeHeapSize), (8 bytes).
    Removing heap_4.o(.text.xPortGetMinimumEverFreeHeapSize), (12 bytes).
    Removing heap_4.o(.ARM.exidx.text.xPortGetMinimumEverFreeHeapSize), (8 bytes).
    Removing heap_4.o(.text.vPortInitialiseBlocks), (2 bytes).
    Removing heap_4.o(.ARM.exidx.text.vPortInitialiseBlocks), (8 bytes).
    Removing heap_4.o(.text.vPortGetHeapStats), (186 bytes).
    Removing heap_4.o(.ARM.exidx.text.vPortGetHeapStats), (8 bytes).
    Removing port.o(.text), (0 bytes).
    Removing port.o(.ARM.exidx.text.vPortSetupTimerInterrupt), (8 bytes).
    Removing port.o(.ARM.exidx.text.vPortYield), (8 bytes).
    Removing port.o(.ARM.exidx.text.vPortEnterCritical), (8 bytes).
    Removing port.o(.ARM.exidx.text.vPortExitCritical), (8 bytes).
    Removing port.o(.ARM.exidx.text.xPortSysTickHandler), (8 bytes).
    Removing port.o(.ARM.exidx.text.vPortSVCHandler_C), (8 bytes).
    Removing port.o(.ARM.exidx.text.pxPortInitialiseStack), (8 bytes).
    Removing port.o(.ARM.exidx.text.prvTaskExitError), (8 bytes).
    Removing port.o(.ARM.exidx.text.xPortStartScheduler), (8 bytes).
    Removing port.o(.text.vPortEndScheduler), (30 bytes).
    Removing port.o(.ARM.exidx.text.vPortEndScheduler), (8 bytes).
    Removing port.o(.text.xPortIsInsideInterrupt), (12 bytes).
    Removing port.o(.ARM.exidx.text.xPortIsInsideInterrupt), (8 bytes).
    Removing portasm.o(.text), (0 bytes).
    Removing portasm.o(.ARM.exidx.text.vRestoreContextOfFirstTask), (8 bytes).
    Removing portasm.o(.text.xIsPrivileged), (16 bytes).
    Removing portasm.o(.ARM.exidx.text.xIsPrivileged), (8 bytes).
    Removing portasm.o(.text.vRaisePrivilege), (14 bytes).
    Removing portasm.o(.ARM.exidx.text.vRaisePrivilege), (8 bytes).
    Removing portasm.o(.text.vResetPrivilege), (14 bytes).
    Removing portasm.o(.ARM.exidx.text.vResetPrivilege), (8 bytes).
    Removing portasm.o(.ARM.exidx.text.vStartFirstTask), (8 bytes).
    Removing portasm.o(.ARM.exidx.text.ulSetInterruptMask), (8 bytes).
    Removing portasm.o(.ARM.exidx.text.vClearInterruptMask), (8 bytes).
    Removing portasm.o(.ARM.exidx.text.PendSV_Handler), (8 bytes).
    Removing portasm.o(.ARM.exidx.text.SVC_Handler), (8 bytes).

1507 unused section(s) (total 85984 bytes) removed from the image.

==============================================================================

Image Symbol Table

    Local Symbols

    Symbol Name                              Value     Ov Type        Size  Object(Section)

    ../clib/microlib/init/entry.s            0x00000000   Number         0  entry.o ABSOLUTE
    ../clib/microlib/init/entry.s            0x00000000   Number         0  entry2.o ABSOLUTE
    ../clib/microlib/init/entry.s            0x00000000   Number         0  entry5.o ABSOLUTE
    ../clib/microlib/init/entry.s            0x00000000   Number         0  entry7a.o ABSOLUTE
    ../clib/microlib/init/entry.s            0x00000000   Number         0  entry7b.o ABSOLUTE
    ../clib/microlib/init/entry.s            0x00000000   Number         0  entry8a.o ABSOLUTE
    ../clib/microlib/init/entry.s            0x00000000   Number         0  entry8b.o ABSOLUTE
    ../clib/microlib/init/entry.s            0x00000000   Number         0  entry9a.o ABSOLUTE
    ../clib/microlib/init/entry.s            0x00000000   Number         0  entry9b.o ABSOLUTE
    ../clib/microlib/init/entry.s            0x00000000   Number         0  entry10a.o ABSOLUTE
    ../clib/microlib/init/entry.s            0x00000000   Number         0  entry10b.o ABSOLUTE
    ../clib/microlib/init/entry.s            0x00000000   Number         0  entry11a.o ABSOLUTE
    ../clib/microlib/init/entry.s            0x00000000   Number         0  entry11b.o ABSOLUTE
    ../clib/microlib/stdlib/rand.c           0x00000000   Number         0  rand.o ABSOLUTE
    ../clib/microlib/string/memcpy.c         0x00000000   Number         0  memcpya.o ABSOLUTE
    ../clib/microlib/string/memcpy.c         0x00000000   Number         0  memcpyb.o ABSOLUTE
    ../clib/microlib/string/memset.c         0x00000000   Number         0  memseta.o ABSOLUTE
    app_freertos.c                           0x00000000   Number         0  app_freertos.o ABSOLUTE
    cmsis_os2.c                              0x00000000   Number         0  cmsis_os2.o ABSOLUTE
    croutine.c                               0x00000000   Number         0  croutine.o ABSOLUTE
    dc.s                                     0x00000000   Number         0  dc.o ABSOLUTE
    event_groups.c                           0x00000000   Number         0  event_groups.o ABSOLUTE
    handlers.s                               0x00000000   Number         0  handlers.o ABSOLUTE
    heap_4.c                                 0x00000000   Number         0  heap_4.o ABSOLUTE
    init.s                                   0x00000000   Number         0  init.o ABSOLUTE
    list.c                                   0x00000000   Number         0  list.o ABSOLUTE
    main.c                                   0x00000000   Number         0  main.o ABSOLUTE
    port.c                                   0x00000000   Number         0  port.o ABSOLUTE
    portasm.c                                0x00000000   Number         0  portasm.o ABSOLUTE
    queue.c                                  0x00000000   Number         0  queue.o ABSOLUTE
    startup_stm32l552xx.s                    0x00000000   Number         0  startup_stm32l552xx.o ABSOLUTE
    stm32l5xx_hal.c                          0x00000000   Number         0  stm32l5xx_hal.o ABSOLUTE
    stm32l5xx_hal_cortex.c                   0x00000000   Number         0  stm32l5xx_hal_cortex.o ABSOLUTE
    stm32l5xx_hal_dma.c                      0x00000000   Number         0  stm32l5xx_hal_dma.o ABSOLUTE
    stm32l5xx_hal_dma_ex.c                   0x00000000   Number         0  stm32l5xx_hal_dma_ex.o ABSOLUTE
    stm32l5xx_hal_exti.c                     0x00000000   Number         0  stm32l5xx_hal_exti.o ABSOLUTE
    stm32l5xx_hal_flash.c                    0x00000000   Number         0  stm32l5xx_hal_flash.o ABSOLUTE
    stm32l5xx_hal_flash_ex.c                 0x00000000   Number         0  stm32l5xx_hal_flash_ex.o ABSOLUTE
    stm32l5xx_hal_flash_ramfunc.c            0x00000000   Number         0  stm32l5xx_hal_flash_ramfunc.o ABSOLUTE
    stm32l5xx_hal_gpio.c                     0x00000000   Number         0  stm32l5xx_hal_gpio.o ABSOLUTE
    stm32l5xx_hal_gtzc.c                     0x00000000   Number         0  stm32l5xx_hal_gtzc.o ABSOLUTE
    stm32l5xx_hal_i2c.c                      0x00000000   Number         0  stm32l5xx_hal_i2c.o ABSOLUTE
    stm32l5xx_hal_i2c_ex.c                   0x00000000   Number         0  stm32l5xx_hal_i2c_ex.o ABSOLUTE
    stm32l5xx_hal_icache.c                   0x00000000   Number         0  stm32l5xx_hal_icache.o ABSOLUTE
    stm32l5xx_hal_msp.c                      0x00000000   Number         0  stm32l5xx_hal_msp.o ABSOLUTE
    stm32l5xx_hal_pwr.c                      0x00000000   Number         0  stm32l5xx_hal_pwr.o ABSOLUTE
    stm32l5xx_hal_pwr_ex.c                   0x00000000   Number         0  stm32l5xx_hal_pwr_ex.o ABSOLUTE
    stm32l5xx_hal_rcc.c                      0x00000000   Number         0  stm32l5xx_hal_rcc.o ABSOLUTE
    stm32l5xx_hal_rcc_ex.c                   0x00000000   Number         0  stm32l5xx_hal_rcc_ex.o ABSOLUTE
    stm32l5xx_hal_tim.c                      0x00000000   Number         0  stm32l5xx_hal_tim.o ABSOLUTE
    stm32l5xx_hal_tim_ex.c                   0x00000000   Number         0  stm32l5xx_hal_tim_ex.o ABSOLUTE
    stm32l5xx_hal_timebase_tim.c             0x00000000   Number         0  stm32l5xx_hal_timebase_tim.o ABSOLUTE
    stm32l5xx_it.c                           0x00000000   Number         0  stm32l5xx_it.o ABSOLUTE
    stm32l5xx_nucleo.c                       0x00000000   Number         0  stm32l5xx_nucleo.o ABSOLUTE
    stream_buffer.c                          0x00000000   Number         0  stream_buffer.o ABSOLUTE
    system_stm32l5xx.c                       0x00000000   Number         0  system_stm32l5xx.o ABSOLUTE
    tasks.c                                  0x00000000   Number         0  tasks.o ABSOLUTE
    timers.c                                 0x00000000   Number         0  timers.o ABSOLUTE
    RESET                                    0x08000000   Section      500  startup_stm32l552xx.o(RESET)
    .ARM.Collect$$$$00000000                 0x080001f4   Section        0  entry.o(.ARM.Collect$$$$00000000)
    .ARM.Collect$$$$00000001                 0x080001f4   Section        4  entry2.o(.ARM.Collect$$$$00000001)
    .ARM.Collect$$$$00000004                 0x080001f8   Section        4  entry5.o(.ARM.Collect$$$$00000004)
    .ARM.Collect$$$$00000008                 0x080001fc   Section        0  entry7b.o(.ARM.Collect$$$$00000008)
    .ARM.Collect$$$$0000000A                 0x080001fc   Section        0  entry8b.o(.ARM.Collect$$$$0000000A)
    .ARM.Collect$$$$0000000B                 0x080001fc   Section        8  entry9a.o(.ARM.Collect$$$$0000000B)
    __lit__00000000                          0x08000204   Data           4  entry2.o(.ARM.Collect$$$$00002712)
    .ARM.Collect$$$$0000000D                 0x08000204   Section        0  entry10a.o(.ARM.Collect$$$$0000000D)
    .ARM.Collect$$$$0000000F                 0x08000204   Section        0  entry11a.o(.ARM.Collect$$$$0000000F)
    .ARM.Collect$$$$00002712                 0x08000204   Section        4  entry2.o(.ARM.Collect$$$$00002712)
    $v0                                      0x08000208   Number         0  startup_stm32l552xx.o(.text)
    .text                                    0x08000208   Section       40  startup_stm32l552xx.o(.text)
    .text                                    0x08000230   Section        0  rand.o(.text)
    .text                                    0x08000254   Section        0  memcpya.o(.text)
    .text                                    0x08000278   Section        0  memseta.o(.text)
    .text                                    0x0800029c   Section       48  init.o(.text)
    [Anonymous Symbol]                       0x080002cc   Section        0  stm32l5xx_nucleo.o(.text.BSP_LED_Init)
    [Anonymous Symbol]                       0x08000350   Section        0  stm32l5xx_nucleo.o(.text.BSP_LED_Off)
    [Anonymous Symbol]                       0x08000378   Section        0  stm32l5xx_nucleo.o(.text.BSP_LED_On)
    [Anonymous Symbol]                       0x080003a0   Section        0  main.o(.text.Consumer_0)
    [Anonymous Symbol]                       0x08000510   Section        0  stm32l5xx_hal_gpio.o(.text.HAL_GPIO_Init)
    [Anonymous Symbol]                       0x0800069c   Section        0  stm32l5xx_hal_gpio.o(.text.HAL_GPIO_WritePin)
    [Anonymous Symbol]                       0x080006a8   Section        0  stm32l5xx_hal.o(.text.HAL_GetTick)
    [Anonymous Symbol]                       0x080006b4   Section        0  stm32l5xx_hal_icache.o(.text.HAL_ICACHE_ConfigAssociativityMode)
    [Anonymous Symbol]                       0x080006d4   Section        0  stm32l5xx_hal_icache.o(.text.HAL_ICACHE_Enable)
    [Anonymous Symbol]                       0x080006e8   Section        0  stm32l5xx_hal.o(.text.HAL_Init)
    [Anonymous Symbol]                       0x0800070c   Section        0  stm32l5xx_hal_timebase_tim.o(.text.HAL_InitTick)
    [Anonymous Symbol]                       0x08000794   Section        0  stm32l5xx_hal_msp.o(.text.HAL_MspInit)
    [Anonymous Symbol]                       0x080007dc   Section        0  stm32l5xx_hal_cortex.o(.text.HAL_NVIC_EnableIRQ)
    [Anonymous Symbol]                       0x080007fc   Section        0  stm32l5xx_hal_cortex.o(.text.HAL_NVIC_SetPriority)
    [Anonymous Symbol]                       0x08000854   Section        0  stm32l5xx_hal_cortex.o(.text.HAL_NVIC_SetPriorityGrouping)
    [Anonymous Symbol]                       0x08000874   Section        0  stm32l5xx_hal_pwr_ex.o(.text.HAL_PWREx_ControlVoltageScaling)
    [Anonymous Symbol]                       0x08000908   Section        0  stm32l5xx_hal_pwr_ex.o(.text.HAL_PWREx_DisableUCPDDeadBattery)
    [Anonymous Symbol]                       0x0800091c   Section        0  stm32l5xx_hal_pwr_ex.o(.text.HAL_PWREx_GetVoltageRange)
    [Anonymous Symbol]                       0x0800092c   Section        0  stm32l5xx_hal_rcc.o(.text.HAL_RCC_ClockConfig)
    [Anonymous Symbol]                       0x08000cbc   Section        0  stm32l5xx_hal_rcc.o(.text.HAL_RCC_GetClockConfig)
    [Anonymous Symbol]                       0x08000d00   Section        0  stm32l5xx_hal_rcc.o(.text.HAL_RCC_GetPCLK1Freq)
    [Anonymous Symbol]                       0x08000de0   Section        0  stm32l5xx_hal_rcc.o(.text.HAL_RCC_OscConfig)
    [Anonymous Symbol]                       0x08001714   Section        0  stm32l5xx_hal_tim_ex.o(.text.HAL_TIMEx_Break2Callback)
    [Anonymous Symbol]                       0x08001718   Section        0  stm32l5xx_hal_tim_ex.o(.text.HAL_TIMEx_BreakCallback)
    [Anonymous Symbol]                       0x0800171c   Section        0  stm32l5xx_hal_tim_ex.o(.text.HAL_TIMEx_CommutCallback)
    [Anonymous Symbol]                       0x08001720   Section        0  stm32l5xx_hal_tim.o(.text.HAL_TIM_Base_Init)
    [Anonymous Symbol]                       0x08001764   Section        0  stm32l5xx_hal_tim.o(.text.HAL_TIM_Base_MspInit)
    [Anonymous Symbol]                       0x08001768   Section        0  stm32l5xx_hal_tim.o(.text.HAL_TIM_Base_Start_IT)
    [Anonymous Symbol]                       0x0800180c   Section        0  stm32l5xx_hal_tim.o(.text.HAL_TIM_IC_CaptureCallback)
    [Anonymous Symbol]                       0x08001810   Section        0  stm32l5xx_hal_tim.o(.text.HAL_TIM_IRQHandler)
    [Anonymous Symbol]                       0x0800199c   Section        0  stm32l5xx_hal_tim.o(.text.HAL_TIM_OC_DelayElapsedCallback)
    [Anonymous Symbol]                       0x080019a0   Section        0  stm32l5xx_hal_tim.o(.text.HAL_TIM_PWM_PulseFinishedCallback)
    [Anonymous Symbol]                       0x080019a4   Section        0  stm32l5xx_hal_tim.o(.text.HAL_TIM_PeriodElapsedCallback)
    [Anonymous Symbol]                       0x080019a8   Section        0  stm32l5xx_hal_tim.o(.text.HAL_TIM_TriggerCallback)
    [Anonymous Symbol]                       0x080019b0   Section        0  portasm.o(.text.PendSV_Handler)
    pxCurrentTCBConst                        0x08001a10   Number         0  portasm.o(.text.PendSV_Handler)
    [Anonymous Symbol]                       0x08001a14   Section        0  main.o(.text.Producer_0)
    [Anonymous Symbol]                       0x08001bb0   Section        0  portasm.o(.text.SVC_Handler)
    svchandler_address_const                 0x08001bd0   Number         0  portasm.o(.text.SVC_Handler)
    [Anonymous Symbol]                       0x08001bd4   Section        0  cmsis_os2.o(.text.SysTick_Handler)
    [Anonymous Symbol]                       0x08001bf4   Section        0  system_stm32l5xx.o(.text.SystemCoreClockUpdate)
    [Anonymous Symbol]                       0x08001ca0   Section        0  system_stm32l5xx.o(.text.SystemInit)
    [Anonymous Symbol]                       0x08001cb4   Section        0  stm32l5xx_it.o(.text.TIM6_IRQHandler)
    [Anonymous Symbol]                       0x08001cc0   Section        0  stm32l5xx_hal_tim.o(.text.TIM_Base_SetConfig)
    [Anonymous Symbol]                       0x08001df4   Section        0  main.o(.text.main)
    [Anonymous Symbol]                       0x08001f74   Section        0  cmsis_os2.o(.text.osKernelInitialize)
    [Anonymous Symbol]                       0x08001f9c   Section        0  cmsis_os2.o(.text.osKernelStart)
    [Anonymous Symbol]                       0x08001fd8   Section        0  cmsis_os2.o(.text.osMutexNew)
    [Anonymous Symbol]                       0x0800204c   Section        0  cmsis_os2.o(.text.osSemaphoreNew)
    [Anonymous Symbol]                       0x08002104   Section        0  cmsis_os2.o(.text.osThreadNew)
    prvAddNewTaskToReadyList                 0x0800219d   Thumb Code   640  tasks.o(.text.prvAddNewTaskToReadyList)
    [Anonymous Symbol]                       0x0800219c   Section        0  tasks.o(.text.prvAddNewTaskToReadyList)
    prvIdleTask                              0x0800241d   Thumb Code   102  tasks.o(.text.prvIdleTask)
    [Anonymous Symbol]                       0x0800241c   Section        0  tasks.o(.text.prvIdleTask)
    prvInitialiseNewTask                     0x08002485   Thumb Code   262  tasks.o(.text.prvInitialiseNewTask)
    [Anonymous Symbol]                       0x08002484   Section        0  tasks.o(.text.prvInitialiseNewTask)
    prvTaskExitError                         0x0800258d   Thumb Code    54  port.o(.text.prvTaskExitError)
    [Anonymous Symbol]                       0x0800258c   Section        0  port.o(.text.prvTaskExitError)
    prvTimerTask                             0x080025c5   Thumb Code   814  timers.o(.text.prvTimerTask)
    [Anonymous Symbol]                       0x080025c4   Section        0  timers.o(.text.prvTimerTask)
    prvUnlockQueue                           0x080028f5   Thumb Code   116  queue.o(.text.prvUnlockQueue)
    [Anonymous Symbol]                       0x080028f4   Section        0  queue.o(.text.prvUnlockQueue)
    [Anonymous Symbol]                       0x08002968   Section        0  heap_4.o(.text.pvPortMalloc)
    [Anonymous Symbol]                       0x08002b40   Section        0  port.o(.text.pxPortInitialiseStack)
    [Anonymous Symbol]                       0x08002bb0   Section        0  portasm.o(.text.ulSetInterruptMask)
    [Anonymous Symbol]                       0x08002bc8   Section        0  list.o(.text.uxListRemove)
    [Anonymous Symbol]                       0x08002bec   Section        0  cmsis_os2.o(.text.vApplicationGetIdleTaskMemory)
    [Anonymous Symbol]                       0x08002c08   Section        0  cmsis_os2.o(.text.vApplicationGetTimerTaskMemory)
    [Anonymous Symbol]                       0x08002c24   Section        0  portasm.o(.text.vClearInterruptMask)
    [Anonymous Symbol]                       0x08002c34   Section        0  list.o(.text.vListInitialise)
    [Anonymous Symbol]                       0x08002c4c   Section        0  list.o(.text.vListInitialiseItem)
    [Anonymous Symbol]                       0x08002c54   Section        0  list.o(.text.vListInsert)
    [Anonymous Symbol]                       0x08002cb8   Section        0  list.o(.text.vListInsertEnd)
    [Anonymous Symbol]                       0x08002cd4   Section        0  port.o(.text.vPortEnterCritical)
    [Anonymous Symbol]                       0x08002cf4   Section        0  port.o(.text.vPortExitCritical)
    [Anonymous Symbol]                       0x08002d24   Section        0  heap_4.o(.text.vPortFree)
    __tagsym$$used.0                         0x08002de0   Number         0  port.o(.text.vPortSVCHandler_C)
    [Anonymous Symbol]                       0x08002de0   Section        0  port.o(.text.vPortSVCHandler_C)
    [Anonymous Symbol]                       0x08002e1c   Section        0  port.o(.text.vPortSetupTimerInterrupt)
    [Anonymous Symbol]                       0x08002e50   Section        0  port.o(.text.vPortYield)
    [Anonymous Symbol]                       0x08002e68   Section        0  queue.o(.text.vQueueAddToRegistry)
    [Anonymous Symbol]                       0x08002ec0   Section        0  queue.o(.text.vQueueDelete)
    [Anonymous Symbol]                       0x08002f3c   Section        0  queue.o(.text.vQueueWaitForMessageRestricted)
    [Anonymous Symbol]                       0x08002f90   Section        0  portasm.o(.text.vRestoreContextOfFirstTask)
    pxCurrentTCBConst2                       0x08002fb0   Number         0  portasm.o(.text.vRestoreContextOfFirstTask)
    [Anonymous Symbol]                       0x08002fc0   Section        0  portasm.o(.text.vStartFirstTask)
    xVTORConst                               0x08002fe0   Number         0  portasm.o(.text.vStartFirstTask)
    [Anonymous Symbol]                       0x08002fe4   Section        0  tasks.o(.text.vTaskInternalSetTimeOutState)
    [Anonymous Symbol]                       0x08002ff8   Section        0  tasks.o(.text.vTaskMissedYield)
    [Anonymous Symbol]                       0x08003008   Section        0  tasks.o(.text.vTaskPlaceOnEventList)
    [Anonymous Symbol]                       0x08003070   Section        0  tasks.o(.text.vTaskPlaceOnEventListRestricted)
    [Anonymous Symbol]                       0x080030e0   Section        0  tasks.o(.text.vTaskStartScheduler)
    [Anonymous Symbol]                       0x08003190   Section        0  tasks.o(.text.vTaskSuspendAll)
    __tagsym$$used.0                         0x080031a0   Number         0  tasks.o(.text.vTaskSwitchContext)
    [Anonymous Symbol]                       0x080031a0   Section        0  tasks.o(.text.vTaskSwitchContext)
    [Anonymous Symbol]                       0x0800325c   Section        0  port.o(.text.xPortStartScheduler)
    [Anonymous Symbol]                       0x080032b8   Section        0  port.o(.text.xPortSysTickHandler)
    [Anonymous Symbol]                       0x080032e0   Section        0  queue.o(.text.xQueueCreateCountingSemaphore)
    [Anonymous Symbol]                       0x0800330c   Section        0  queue.o(.text.xQueueCreateCountingSemaphoreStatic)
    [Anonymous Symbol]                       0x0800334c   Section        0  queue.o(.text.xQueueCreateMutex)
    [Anonymous Symbol]                       0x080033bc   Section        0  queue.o(.text.xQueueCreateMutexStatic)
    [Anonymous Symbol]                       0x080033ec   Section        0  queue.o(.text.xQueueGenericCreate)
    [Anonymous Symbol]                       0x08003468   Section        0  queue.o(.text.xQueueGenericCreateStatic)
    [Anonymous Symbol]                       0x08003508   Section        0  queue.o(.text.xQueueGenericSend)
    [Anonymous Symbol]                       0x0800374c   Section        0  queue.o(.text.xQueueReceive)
    [Anonymous Symbol]                       0x08003924   Section        0  tasks.o(.text.xTaskCheckForTimeOut)
    [Anonymous Symbol]                       0x080039a8   Section        0  tasks.o(.text.xTaskCreate)
    [Anonymous Symbol]                       0x08003a08   Section        0  tasks.o(.text.xTaskCreateStatic)
    [Anonymous Symbol]                       0x08003a5c   Section        0  tasks.o(.text.xTaskGetSchedulerState)
    [Anonymous Symbol]                       0x08003a7c   Section        0  tasks.o(.text.xTaskGetTickCount)
    [Anonymous Symbol]                       0x08003a88   Section        0  tasks.o(.text.xTaskIncrementTick)
    [Anonymous Symbol]                       0x08003b80   Section        0  tasks.o(.text.xTaskPriorityDisinherit)
    [Anonymous Symbol]                       0x08003bf8   Section        0  tasks.o(.text.xTaskRemoveFromEventList)
    [Anonymous Symbol]                       0x08003c60   Section        0  tasks.o(.text.xTaskResumeAll)
    [Anonymous Symbol]                       0x08003d30   Section        0  timers.o(.text.xTimerCreateTimerTask)
    i.__scatterload_copy                     0x08003ddc   Section       14  handlers.o(i.__scatterload_copy)
    i.__scatterload_null                     0x08003dea   Section        2  handlers.o(i.__scatterload_null)
    i.__scatterload_zeroinit                 0x08003dec   Section       14  handlers.o(i.__scatterload_zeroinit)
    LED_PIN                                  0x08003e12   Data           6  stm32l5xx_nucleo.o(.rodata.LED_PIN)
    [Anonymous Symbol]                       0x08003e12   Section        0  stm32l5xx_nucleo.o(.rodata.LED_PIN)
    LED_PORT                                 0x08003e18   Data          12  stm32l5xx_nucleo.o(.rodata.LED_PORT)
    [Anonymous Symbol]                       0x08003e18   Section        0  stm32l5xx_nucleo.o(.rodata.LED_PORT)
    [Anonymous Symbol]                       0x08003e84   Section        0  main.o(.rodata.str1.1)
    .L.str.1                                 0x08003e8e   Data           5  timers.o(.rodata.str1.1)
    [Anonymous Symbol]                       0x08003e8e   Section        0  timers.o(.rodata.str1.1)
    _rand_state                              0x20000000   Data           4  rand.o(.data)
    .data                                    0x20000000   Section        4  rand.o(.data)
    .L_MergedGlobals                         0x20000004   Data           8  stm32l5xx_hal.o(.data..L_MergedGlobals)
    [Anonymous Symbol]                       0x20000004   Section        0  stm32l5xx_hal.o(.data..L_MergedGlobals)
    ulCriticalNesting                        0x20000010   Data           4  port.o(.data.ulCriticalNesting)
    [Anonymous Symbol]                       0x20000010   Section        0  port.o(.data.ulCriticalNesting)
    .L_MergedGlobals                         0x20000018   Data          88  main.o(.bss..L_MergedGlobals)
    [Anonymous Symbol]                       0x20000018   Section        0  main.o(.bss..L_MergedGlobals)
    .L_MergedGlobals                         0x20000070   Data         120  tasks.o(.bss..L_MergedGlobals)
    [Anonymous Symbol]                       0x20000070   Section        0  tasks.o(.bss..L_MergedGlobals)
    uxTaskNumber                             0x20000074   Data           4  tasks.o(.bss..L_MergedGlobals)
    uxDeletedTasksWaitingCleanUp             0x20000078   Data           4  tasks.o(.bss..L_MergedGlobals)
    uxCurrentNumberOfTasks                   0x2000007c   Data           4  tasks.o(.bss..L_MergedGlobals)
    xSchedulerRunning                        0x20000080   Data           4  tasks.o(.bss..L_MergedGlobals)
    uxSchedulerSuspended                     0x20000084   Data           4  tasks.o(.bss..L_MergedGlobals)
    xTickCount                               0x20000088   Data           4  tasks.o(.bss..L_MergedGlobals)
    pxDelayedTaskList                        0x2000008c   Data           4  tasks.o(.bss..L_MergedGlobals)
    pxOverflowDelayedTaskList                0x20000090   Data           4  tasks.o(.bss..L_MergedGlobals)
    uxTopReadyPriority                       0x20000094   Data           4  tasks.o(.bss..L_MergedGlobals)
    xIdleTaskHandle                          0x20000098   Data           4  tasks.o(.bss..L_MergedGlobals)
    xNextTaskUnblockTime                     0x2000009c   Data           4  tasks.o(.bss..L_MergedGlobals)
    xYieldPending                            0x200000a0   Data           4  tasks.o(.bss..L_MergedGlobals)
    xPendedTicks                             0x200000a4   Data           4  tasks.o(.bss..L_MergedGlobals)
    xNumOfOverflows                          0x200000a8   Data           4  tasks.o(.bss..L_MergedGlobals)
    xTasksWaitingTermination                 0x200000ac   Data          20  tasks.o(.bss..L_MergedGlobals)
    xSuspendedTaskList                       0x200000c0   Data          20  tasks.o(.bss..L_MergedGlobals)
    xPendingReadyList                        0x200000d4   Data          20  tasks.o(.bss..L_MergedGlobals)
    .L_MergedGlobals                         0x200000e8   Data          60  timers.o(.bss..L_MergedGlobals)
    xTimerQueue                              0x200000e8   Data           4  timers.o(.bss..L_MergedGlobals)
    [Anonymous Symbol]                       0x200000e8   Section        0  timers.o(.bss..L_MergedGlobals)
    xTimerTaskHandle                         0x200000ec   Data           4  timers.o(.bss..L_MergedGlobals)
    pxCurrentTimerList                       0x200000f0   Data           4  timers.o(.bss..L_MergedGlobals)
    pxOverflowTimerList                      0x200000f4   Data           4  timers.o(.bss..L_MergedGlobals)
    prvSampleTimeNow.xLastTime               0x200000f8   Data           4  timers.o(.bss..L_MergedGlobals)
    xActiveTimerList1                        0x200000fc   Data          20  timers.o(.bss..L_MergedGlobals)
    xActiveTimerList2                        0x20000110   Data          20  timers.o(.bss..L_MergedGlobals)
    .L_MergedGlobals                         0x20000124   Data          32  heap_4.o(.bss..L_MergedGlobals)
    xBlockAllocatedBit                       0x20000124   Data           1  heap_4.o(.bss..L_MergedGlobals)
    [Anonymous Symbol]                       0x20000124   Section        0  heap_4.o(.bss..L_MergedGlobals)
    pxEnd                                    0x20000128   Data           4  heap_4.o(.bss..L_MergedGlobals)
    xFreeBytesRemaining                      0x2000012c   Data           4  heap_4.o(.bss..L_MergedGlobals)
    xMinimumEverFreeBytesRemaining           0x20000130   Data           4  heap_4.o(.bss..L_MergedGlobals)
    xNumberOfSuccessfulAllocations           0x20000134   Data           4  heap_4.o(.bss..L_MergedGlobals)
    xNumberOfSuccessfulFrees                 0x20000138   Data           4  heap_4.o(.bss..L_MergedGlobals)
    xStart                                   0x2000013c   Data           8  heap_4.o(.bss..L_MergedGlobals)
    .L_MergedGlobals.2                       0x20000144   Data          40  tasks.o(.bss..L_MergedGlobals.2)
    xDelayedTaskList1                        0x20000144   Data          20  tasks.o(.bss..L_MergedGlobals.2)
    [Anonymous Symbol]                       0x20000144   Section        0  tasks.o(.bss..L_MergedGlobals.2)
    xDelayedTaskList2                        0x20000158   Data          20  tasks.o(.bss..L_MergedGlobals.2)
    KernelState                              0x2000016c   Data           4  cmsis_os2.o(.bss.KernelState)
    [Anonymous Symbol]                       0x2000016c   Section        0  cmsis_os2.o(.bss.KernelState)
    prvCheckForValidListAndQueue.ucStaticTimerQueueStorage 0x200001e0   Data         160  timers.o(.bss.prvCheckForValidListAndQueue.ucStaticTimerQueueStorage)
    [Anonymous Symbol]                       0x200001e0   Section        0  timers.o(.bss.prvCheckForValidListAndQueue.ucStaticTimerQueueStorage)
    prvCheckForValidListAndQueue.xStaticTimerQueue 0x20000280   Data          80  timers.o(.bss.prvCheckForValidListAndQueue.xStaticTimerQueue)
    [Anonymous Symbol]                       0x20000280   Section        0  timers.o(.bss.prvCheckForValidListAndQueue.xStaticTimerQueue)
    pxReadyTasksLists                        0x200002d0   Data        1120  tasks.o(.bss.pxReadyTasksLists)
    [Anonymous Symbol]                       0x200002d0   Section        0  tasks.o(.bss.pxReadyTasksLists)
    ucHeap                                   0x20000730   Data        8120  heap_4.o(.bss.ucHeap)
    [Anonymous Symbol]                       0x20000730   Section        0  heap_4.o(.bss.ucHeap)
    vApplicationGetIdleTaskMemory.Idle_Stack 0x200026ec   Data        2048  cmsis_os2.o(.bss.vApplicationGetIdleTaskMemory.Idle_Stack)
    [Anonymous Symbol]                       0x200026ec   Section        0  cmsis_os2.o(.bss.vApplicationGetIdleTaskMemory.Idle_Stack)
    vApplicationGetIdleTaskMemory.Idle_TCB   0x20002eec   Data          92  cmsis_os2.o(.bss.vApplicationGetIdleTaskMemory.Idle_TCB)
    [Anonymous Symbol]                       0x20002eec   Section        0  cmsis_os2.o(.bss.vApplicationGetIdleTaskMemory.Idle_TCB)
    vApplicationGetTimerTaskMemory.Timer_Stack 0x20002f48   Data        4096  cmsis_os2.o(.bss.vApplicationGetTimerTaskMemory.Timer_Stack)
    [Anonymous Symbol]                       0x20002f48   Section        0  cmsis_os2.o(.bss.vApplicationGetTimerTaskMemory.Timer_Stack)
    vApplicationGetTimerTaskMemory.Timer_TCB 0x20003f48   Data          92  cmsis_os2.o(.bss.vApplicationGetTimerTaskMemory.Timer_TCB)
    [Anonymous Symbol]                       0x20003f48   Section        0  cmsis_os2.o(.bss.vApplicationGetTimerTaskMemory.Timer_TCB)
    STACK                                    0x20003fe8   Section     2048  startup_stm32l552xx.o(STACK)

    Global Symbols

    Symbol Name                              Value     Ov Type        Size  Object(Section)

    BuildAttributes$$THM_ISAv4$P$D$K$B$S$8M$VFPi5$EXTD16$VFPS$VFMA$PE$A:L22UL41UL21$X:L11$S22US41US21$IEEE1$IW$~IW$USESV6$~STKCKD$USESV7$WCHAR32$ENUMINT$~SHL$OTIME$EBA8$MICROLIB$REQ8$PRES8$EABIv2 0x00000000   Number         0  anon$$obj.o ABSOLUTE
    __cpp_initialize__aeabi_                  - Undefined Weak Reference
    __cxa_finalize                            - Undefined Weak Reference
    __decompress                              - Undefined Weak Reference
    _clock_init                               - Undefined Weak Reference
    _microlib_exit                            - Undefined Weak Reference
    __Vectors_Size                           0x000001f4   Number         0  startup_stm32l552xx.o ABSOLUTE
    __Vectors                                0x08000000   Data           4  startup_stm32l552xx.o(RESET)
    __Vectors_End                            0x080001f4   Data           0  startup_stm32l552xx.o(RESET)
    __main                                   0x080001f5   Thumb Code     0  entry.o(.ARM.Collect$$$$00000000)
    _main_stk                                0x080001f5   Thumb Code     0  entry2.o(.ARM.Collect$$$$00000001)
    _main_scatterload                        0x080001f9   Thumb Code     0  entry5.o(.ARM.Collect$$$$00000004)
    __main_after_scatterload                 0x080001fd   Thumb Code     0  entry5.o(.ARM.Collect$$$$00000004)
    _main_clock                              0x080001fd   Thumb Code     0  entry7b.o(.ARM.Collect$$$$00000008)
    _main_cpp_init                           0x080001fd   Thumb Code     0  entry8b.o(.ARM.Collect$$$$0000000A)
    _main_init                               0x080001fd   Thumb Code     0  entry9a.o(.ARM.Collect$$$$0000000B)
    __rt_final_cpp                           0x08000205   Thumb Code     0  entry10a.o(.ARM.Collect$$$$0000000D)
    __rt_final_exit                          0x08000205   Thumb Code     0  entry11a.o(.ARM.Collect$$$$0000000F)
    Reset_Handler                            0x08000209   Thumb Code     8  startup_stm32l552xx.o(.text)
    NMI_Handler                              0x08000211   Thumb Code     2  startup_stm32l552xx.o(.text)
    HardFault_Handler                        0x08000213   Thumb Code     2  startup_stm32l552xx.o(.text)
    MemManage_Handler                        0x08000215   Thumb Code     2  startup_stm32l552xx.o(.text)
    BusFault_Handler                         0x08000217   Thumb Code     2  startup_stm32l552xx.o(.text)
    UsageFault_Handler                       0x08000219   Thumb Code     2  startup_stm32l552xx.o(.text)
    SecureFault_Handler                      0x0800021b   Thumb Code     2  startup_stm32l552xx.o(.text)
    DebugMon_Handler                         0x0800021f   Thumb Code     2  startup_stm32l552xx.o(.text)
    ADC1_2_IRQHandler                        0x08000225   Thumb Code     0  startup_stm32l552xx.o(.text)
    COMP_IRQHandler                          0x08000225   Thumb Code     0  startup_stm32l552xx.o(.text)
    CRS_IRQHandler                           0x08000225   Thumb Code     0  startup_stm32l552xx.o(.text)
    DAC_IRQHandler                           0x08000225   Thumb Code     0  startup_stm32l552xx.o(.text)
    DFSDM1_FLT0_IRQHandler                   0x08000225   Thumb Code     0  startup_stm32l552xx.o(.text)
    DFSDM1_FLT1_IRQHandler                   0x08000225   Thumb Code     0  startup_stm32l552xx.o(.text)
    DFSDM1_FLT2_IRQHandler                   0x08000225   Thumb Code     0  startup_stm32l552xx.o(.text)
    DFSDM1_FLT3_IRQHandler                   0x08000225   Thumb Code     0  startup_stm32l552xx.o(.text)
    DMA1_Channel1_IRQHandler                 0x08000225   Thumb Code     0  startup_stm32l552xx.o(.text)
    DMA1_Channel2_IRQHandler                 0x08000225   Thumb Code     0  startup_stm32l552xx.o(.text)
    DMA1_Channel3_IRQHandler                 0x08000225   Thumb Code     0  startup_stm32l552xx.o(.text)
    DMA1_Channel4_IRQHandler                 0x08000225   Thumb Code     0  startup_stm32l552xx.o(.text)
    DMA1_Channel5_IRQHandler                 0x08000225   Thumb Code     0  startup_stm32l552xx.o(.text)
    DMA1_Channel6_IRQHandler                 0x08000225   Thumb Code     0  startup_stm32l552xx.o(.text)
    DMA1_Channel7_IRQHandler                 0x08000225   Thumb Code     0  startup_stm32l552xx.o(.text)
    DMA1_Channel8_IRQHandler                 0x08000225   Thumb Code     0  startup_stm32l552xx.o(.text)
    DMA2_Channel1_IRQHandler                 0x08000225   Thumb Code     0  startup_stm32l552xx.o(.text)
    DMA2_Channel2_IRQHandler                 0x08000225   Thumb Code     0  startup_stm32l552xx.o(.text)
    DMA2_Channel3_IRQHandler                 0x08000225   Thumb Code     0  startup_stm32l552xx.o(.text)
    DMA2_Channel4_IRQHandler                 0x08000225   Thumb Code     0  startup_stm32l552xx.o(.text)
    DMA2_Channel5_IRQHandler                 0x08000225   Thumb Code     0  startup_stm32l552xx.o(.text)
    DMA2_Channel6_IRQHandler                 0x08000225   Thumb Code     0  startup_stm32l552xx.o(.text)
    DMA2_Channel7_IRQHandler                 0x08000225   Thumb Code     0  startup_stm32l552xx.o(.text)
    DMA2_Channel8_IRQHandler                 0x08000225   Thumb Code     0  startup_stm32l552xx.o(.text)
    DMAMUX1_IRQHandler                       0x08000225   Thumb Code     0  startup_stm32l552xx.o(.text)
    DMAMUX1_S_IRQHandler                     0x08000225   Thumb Code     0  startup_stm32l552xx.o(.text)
    EXTI0_IRQHandler                         0x08000225   Thumb Code     0  startup_stm32l552xx.o(.text)
    EXTI10_IRQHandler                        0x08000225   Thumb Code     0  startup_stm32l552xx.o(.text)
    EXTI11_IRQHandler                        0x08000225   Thumb Code     0  startup_stm32l552xx.o(.text)
    EXTI12_IRQHandler                        0x08000225   Thumb Code     0  startup_stm32l552xx.o(.text)
    EXTI13_IRQHandler                        0x08000225   Thumb Code     0  startup_stm32l552xx.o(.text)
    EXTI14_IRQHandler                        0x08000225   Thumb Code     0  startup_stm32l552xx.o(.text)
    EXTI15_IRQHandler                        0x08000225   Thumb Code     0  startup_stm32l552xx.o(.text)
    EXTI1_IRQHandler                         0x08000225   Thumb Code     0  startup_stm32l552xx.o(.text)
    EXTI2_IRQHandler                         0x08000225   Thumb Code     0  startup_stm32l552xx.o(.text)
    EXTI3_IRQHandler                         0x08000225   Thumb Code     0  startup_stm32l552xx.o(.text)
    EXTI4_IRQHandler                         0x08000225   Thumb Code     0  startup_stm32l552xx.o(.text)
    EXTI5_IRQHandler                         0x08000225   Thumb Code     0  startup_stm32l552xx.o(.text)
    EXTI6_IRQHandler                         0x08000225   Thumb Code     0  startup_stm32l552xx.o(.text)
    EXTI7_IRQHandler                         0x08000225   Thumb Code     0  startup_stm32l552xx.o(.text)
    EXTI8_IRQHandler                         0x08000225   Thumb Code     0  startup_stm32l552xx.o(.text)
    EXTI9_IRQHandler                         0x08000225   Thumb Code     0  startup_stm32l552xx.o(.text)
    FDCAN1_IT0_IRQHandler                    0x08000225   Thumb Code     0  startup_stm32l552xx.o(.text)
    FDCAN1_IT1_IRQHandler                    0x08000225   Thumb Code     0  startup_stm32l552xx.o(.text)
    FLASH_IRQHandler                         0x08000225   Thumb Code     0  startup_stm32l552xx.o(.text)
    FLASH_S_IRQHandler                       0x08000225   Thumb Code     0  startup_stm32l552xx.o(.text)
    FMC_IRQHandler                           0x08000225   Thumb Code     0  startup_stm32l552xx.o(.text)
    FPU_IRQHandler                           0x08000225   Thumb Code     0  startup_stm32l552xx.o(.text)
    GTZC_IRQHandler                          0x08000225   Thumb Code     0  startup_stm32l552xx.o(.text)
    HASH_IRQHandler                          0x08000225   Thumb Code     0  startup_stm32l552xx.o(.text)
    I2C1_ER_IRQHandler                       0x08000225   Thumb Code     0  startup_stm32l552xx.o(.text)
    I2C1_EV_IRQHandler                       0x08000225   Thumb Code     0  startup_stm32l552xx.o(.text)
    I2C2_ER_IRQHandler                       0x08000225   Thumb Code     0  startup_stm32l552xx.o(.text)
    I2C2_EV_IRQHandler                       0x08000225   Thumb Code     0  startup_stm32l552xx.o(.text)
    I2C3_ER_IRQHandler                       0x08000225   Thumb Code     0  startup_stm32l552xx.o(.text)
    I2C3_EV_IRQHandler                       0x08000225   Thumb Code     0  startup_stm32l552xx.o(.text)
    I2C4_ER_IRQHandler                       0x08000225   Thumb Code     0  startup_stm32l552xx.o(.text)
    I2C4_EV_IRQHandler                       0x08000225   Thumb Code     0  startup_stm32l552xx.o(.text)
    ICACHE_IRQHandler                        0x08000225   Thumb Code     0  startup_stm32l552xx.o(.text)
    LPTIM1_IRQHandler                        0x08000225   Thumb Code     0  startup_stm32l552xx.o(.text)
    LPTIM2_IRQHandler                        0x08000225   Thumb Code     0  startup_stm32l552xx.o(.text)
    LPTIM3_IRQHandler                        0x08000225   Thumb Code     0  startup_stm32l552xx.o(.text)
    LPUART1_IRQHandler                       0x08000225   Thumb Code     0  startup_stm32l552xx.o(.text)
    OCTOSPI1_IRQHandler                      0x08000225   Thumb Code     0  startup_stm32l552xx.o(.text)
    PVD_PVM_IRQHandler                       0x08000225   Thumb Code     0  startup_stm32l552xx.o(.text)
    RCC_IRQHandler                           0x08000225   Thumb Code     0  startup_stm32l552xx.o(.text)
    RCC_S_IRQHandler                         0x08000225   Thumb Code     0  startup_stm32l552xx.o(.text)
    RNG_IRQHandler                           0x08000225   Thumb Code     0  startup_stm32l552xx.o(.text)
    RTC_IRQHandler                           0x08000225   Thumb Code     0  startup_stm32l552xx.o(.text)
    RTC_S_IRQHandler                         0x08000225   Thumb Code     0  startup_stm32l552xx.o(.text)
    SAI1_IRQHandler                          0x08000225   Thumb Code     0  startup_stm32l552xx.o(.text)
    SAI2_IRQHandler                          0x08000225   Thumb Code     0  startup_stm32l552xx.o(.text)
    SDMMC1_IRQHandler                        0x08000225   Thumb Code     0  startup_stm32l552xx.o(.text)
    SPI1_IRQHandler                          0x08000225   Thumb Code     0  startup_stm32l552xx.o(.text)
    SPI2_IRQHandler                          0x08000225   Thumb Code     0  startup_stm32l552xx.o(.text)
    SPI3_IRQHandler                          0x08000225   Thumb Code     0  startup_stm32l552xx.o(.text)
    TAMP_IRQHandler                          0x08000225   Thumb Code     0  startup_stm32l552xx.o(.text)
    TAMP_S_IRQHandler                        0x08000225   Thumb Code     0  startup_stm32l552xx.o(.text)
    TIM15_IRQHandler                         0x08000225   Thumb Code     0  startup_stm32l552xx.o(.text)
    TIM16_IRQHandler                         0x08000225   Thumb Code     0  startup_stm32l552xx.o(.text)
    TIM17_IRQHandler                         0x08000225   Thumb Code     0  startup_stm32l552xx.o(.text)
    TIM1_BRK_IRQHandler                      0x08000225   Thumb Code     0  startup_stm32l552xx.o(.text)
    TIM1_CC_IRQHandler                       0x08000225   Thumb Code     0  startup_stm32l552xx.o(.text)
    TIM1_TRG_COM_IRQHandler                  0x08000225   Thumb Code     0  startup_stm32l552xx.o(.text)
    TIM1_UP_IRQHandler                       0x08000225   Thumb Code     0  startup_stm32l552xx.o(.text)
    TIM2_IRQHandler                          0x08000225   Thumb Code     0  startup_stm32l552xx.o(.text)
    TIM3_IRQHandler                          0x08000225   Thumb Code     0  startup_stm32l552xx.o(.text)
    TIM4_IRQHandler                          0x08000225   Thumb Code     0  startup_stm32l552xx.o(.text)
    TIM5_IRQHandler                          0x08000225   Thumb Code     0  startup_stm32l552xx.o(.text)
    TIM7_IRQHandler                          0x08000225   Thumb Code     0  startup_stm32l552xx.o(.text)
    TIM8_BRK_IRQHandler                      0x08000225   Thumb Code     0  startup_stm32l552xx.o(.text)
    TIM8_CC_IRQHandler                       0x08000225   Thumb Code     0  startup_stm32l552xx.o(.text)
    TIM8_TRG_COM_IRQHandler                  0x08000225   Thumb Code     0  startup_stm32l552xx.o(.text)
    TIM8_UP_IRQHandler                       0x08000225   Thumb Code     0  startup_stm32l552xx.o(.text)
    TSC_IRQHandler                           0x08000225   Thumb Code     0  startup_stm32l552xx.o(.text)
    UART4_IRQHandler                         0x08000225   Thumb Code     0  startup_stm32l552xx.o(.text)
    UART5_IRQHandler                         0x08000225   Thumb Code     0  startup_stm32l552xx.o(.text)
    UCPD1_IRQHandler                         0x08000225   Thumb Code     0  startup_stm32l552xx.o(.text)
    USART1_IRQHandler                        0x08000225   Thumb Code     0  startup_stm32l552xx.o(.text)
    USART2_IRQHandler                        0x08000225   Thumb Code     0  startup_stm32l552xx.o(.text)
    USART3_IRQHandler                        0x08000225   Thumb Code     0  startup_stm32l552xx.o(.text)
    USB_FS_IRQHandler                        0x08000225   Thumb Code     0  startup_stm32l552xx.o(.text)
    WWDG_IRQHandler                          0x08000225   Thumb Code     0  startup_stm32l552xx.o(.text)
    rand                                     0x08000231   Thumb Code    20  rand.o(.text)
    srand                                    0x08000245   Thumb Code     6  rand.o(.text)
    __aeabi_memcpy                           0x08000255   Thumb Code    36  memcpya.o(.text)
    __aeabi_memcpy4                          0x08000255   Thumb Code     0  memcpya.o(.text)
    __aeabi_memcpy8                          0x08000255   Thumb Code     0  memcpya.o(.text)
    __aeabi_memset                           0x08000279   Thumb Code    14  memseta.o(.text)
    __aeabi_memset4                          0x08000279   Thumb Code     0  memseta.o(.text)
    __aeabi_memset8                          0x08000279   Thumb Code     0  memseta.o(.text)
    __aeabi_memclr                           0x08000287   Thumb Code     4  memseta.o(.text)
    __aeabi_memclr4                          0x08000287   Thumb Code     0  memseta.o(.text)
    __aeabi_memclr8                          0x08000287   Thumb Code     0  memseta.o(.text)
    _memset$wrapper                          0x0800028b   Thumb Code    18  memseta.o(.text)
    __scatterload                            0x0800029d   Thumb Code    38  init.o(.text)
    __scatterload_rt2                        0x0800029d   Thumb Code     0  init.o(.text)
    BSP_LED_Init                             0x080002cd   Thumb Code   130  stm32l5xx_nucleo.o(.text.BSP_LED_Init)
    BSP_LED_Off                              0x08000351   Thumb Code    38  stm32l5xx_nucleo.o(.text.BSP_LED_Off)
    BSP_LED_On                               0x08000379   Thumb Code    38  stm32l5xx_nucleo.o(.text.BSP_LED_On)
    Consumer_0                               0x080003a1   Thumb Code   366  main.o(.text.Consumer_0)
    HAL_GPIO_Init                            0x08000511   Thumb Code   396  stm32l5xx_hal_gpio.o(.text.HAL_GPIO_Init)
    HAL_GPIO_WritePin                        0x0800069d   Thumb Code    12  stm32l5xx_hal_gpio.o(.text.HAL_GPIO_WritePin)
    HAL_GetTick                              0x080006a9   Thumb Code    12  stm32l5xx_hal.o(.text.HAL_GetTick)
    HAL_ICACHE_ConfigAssociativityMode       0x080006b5   Thumb Code    32  stm32l5xx_hal_icache.o(.text.HAL_ICACHE_ConfigAssociativityMode)
    HAL_ICACHE_Enable                        0x080006d5   Thumb Code    20  stm32l5xx_hal_icache.o(.text.HAL_ICACHE_Enable)
    HAL_Init                                 0x080006e9   Thumb Code    34  stm32l5xx_hal.o(.text.HAL_Init)
    HAL_InitTick                             0x0800070d   Thumb Code   136  stm32l5xx_hal_timebase_tim.o(.text.HAL_InitTick)
    HAL_MspInit                              0x08000795   Thumb Code    70  stm32l5xx_hal_msp.o(.text.HAL_MspInit)
    HAL_NVIC_EnableIRQ                       0x080007dd   Thumb Code    32  stm32l5xx_hal_cortex.o(.text.HAL_NVIC_EnableIRQ)
    HAL_NVIC_SetPriority                     0x080007fd   Thumb Code    86  stm32l5xx_hal_cortex.o(.text.HAL_NVIC_SetPriority)
    HAL_NVIC_SetPriorityGrouping             0x08000855   Thumb Code    32  stm32l5xx_hal_cortex.o(.text.HAL_NVIC_SetPriorityGrouping)
    HAL_PWREx_ControlVoltageScaling          0x08000875   Thumb Code   148  stm32l5xx_hal_pwr_ex.o(.text.HAL_PWREx_ControlVoltageScaling)
    HAL_PWREx_DisableUCPDDeadBattery         0x08000909   Thumb Code    18  stm32l5xx_hal_pwr_ex.o(.text.HAL_PWREx_DisableUCPDDeadBattery)
    HAL_PWREx_GetVoltageRange                0x0800091d   Thumb Code    16  stm32l5xx_hal_pwr_ex.o(.text.HAL_PWREx_GetVoltageRange)
    HAL_RCC_ClockConfig                      0x0800092d   Thumb Code   912  stm32l5xx_hal_rcc.o(.text.HAL_RCC_ClockConfig)
    HAL_RCC_GetClockConfig                   0x08000cbd   Thumb Code    66  stm32l5xx_hal_rcc.o(.text.HAL_RCC_GetClockConfig)
    HAL_RCC_GetPCLK1Freq                     0x08000d01   Thumb Code   222  stm32l5xx_hal_rcc.o(.text.HAL_RCC_GetPCLK1Freq)
    HAL_RCC_OscConfig                        0x08000de1   Thumb Code  2356  stm32l5xx_hal_rcc.o(.text.HAL_RCC_OscConfig)
    HAL_TIMEx_Break2Callback                 0x08001715   Thumb Code     2  stm32l5xx_hal_tim_ex.o(.text.HAL_TIMEx_Break2Callback)
    HAL_TIMEx_BreakCallback                  0x08001719   Thumb Code     2  stm32l5xx_hal_tim_ex.o(.text.HAL_TIMEx_BreakCallback)
    HAL_TIMEx_CommutCallback                 0x0800171d   Thumb Code     2  stm32l5xx_hal_tim_ex.o(.text.HAL_TIMEx_CommutCallback)
    HAL_TIM_Base_Init                        0x08001721   Thumb Code    68  stm32l5xx_hal_tim.o(.text.HAL_TIM_Base_Init)
    HAL_TIM_Base_MspInit                     0x08001765   Thumb Code     2  stm32l5xx_hal_tim.o(.text.HAL_TIM_Base_MspInit)
    HAL_TIM_Base_Start_IT                    0x08001769   Thumb Code   164  stm32l5xx_hal_tim.o(.text.HAL_TIM_Base_Start_IT)
    HAL_TIM_IC_CaptureCallback               0x0800180d   Thumb Code     2  stm32l5xx_hal_tim.o(.text.HAL_TIM_IC_CaptureCallback)
    HAL_TIM_IRQHandler                       0x08001811   Thumb Code   396  stm32l5xx_hal_tim.o(.text.HAL_TIM_IRQHandler)
    HAL_TIM_OC_DelayElapsedCallback          0x0800199d   Thumb Code     2  stm32l5xx_hal_tim.o(.text.HAL_TIM_OC_DelayElapsedCallback)
    HAL_TIM_PWM_PulseFinishedCallback        0x080019a1   Thumb Code     2  stm32l5xx_hal_tim.o(.text.HAL_TIM_PWM_PulseFinishedCallback)
    HAL_TIM_PeriodElapsedCallback            0x080019a5   Thumb Code     2  stm32l5xx_hal_tim.o(.text.HAL_TIM_PeriodElapsedCallback)
    HAL_TIM_TriggerCallback                  0x080019a9   Thumb Code     2  stm32l5xx_hal_tim.o(.text.HAL_TIM_TriggerCallback)
    PendSV_Handler                           0x080019b1   Thumb Code   100  portasm.o(.text.PendSV_Handler)
    Producer_0                               0x08001a15   Thumb Code   398  main.o(.text.Producer_0)
    SVC_Handler                              0x08001bb1   Thumb Code    36  portasm.o(.text.SVC_Handler)
    SysTick_Handler                          0x08001bd5   Thumb Code    30  cmsis_os2.o(.text.SysTick_Handler)
    SystemCoreClockUpdate                    0x08001bf5   Thumb Code   170  system_stm32l5xx.o(.text.SystemCoreClockUpdate)
    SystemInit                               0x08001ca1   Thumb Code    18  system_stm32l5xx.o(.text.SystemInit)
    TIM6_IRQHandler                          0x08001cb5   Thumb Code    12  stm32l5xx_it.o(.text.TIM6_IRQHandler)
    TIM_Base_SetConfig                       0x08001cc1   Thumb Code   308  stm32l5xx_hal_tim.o(.text.TIM_Base_SetConfig)
    main                                     0x08001df5   Thumb Code   382  main.o(.text.main)
    osKernelInitialize                       0x08001f75   Thumb Code    40  cmsis_os2.o(.text.osKernelInitialize)
    osKernelStart                            0x08001f9d   Thumb Code    60  cmsis_os2.o(.text.osKernelStart)
    osMutexNew                               0x08001fd9   Thumb Code   116  cmsis_os2.o(.text.osMutexNew)
    osSemaphoreNew                           0x0800204d   Thumb Code   182  cmsis_os2.o(.text.osSemaphoreNew)
    osThreadNew                              0x08002105   Thumb Code   152  cmsis_os2.o(.text.osThreadNew)
    pvPortMalloc                             0x08002969   Thumb Code   470  heap_4.o(.text.pvPortMalloc)
    pxPortInitialiseStack                    0x08002b41   Thumb Code   110  port.o(.text.pxPortInitialiseStack)
    ulSetInterruptMask                       0x08002bb1   Thumb Code    22  portasm.o(.text.ulSetInterruptMask)
    uxListRemove                             0x08002bc9   Thumb Code    34  list.o(.text.uxListRemove)
    vApplicationGetIdleTaskMemory            0x08002bed   Thumb Code    28  cmsis_os2.o(.text.vApplicationGetIdleTaskMemory)
    vApplicationGetTimerTaskMemory           0x08002c09   Thumb Code    28  cmsis_os2.o(.text.vApplicationGetTimerTaskMemory)
    vClearInterruptMask                      0x08002c25   Thumb Code    14  portasm.o(.text.vClearInterruptMask)
    vListInitialise                          0x08002c35   Thumb Code    22  list.o(.text.vListInitialise)
    vListInitialiseItem                      0x08002c4d   Thumb Code     6  list.o(.text.vListInitialiseItem)
    vListInsert                              0x08002c55   Thumb Code    98  list.o(.text.vListInsert)
    vListInsertEnd                           0x08002cb9   Thumb Code    26  list.o(.text.vListInsertEnd)
    vPortEnterCritical                       0x08002cd5   Thumb Code    30  port.o(.text.vPortEnterCritical)
    vPortExitCritical                        0x08002cf5   Thumb Code    46  port.o(.text.vPortExitCritical)
    vPortFree                                0x08002d25   Thumb Code   188  heap_4.o(.text.vPortFree)
    vPortSVCHandler_C                        0x08002de1   Thumb Code    58  port.o(.text.vPortSVCHandler_C)
    vPortSetupTimerInterrupt                 0x08002e1d   Thumb Code    52  port.o(.text.vPortSetupTimerInterrupt)
    vPortYield                               0x08002e51   Thumb Code    24  port.o(.text.vPortYield)
    vQueueAddToRegistry                      0x08002e69   Thumb Code    88  queue.o(.text.vQueueAddToRegistry)
    vQueueDelete                             0x08002ec1   Thumb Code   122  queue.o(.text.vQueueDelete)
    vQueueWaitForMessageRestricted           0x08002f3d   Thumb Code    82  queue.o(.text.vQueueWaitForMessageRestricted)
    vRestoreContextOfFirstTask               0x08002f91   Thumb Code    36  portasm.o(.text.vRestoreContextOfFirstTask)
    vStartFirstTask                          0x08002fc1   Thumb Code    36  portasm.o(.text.vStartFirstTask)
    vTaskInternalSetTimeOutState             0x08002fe5   Thumb Code    18  tasks.o(.text.vTaskInternalSetTimeOutState)
    vTaskMissedYield                         0x08002ff9   Thumb Code    14  tasks.o(.text.vTaskMissedYield)
    vTaskPlaceOnEventList                    0x08003009   Thumb Code   104  tasks.o(.text.vTaskPlaceOnEventList)
    vTaskPlaceOnEventListRestricted          0x08003071   Thumb Code   110  tasks.o(.text.vTaskPlaceOnEventListRestricted)
    vTaskStartScheduler                      0x080030e1   Thumb Code   168  tasks.o(.text.vTaskStartScheduler)
    vTaskSuspendAll                          0x08003191   Thumb Code    16  tasks.o(.text.vTaskSuspendAll)
    vTaskSwitchContext                       0x080031a1   Thumb Code   188  tasks.o(.text.vTaskSwitchContext)
    xPortStartScheduler                      0x0800325d   Thumb Code    92  port.o(.text.xPortStartScheduler)
    xPortSysTickHandler                      0x080032b9   Thumb Code    38  port.o(.text.xPortSysTickHandler)
    xQueueCreateCountingSemaphore            0x080032e1   Thumb Code    42  queue.o(.text.xQueueCreateCountingSemaphore)
    xQueueCreateCountingSemaphoreStatic      0x0800330d   Thumb Code    62  queue.o(.text.xQueueCreateCountingSemaphoreStatic)
    xQueueCreateMutex                        0x0800334d   Thumb Code   112  queue.o(.text.xQueueCreateMutex)
    xQueueCreateMutexStatic                  0x080033bd   Thumb Code    48  queue.o(.text.xQueueCreateMutexStatic)
    xQueueGenericCreate                      0x080033ed   Thumb Code   122  queue.o(.text.xQueueGenericCreate)
    xQueueGenericCreateStatic                0x08003469   Thumb Code   158  queue.o(.text.xQueueGenericCreateStatic)
    xQueueGenericSend                        0x08003509   Thumb Code   580  queue.o(.text.xQueueGenericSend)
    xQueueReceive                            0x0800374d   Thumb Code   470  queue.o(.text.xQueueReceive)
    xTaskCheckForTimeOut                     0x08003925   Thumb Code   130  tasks.o(.text.xTaskCheckForTimeOut)
    xTaskCreate                              0x080039a9   Thumb Code    96  tasks.o(.text.xTaskCreate)
    xTaskCreateStatic                        0x08003a09   Thumb Code    82  tasks.o(.text.xTaskCreateStatic)
    xTaskGetSchedulerState                   0x08003a5d   Thumb Code    30  tasks.o(.text.xTaskGetSchedulerState)
    xTaskGetTickCount                        0x08003a7d   Thumb Code    12  tasks.o(.text.xTaskGetTickCount)
    xTaskIncrementTick                       0x08003a89   Thumb Code   248  tasks.o(.text.xTaskIncrementTick)
    xTaskPriorityDisinherit                  0x08003b81   Thumb Code   118  tasks.o(.text.xTaskPriorityDisinherit)
    xTaskRemoveFromEventList                 0x08003bf9   Thumb Code   102  tasks.o(.text.xTaskRemoveFromEventList)
    xTaskResumeAll                           0x08003c61   Thumb Code   208  tasks.o(.text.xTaskResumeAll)
    xTimerCreateTimerTask                    0x08003d31   Thumb Code   164  timers.o(.text.xTimerCreateTimerTask)
    __scatterload_copy                       0x08003ddd   Thumb Code    14  handlers.o(i.__scatterload_copy)
    __scatterload_null                       0x08003deb   Thumb Code     2  handlers.o(i.__scatterload_null)
    __scatterload_zeroinit                   0x08003ded   Thumb Code    14  handlers.o(i.__scatterload_zeroinit)
    AHBPrescTable                            0x08003dfa   Data          16  system_stm32l5xx.o(.rodata.AHBPrescTable)
    APBPrescTable                            0x08003e0a   Data           8  system_stm32l5xx.o(.rodata.APBPrescTable)
    MSIRangeTable                            0x08003e24   Data          64  system_stm32l5xx.o(.rodata.MSIRangeTable)
    mutexAttr                                0x08003e64   Data          16  main.o(.rodata.mutexAttr)
    semAttr                                  0x08003e74   Data          16  main.o(.rodata.semAttr)
    Region$$Table$$Base                      0x08003e94   Number         0  anon$$obj.o(Region$$Table)
    Region$$Table$$Limit                     0x08003eb4   Number         0  anon$$obj.o(Region$$Table)
    uwTickPrio                               0x20000004   Data           4  stm32l5xx_hal.o(.data..L_MergedGlobals)
    uwTickFreq                               0x20000008   Data           4  stm32l5xx_hal.o(.data..L_MergedGlobals)
    SystemCoreClock                          0x2000000c   Data           4  system_stm32l5xx.o(.data.SystemCoreClock)
    i                                        0x20000018   Data           4  main.o(.bss..L_MergedGlobals)
    mutexID                                  0x2000001c   Data           4  main.o(.bss..L_MergedGlobals)
    semID                                    0x20000020   Data           4  main.o(.bss..L_MergedGlobals)
    semID1                                   0x20000024   Data           4  main.o(.bss..L_MergedGlobals)
    semID2                                   0x20000028   Data           4  main.o(.bss..L_MergedGlobals)
    ThreadID1                                0x2000002c   Data           4  main.o(.bss..L_MergedGlobals)
    ThreadID2                                0x20000030   Data           4  main.o(.bss..L_MergedGlobals)
    semIDA                                   0x20000034   Data           4  main.o(.bss..L_MergedGlobals)
    semIDB                                   0x20000038   Data           4  main.o(.bss..L_MergedGlobals)
    tickets                                  0x2000003c   Data           4  main.o(.bss..L_MergedGlobals)
    producer_datum                           0x20000040   Data           4  main.o(.bss..L_MergedGlobals)
    consumer_datum                           0x20000044   Data           4  main.o(.bss..L_MergedGlobals)
    buffer                                   0x20000048   Data          40  main.o(.bss..L_MergedGlobals)
    pxCurrentTCB                             0x20000070   Data           4  tasks.o(.bss..L_MergedGlobals)
    htim6                                    0x20000170   Data         112  stm32l5xx_hal_timebase_tim.o(.bss.htim6)
    uwTick                                   0x200026e8   Data           4  stm32l5xx_hal.o(.bss.uwTick)
    xQueueRegistry                           0x20003fa4   Data          64  queue.o(.bss.xQueueRegistry)
    __initial_sp                             0x200047e8   Data           0  startup_stm32l552xx.o(STACK)



==============================================================================

Memory Map of the image

  Image Entry point : 0x080001f5

  Load Region LR_IROM1 (Base: 0x08000000, Size: 0x00003ed0, Max: 0x00080000, ABSOLUTE)

    Execution Region ER_IROM1 (Exec base: 0x08000000, Load base: 0x08000000, Size: 0x00003eb4, Max: 0x00080000, ABSOLUTE)

    Exec Addr    Load Addr    Size         Type   Attr      Idx    E Section Name        Object

    0x08000000   0x08000000   0x000001f4   Data   RO            3    RESET               startup_stm32l552xx.o
    0x080001f4   0x080001f4   0x00000000   Code   RO         1882  * .ARM.Collect$$$$00000000  mc_w.l(entry.o)
    0x080001f4   0x080001f4   0x00000004   Code   RO         1894    .ARM.Collect$$$$00000001  mc_w.l(entry2.o)
    0x080001f8   0x080001f8   0x00000004   Code   RO         1897    .ARM.Collect$$$$00000004  mc_w.l(entry5.o)
    0x080001fc   0x080001fc   0x00000000   Code   RO         1899    .ARM.Collect$$$$00000008  mc_w.l(entry7b.o)
    0x080001fc   0x080001fc   0x00000000   Code   RO         1901    .ARM.Collect$$$$0000000A  mc_w.l(entry8b.o)
    0x080001fc   0x080001fc   0x00000008   Code   RO         1902    .ARM.Collect$$$$0000000B  mc_w.l(entry9a.o)
    0x08000204   0x08000204   0x00000000   Code   RO         1904    .ARM.Collect$$$$0000000D  mc_w.l(entry10a.o)
    0x08000204   0x08000204   0x00000000   Code   RO         1906    .ARM.Collect$$$$0000000F  mc_w.l(entry11a.o)
    0x08000204   0x08000204   0x00000004   Code   RO         1895    .ARM.Collect$$$$00002712  mc_w.l(entry2.o)
    0x08000208   0x08000208   0x00000028   Code   RO            4    .text               startup_stm32l552xx.o
    0x08000230   0x08000230   0x00000024   Code   RO         1885    .text               mc_w.l(rand.o)
    0x08000254   0x08000254   0x00000024   Code   RO         1888    .text               mc_w.l(memcpya.o)
    0x08000278   0x08000278   0x00000024   Code   RO         1890    .text               mc_w.l(memseta.o)
    0x0800029c   0x0800029c   0x00000030   Code   RO         1908    .text               mc_w.l(init.o)
    0x080002cc   0x080002cc   0x00000082   Code   RO          115    .text.BSP_LED_Init  stm32l5xx_nucleo.o
    0x0800034e   0x0800034e   0x00000002   PAD
    0x08000350   0x08000350   0x00000026   Code   RO          121    .text.BSP_LED_Off   stm32l5xx_nucleo.o
    0x08000376   0x08000376   0x00000002   PAD
    0x08000378   0x08000378   0x00000026   Code   RO          119    .text.BSP_LED_On    stm32l5xx_nucleo.o
    0x0800039e   0x0800039e   0x00000002   PAD
    0x080003a0   0x080003a0   0x0000016e   Code   RO           21    .text.Consumer_0    main.o
    0x0800050e   0x0800050e   0x00000002   PAD
    0x08000510   0x08000510   0x0000018c   Code   RO          944    .text.HAL_GPIO_Init  stm32l5xx_hal_gpio.o
    0x0800069c   0x0800069c   0x0000000c   Code   RO          950    .text.HAL_GPIO_WritePin  stm32l5xx_hal_gpio.o
    0x080006a8   0x080006a8   0x0000000c   Code   RO          521    .text.HAL_GetTick   stm32l5xx_hal.o
    0x080006b4   0x080006b4   0x00000020   Code   RO         1235    .text.HAL_ICACHE_ConfigAssociativityMode  stm32l5xx_hal_icache.o
    0x080006d4   0x080006d4   0x00000014   Code   RO         1247    .text.HAL_ICACHE_Enable  stm32l5xx_hal_icache.o
    0x080006e8   0x080006e8   0x00000022   Code   RO          509    .text.HAL_Init      stm32l5xx_hal.o
    0x0800070a   0x0800070a   0x00000002   PAD
    0x0800070c   0x0800070c   0x00000088   Code   RO           93    .text.HAL_InitTick  stm32l5xx_hal_timebase_tim.o
    0x08000794   0x08000794   0x00000046   Code   RO           84    .text.HAL_MspInit   stm32l5xx_hal_msp.o
    0x080007da   0x080007da   0x00000002   PAD
    0x080007dc   0x080007dc   0x00000020   Code   RO         1190    .text.HAL_NVIC_EnableIRQ  stm32l5xx_hal_cortex.o
    0x080007fc   0x080007fc   0x00000056   Code   RO         1188    .text.HAL_NVIC_SetPriority  stm32l5xx_hal_cortex.o
    0x08000852   0x08000852   0x00000002   PAD
    0x08000854   0x08000854   0x00000020   Code   RO         1186    .text.HAL_NVIC_SetPriorityGrouping  stm32l5xx_hal_cortex.o
    0x08000874   0x08000874   0x00000094   Code   RO         1076    .text.HAL_PWREx_ControlVoltageScaling  stm32l5xx_hal_pwr_ex.o
    0x08000908   0x08000908   0x00000012   Code   RO         1156    .text.HAL_PWREx_DisableUCPDDeadBattery  stm32l5xx_hal_pwr_ex.o
    0x0800091a   0x0800091a   0x00000002   PAD
    0x0800091c   0x0800091c   0x00000010   Code   RO         1074    .text.HAL_PWREx_GetVoltageRange  stm32l5xx_hal_pwr_ex.o
    0x0800092c   0x0800092c   0x00000390   Code   RO          767    .text.HAL_RCC_ClockConfig  stm32l5xx_hal_rcc.o
    0x08000cbc   0x08000cbc   0x00000042   Code   RO          779    .text.HAL_RCC_GetClockConfig  stm32l5xx_hal_rcc.o
    0x08000cfe   0x08000cfe   0x00000002   PAD
    0x08000d00   0x08000d00   0x000000de   Code   RO          773    .text.HAL_RCC_GetPCLK1Freq  stm32l5xx_hal_rcc.o
    0x08000dde   0x08000dde   0x00000002   PAD
    0x08000de0   0x08000de0   0x00000934   Code   RO          763    .text.HAL_RCC_OscConfig  stm32l5xx_hal_rcc.o
    0x08001714   0x08001714   0x00000002   Code   RO          495    .text.HAL_TIMEx_Break2Callback  stm32l5xx_hal_tim_ex.o
    0x08001716   0x08001716   0x00000002   PAD
    0x08001718   0x08001718   0x00000002   Code   RO          493    .text.HAL_TIMEx_BreakCallback  stm32l5xx_hal_tim_ex.o
    0x0800171a   0x0800171a   0x00000002   PAD
    0x0800171c   0x0800171c   0x00000002   Code   RO          489    .text.HAL_TIMEx_CommutCallback  stm32l5xx_hal_tim_ex.o
    0x0800171e   0x0800171e   0x00000002   PAD
    0x08001720   0x08001720   0x00000044   Code   RO          180    .text.HAL_TIM_Base_Init  stm32l5xx_hal_tim.o
    0x08001764   0x08001764   0x00000002   Code   RO          182    .text.HAL_TIM_Base_MspInit  stm32l5xx_hal_tim.o
    0x08001766   0x08001766   0x00000002   PAD
    0x08001768   0x08001768   0x000000a4   Code   RO          194    .text.HAL_TIM_Base_Start_IT  stm32l5xx_hal_tim.o
    0x0800180c   0x0800180c   0x00000002   Code   RO          316    .text.HAL_TIM_IC_CaptureCallback  stm32l5xx_hal_tim.o
    0x0800180e   0x0800180e   0x00000002   PAD
    0x08001810   0x08001810   0x0000018c   Code   RO          314    .text.HAL_TIM_IRQHandler  stm32l5xx_hal_tim.o
    0x0800199c   0x0800199c   0x00000002   Code   RO          318    .text.HAL_TIM_OC_DelayElapsedCallback  stm32l5xx_hal_tim.o
    0x0800199e   0x0800199e   0x00000002   PAD
    0x080019a0   0x080019a0   0x00000002   Code   RO          320    .text.HAL_TIM_PWM_PulseFinishedCallback  stm32l5xx_hal_tim.o
    0x080019a2   0x080019a2   0x00000002   PAD
    0x080019a4   0x080019a4   0x00000002   Code   RO          322    .text.HAL_TIM_PeriodElapsedCallback  stm32l5xx_hal_tim.o
    0x080019a6   0x080019a6   0x00000002   PAD
    0x080019a8   0x080019a8   0x00000002   Code   RO          324    .text.HAL_TIM_TriggerCallback  stm32l5xx_hal_tim.o
    0x080019aa   0x080019aa   0x00000006   PAD
    0x080019b0   0x080019b0   0x00000064   Code   RO         1872    .text.PendSV_Handler  portasm.o
    0x08001a14   0x08001a14   0x0000018e   Code   RO           19    .text.Producer_0    main.o
    0x08001ba2   0x08001ba2   0x0000000e   PAD
    0x08001bb0   0x08001bb0   0x00000024   Code   RO         1874    .text.SVC_Handler   portasm.o
    0x08001bd4   0x08001bd4   0x0000001e   Code   RO         1642    .text.SysTick_Handler  cmsis_os2.o
    0x08001bf2   0x08001bf2   0x00000002   PAD
    0x08001bf4   0x08001bf4   0x000000aa   Code   RO         1281    .text.SystemCoreClockUpdate  system_stm32l5xx.o
    0x08001c9e   0x08001c9e   0x00000002   PAD
    0x08001ca0   0x08001ca0   0x00000012   Code   RO         1279    .text.SystemInit    system_stm32l5xx.o
    0x08001cb2   0x08001cb2   0x00000002   PAD
    0x08001cb4   0x08001cb4   0x0000000c   Code   RO           76    .text.TIM6_IRQHandler  stm32l5xx_it.o
    0x08001cc0   0x08001cc0   0x00000134   Code   RO          184    .text.TIM_Base_SetConfig  stm32l5xx_hal_tim.o
    0x08001df4   0x08001df4   0x0000017e   Code   RO           13    .text.main          main.o
    0x08001f72   0x08001f72   0x00000002   PAD
    0x08001f74   0x08001f74   0x00000028   Code   RO         1644    .text.osKernelInitialize  cmsis_os2.o
    0x08001f9c   0x08001f9c   0x0000003c   Code   RO         1650    .text.osKernelStart  cmsis_os2.o
    0x08001fd8   0x08001fd8   0x00000074   Code   RO         1732    .text.osMutexNew    cmsis_os2.o
    0x0800204c   0x0800204c   0x000000b6   Code   RO         1742    .text.osSemaphoreNew  cmsis_os2.o
    0x08002102   0x08002102   0x00000002   PAD
    0x08002104   0x08002104   0x00000098   Code   RO         1666    .text.osThreadNew   cmsis_os2.o
    0x0800219c   0x0800219c   0x00000280   Code   RO         1479    .text.prvAddNewTaskToReadyList  tasks.o
    0x0800241c   0x0800241c   0x00000066   Code   RO         1509    .text.prvIdleTask   tasks.o
    0x08002482   0x08002482   0x00000002   PAD
    0x08002484   0x08002484   0x00000106   Code   RO         1477    .text.prvInitialiseNewTask  tasks.o
    0x0800258a   0x0800258a   0x00000002   PAD
    0x0800258c   0x0800258c   0x00000036   Code   RO         1841    .text.prvTaskExitError  port.o
    0x080025c2   0x080025c2   0x00000002   PAD
    0x080025c4   0x080025c4   0x0000032e   Code   RO         1594    .text.prvTimerTask  timers.o
    0x080028f2   0x080028f2   0x00000002   PAD
    0x080028f4   0x080028f4   0x00000074   Code   RO         1376    .text.prvUnlockQueue  queue.o
    0x08002968   0x08002968   0x000001d6   Code   RO         1805    .text.pvPortMalloc  heap_4.o
    0x08002b3e   0x08002b3e   0x00000002   PAD
    0x08002b40   0x08002b40   0x0000006e   Code   RO         1839    .text.pxPortInitialiseStack  port.o
    0x08002bae   0x08002bae   0x00000002   PAD
    0x08002bb0   0x08002bb0   0x00000016   Code   RO         1868    .text.ulSetInterruptMask  portasm.o
    0x08002bc6   0x08002bc6   0x00000002   PAD
    0x08002bc8   0x08002bc8   0x00000022   Code   RO         1340    .text.uxListRemove  list.o
    0x08002bea   0x08002bea   0x00000002   PAD
    0x08002bec   0x08002bec   0x0000001c   Code   RO         1788    .text.vApplicationGetIdleTaskMemory  cmsis_os2.o
    0x08002c08   0x08002c08   0x0000001c   Code   RO         1790    .text.vApplicationGetTimerTaskMemory  cmsis_os2.o
    0x08002c24   0x08002c24   0x0000000e   Code   RO         1870    .text.vClearInterruptMask  portasm.o
    0x08002c32   0x08002c32   0x00000002   PAD
    0x08002c34   0x08002c34   0x00000016   Code   RO         1332    .text.vListInitialise  list.o
    0x08002c4a   0x08002c4a   0x00000002   PAD
    0x08002c4c   0x08002c4c   0x00000006   Code   RO         1334    .text.vListInitialiseItem  list.o
    0x08002c52   0x08002c52   0x00000002   PAD
    0x08002c54   0x08002c54   0x00000062   Code   RO         1338    .text.vListInsert   list.o
    0x08002cb6   0x08002cb6   0x00000002   PAD
    0x08002cb8   0x08002cb8   0x0000001a   Code   RO         1336    .text.vListInsertEnd  list.o
    0x08002cd2   0x08002cd2   0x00000002   PAD
    0x08002cd4   0x08002cd4   0x0000001e   Code   RO         1831    .text.vPortEnterCritical  port.o
    0x08002cf2   0x08002cf2   0x00000002   PAD
    0x08002cf4   0x08002cf4   0x0000002e   Code   RO         1833    .text.vPortExitCritical  port.o
    0x08002d22   0x08002d22   0x00000002   PAD
    0x08002d24   0x08002d24   0x000000bc   Code   RO         1807    .text.vPortFree     heap_4.o
    0x08002de0   0x08002de0   0x0000003a   Code   RO         1837    .text.vPortSVCHandler_C  port.o
    0x08002e1a   0x08002e1a   0x00000002   PAD
    0x08002e1c   0x08002e1c   0x00000034   Code   RO         1827    .text.vPortSetupTimerInterrupt  port.o
    0x08002e50   0x08002e50   0x00000018   Code   RO         1829    .text.vPortYield    port.o
    0x08002e68   0x08002e68   0x00000058   Code   RO         1410    .text.vQueueAddToRegistry  queue.o
    0x08002ec0   0x08002ec0   0x0000007a   Code   RO         1396    .text.vQueueDelete  queue.o
    0x08002f3a   0x08002f3a   0x00000002   PAD
    0x08002f3c   0x08002f3c   0x00000052   Code   RO         1414    .text.vQueueWaitForMessageRestricted  queue.o
    0x08002f8e   0x08002f8e   0x00000002   PAD
    0x08002f90   0x08002f90   0x00000024   Code   RO         1858    .text.vRestoreContextOfFirstTask  portasm.o
    0x08002fb4   0x08002fb4   0x0000000c   PAD
    0x08002fc0   0x08002fc0   0x00000024   Code   RO         1866    .text.vStartFirstTask  portasm.o
    0x08002fe4   0x08002fe4   0x00000012   Code   RO         1539    .text.vTaskInternalSetTimeOutState  tasks.o
    0x08002ff6   0x08002ff6   0x00000002   PAD
    0x08002ff8   0x08002ff8   0x0000000e   Code   RO         1543    .text.vTaskMissedYield  tasks.o
    0x08003006   0x08003006   0x00000002   PAD
    0x08003008   0x08003008   0x00000068   Code   RO         1527    .text.vTaskPlaceOnEventList  tasks.o
    0x08003070   0x08003070   0x0000006e   Code   RO         1531    .text.vTaskPlaceOnEventListRestricted  tasks.o
    0x080030de   0x080030de   0x00000002   PAD
    0x080030e0   0x080030e0   0x000000b0   Code   RO         1507    .text.vTaskStartScheduler  tasks.o
    0x08003190   0x08003190   0x00000010   Code   RO         1487    .text.vTaskSuspendAll  tasks.o
    0x080031a0   0x080031a0   0x000000bc   Code   RO         1503    .text.vTaskSwitchContext  tasks.o
    0x0800325c   0x0800325c   0x0000005c   Code   RO         1843    .text.xPortStartScheduler  port.o
    0x080032b8   0x080032b8   0x00000026   Code   RO         1835    .text.xPortSysTickHandler  port.o
    0x080032de   0x080032de   0x00000002   PAD
    0x080032e0   0x080032e0   0x0000002a   Code   RO         1374    .text.xQueueCreateCountingSemaphore  queue.o
    0x0800330a   0x0800330a   0x00000002   PAD
    0x0800330c   0x0800330c   0x0000003e   Code   RO         1372    .text.xQueueCreateCountingSemaphoreStatic  queue.o
    0x0800334a   0x0800334a   0x00000002   PAD
    0x0800334c   0x0800334c   0x00000070   Code   RO         1356    .text.xQueueCreateMutex  queue.o
    0x080033bc   0x080033bc   0x00000030   Code   RO         1358    .text.xQueueCreateMutexStatic  queue.o
    0x080033ec   0x080033ec   0x0000007a   Code   RO         1354    .text.xQueueGenericCreate  queue.o
    0x08003466   0x08003466   0x00000002   PAD
    0x08003468   0x08003468   0x0000009e   Code   RO         1352    .text.xQueueGenericCreateStatic  queue.o
    0x08003506   0x08003506   0x00000002   PAD
    0x08003508   0x08003508   0x00000244   Code   RO         1366    .text.xQueueGenericSend  queue.o
    0x0800374c   0x0800374c   0x000001d6   Code   RO         1382    .text.xQueueReceive  queue.o
    0x08003922   0x08003922   0x00000002   PAD
    0x08003924   0x08003924   0x00000082   Code   RO         1541    .text.xTaskCheckForTimeOut  tasks.o
    0x080039a6   0x080039a6   0x00000002   PAD
    0x080039a8   0x080039a8   0x00000060   Code   RO         1481    .text.xTaskCreate   tasks.o
    0x08003a08   0x08003a08   0x00000052   Code   RO         1475    .text.xTaskCreateStatic  tasks.o
    0x08003a5a   0x08003a5a   0x00000002   PAD
    0x08003a5c   0x08003a5c   0x0000001e   Code   RO         1555    .text.xTaskGetSchedulerState  tasks.o
    0x08003a7a   0x08003a7a   0x00000002   PAD
    0x08003a7c   0x08003a7c   0x0000000c   Code   RO         1515    .text.xTaskGetTickCount  tasks.o
    0x08003a88   0x08003a88   0x000000f8   Code   RO         1513    .text.xTaskIncrementTick  tasks.o
    0x08003b80   0x08003b80   0x00000076   Code   RO         1559    .text.xTaskPriorityDisinherit  tasks.o
    0x08003bf6   0x08003bf6   0x00000002   PAD
    0x08003bf8   0x08003bf8   0x00000066   Code   RO         1533    .text.xTaskRemoveFromEventList  tasks.o
    0x08003c5e   0x08003c5e   0x00000002   PAD
    0x08003c60   0x08003c60   0x000000d0   Code   RO         1489    .text.xTaskResumeAll  tasks.o
    0x08003d30   0x08003d30   0x000000ac   Code   RO         1592    .text.xTimerCreateTimerTask  timers.o
    0x08003ddc   0x08003ddc   0x0000000e   Code   RO         1912    i.__scatterload_copy  mc_w.l(handlers.o)
    0x08003dea   0x08003dea   0x00000002   Code   RO         1913    i.__scatterload_null  mc_w.l(handlers.o)
    0x08003dec   0x08003dec   0x0000000e   Code   RO         1914    i.__scatterload_zeroinit  mc_w.l(handlers.o)
    0x08003dfa   0x08003dfa   0x00000010   Data   RO         1284    .rodata.AHBPrescTable  system_stm32l5xx.o
    0x08003e0a   0x08003e0a   0x00000008   Data   RO         1285    .rodata.APBPrescTable  system_stm32l5xx.o
    0x08003e12   0x08003e12   0x00000006   Data   RO          139    .rodata.LED_PIN     stm32l5xx_nucleo.o
    0x08003e18   0x08003e18   0x0000000c   Data   RO          140    .rodata.LED_PORT    stm32l5xx_nucleo.o
    0x08003e24   0x08003e24   0x00000040   Data   RO         1286    .rodata.MSIRangeTable  system_stm32l5xx.o
    0x08003e64   0x08003e64   0x00000010   Data   RO           64    .rodata.mutexAttr   main.o
    0x08003e74   0x08003e74   0x00000010   Data   RO           65    .rodata.semAttr     main.o
    0x08003e84   0x08003e84   0x0000000a   Data   RO           63    .rodata.str1.1      main.o
    0x08003e8e   0x08003e8e   0x00000005   Data   RO         1632    .rodata.str1.1      timers.o
    0x08003e93   0x08003e93   0x00000001   PAD
    0x08003e94   0x08003e94   0x00000020   Data   RO         1911    Region$$Table       anon$$obj.o


    Execution Region RW_IRAM1 (Exec base: 0x20000000, Load base: 0x08003eb8, Size: 0x000047e8, Max: 0x00040000, ABSOLUTE)

    Exec Addr    Load Addr    Size         Type   Attr      Idx    E Section Name        Object

    0x20000000   0x08003eb8   0x00000004   Data   RW         1886    .data               mc_w.l(rand.o)
    0x20000004   0x08003ebc   0x00000008   Data   RW          580    .data..L_MergedGlobals  stm32l5xx_hal.o
    0x2000000c   0x08003ec4   0x00000004   Data   RW         1283    .data.SystemCoreClock  system_stm32l5xx.o
    0x20000010   0x08003ec8   0x00000004   Data   RW         1849    .data.ulCriticalNesting  port.o
    0x20000014   0x08003ecc   0x00000004   PAD
    0x20000018        -       0x00000058   Zero   RW           67    .bss..L_MergedGlobals  main.o
    0x20000070        -       0x00000078   Zero   RW         1582    .bss..L_MergedGlobals  tasks.o
    0x200000e8        -       0x0000003c   Zero   RW         1633    .bss..L_MergedGlobals  timers.o
    0x20000124        -       0x00000020   Zero   RW         1818    .bss..L_MergedGlobals  heap_4.o
    0x20000144        -       0x00000028   Zero   RW         1583    .bss..L_MergedGlobals.2  tasks.o
    0x2000016c        -       0x00000004   Zero   RW         1792    .bss.KernelState    cmsis_os2.o
    0x20000170        -       0x00000070   Zero   RW           99    .bss.htim6          stm32l5xx_hal_timebase_tim.o
    0x200001e0        -       0x000000a0   Zero   RW         1631    .bss.prvCheckForValidListAndQueue.ucStaticTimerQueueStorage  timers.o
    0x20000280        -       0x00000050   Zero   RW         1630    .bss.prvCheckForValidListAndQueue.xStaticTimerQueue  timers.o
    0x200002d0        -       0x00000460   Zero   RW         1581    .bss.pxReadyTasksLists  tasks.o
    0x20000730        -       0x00001fb8   Zero   RW         1817    .bss.ucHeap         heap_4.o
    0x200026e8        -       0x00000004   Zero   RW          579    .bss.uwTick         stm32l5xx_hal.o
    0x200026ec        -       0x00000800   Zero   RW         1794    .bss.vApplicationGetIdleTaskMemory.Idle_Stack  cmsis_os2.o
    0x20002eec        -       0x0000005c   Zero   RW         1793    .bss.vApplicationGetIdleTaskMemory.Idle_TCB  cmsis_os2.o
    0x20002f48        -       0x00001000   Zero   RW         1796    .bss.vApplicationGetTimerTaskMemory.Timer_Stack  cmsis_os2.o
    0x20003f48        -       0x0000005c   Zero   RW         1795    .bss.vApplicationGetTimerTaskMemory.Timer_TCB  cmsis_os2.o
    0x20003fa4        -       0x00000040   Zero   RW         1416    .bss.xQueueRegistry  queue.o
    0x20003fe4   0x08003ecc   0x00000004   PAD
    0x20003fe8        -       0x00000800   Zero   RW            1    STACK               startup_stm32l552xx.o


==============================================================================

Image component sizes


      Code (inc. data)   RO Data    RW Data    ZI Data      Debug   Object Name

       636          0          0          0       6332      43855   cmsis_os2.o
       658          0          0          0       8152       5717   heap_4.o
       186          0          0          0          0       2497   list.o
      1146          0         42          0         88      24498   main.o
       504          0          0          4          0       3684   port.o
       244         16          0          0          0       1502   portasm.o
      2002          0          0          0         64      27194   queue.o
        40         10        500          0       2048        968   startup_stm32l552xx.o
        46          0          0          8          4      10219   stm32l5xx_hal.o
       150          0          0          0          0      12217   stm32l5xx_hal_cortex.o
       408          0          0          0          0       4766   stm32l5xx_hal_gpio.o
        52          0          0          0          0       6627   stm32l5xx_hal_icache.o
        70          0          0          0          0       4564   stm32l5xx_hal_msp.o
       182          0          0          0          0      12942   stm32l5xx_hal_pwr_ex.o
      3556          0          0          0          0      17746   stm32l5xx_hal_rcc.o
       948          0          0          0          0      61319   stm32l5xx_hal_tim.o
         6          0          0          0          0      25619   stm32l5xx_hal_tim_ex.o
       136          0          0          0        112       8695   stm32l5xx_hal_timebase_tim.o
        12          0          0          0          0       4332   stm32l5xx_it.o
       206          0         18          0          0       9098   stm32l5xx_nucleo.o
       188          6         88          4          0       3822   system_stm32l5xx.o
      2656          8          0          0       1280      41293   tasks.o
       986         18          5          0        300      16109   timers.o

    ----------------------------------------------------------------------
     15160         70        686         16      18388     349283   Object Totals
         0          0         32          0          0          0   (incl. Generated)
       142         12          1          0          8          0   (incl. Padding)

    ----------------------------------------------------------------------

      Code (inc. data)   RO Data    RW Data    ZI Data      Debug   Library Member Name

         0          0          0          0          0          0   entry.o
         0          0          0          0          0          0   entry10a.o
         0          0          0          0          0          0   entry11a.o
         8          4          0          0          0          0   entry2.o
         4          0          0          0          0          0   entry5.o
         0          0          0          0          0          0   entry7b.o
         0          0          0          0          0          0   entry8b.o
         8          4          0          0          0          0   entry9a.o
        30          0          0          0          0          0   handlers.o
        48         10          0          0          0         68   init.o
        36          0          0          0          0         68   memcpya.o
        36          0          0          0          0        108   memseta.o
        36         10          0          4          0        136   rand.o

    ----------------------------------------------------------------------
       206         28          0          4          0        380   Library Totals
         0          0          0          0          0          0   (incl. Padding)

    ----------------------------------------------------------------------

      Code (inc. data)   RO Data    RW Data    ZI Data      Debug   Library Name

       206         28          0          4          0        380   mc_w.l

    ----------------------------------------------------------------------
       206         28          0          4          0        380   Library Totals

    ----------------------------------------------------------------------

==============================================================================


      Code (inc. data)   RO Data    RW Data    ZI Data      Debug   

     15366         98        686         20      18388     349395   Grand Totals
     15366         98        686         20      18388     349395   ELF Image Totals
     15366         98        686         20          0          0   ROM Totals

==============================================================================

    Total RO  Size (Code + RO Data)                16052 (  15.68kB)
    Total RW  Size (RW Data + ZI Data)             18408 (  17.98kB)
    Total ROM Size (Code + RO Data + RW Data)      16072 (  15.70kB)

==============================================================================

