Component: Arm Compiler for Embedded 6.22 Tool: armlink [5ee90200]

==============================================================================

Section Cross References

    startup_stm32l552xx.o(RESET) refers to startup_stm32l552xx.o(STACK) for __initial_sp
    startup_stm32l552xx.o(RESET) refers to startup_stm32l552xx.o(.text) for Reset_Handler
    startup_stm32l552xx.o(RESET) refers to portasm.o(.text.SVC_Handler) for SVC_Handler
    startup_stm32l552xx.o(RESET) refers to portasm.o(.text.PendSV_Handler) for PendSV_Handler
    startup_stm32l552xx.o(RESET) refers to cmsis_os2.o(.text.SysTick_Handler) for SysTick_Handler
    startup_stm32l552xx.o(RESET) refers to stm32l5xx_it.o(.text.TIM6_IRQHandler) for TIM6_IRQHandler
    startup_stm32l552xx.o(.text) refers to system_stm32l5xx.o(.text.SystemInit) for SystemInit
    startup_stm32l552xx.o(.text) refers to entry.o(.ARM.Collect$$$$00000000) for __main
    main.o(.text.main) refers to stm32l5xx_hal.o(.text.HAL_Init) for HAL_Init
    main.o(.text.main) refers to main.o(.text.SystemClock_Config) for SystemClock_Config
    main.o(.text.main) refers to stm32l5xx_nucleo.o(.text.BSP_LED_Init) for BSP_LED_Init
    main.o(.text.main) refers to stm32l5xx_hal_icache.o(.text.HAL_ICACHE_ConfigAssociativityMode) for HAL_ICACHE_ConfigAssociativityMode
    main.o(.text.main) refers to stm32l5xx_hal_icache.o(.text.HAL_ICACHE_Enable) for HAL_ICACHE_Enable
    main.o(.text.main) refers to cmsis_os2.o(.text.osKernelInitialize) for osKernelInitialize
    main.o(.text.main) refers to stm32l5xx_nucleo.o(.text.BSP_LED_On) for BSP_LED_On
    main.o(.text.main) refers to cmsis_os2.o(.text.osThreadNew) for osThreadNew
    main.o(.text.main) refers to cmsis_os2.o(.text.osKernelStart) for osKernelStart
    main.o(.text.main) refers to main.o(.text.LED_Green_On_Thread) for LED_Green_On_Thread
    main.o(.text.main) refers to main.o(.rodata.GreenLedOn_attributes) for GreenLedOn_attributes
    main.o(.text.main) refers to main.o(.bss..L_MergedGlobals) for [Anonymous Symbol]
    main.o(.text.main) refers to main.o(.text.LED_Green_Off_Thread) for LED_Green_Off_Thread
    main.o(.text.main) refers to main.o(.rodata.GreenLedOff_attributes) for GreenLedOff_attributes
    main.o(.ARM.exidx.text.main) refers to main.o(.text.main) for [Anonymous Symbol]
    main.o(.text.SystemClock_Config) refers to memseta.o(.text) for __aeabi_memclr4
    main.o(.text.SystemClock_Config) refers to stm32l5xx_hal_pwr_ex.o(.text.HAL_PWREx_ControlVoltageScaling) for HAL_PWREx_ControlVoltageScaling
    main.o(.text.SystemClock_Config) refers to stm32l5xx_hal_rcc.o(.text.HAL_RCC_OscConfig) for HAL_RCC_OscConfig
    main.o(.text.SystemClock_Config) refers to stm32l5xx_hal_rcc.o(.text.HAL_RCC_ClockConfig) for HAL_RCC_ClockConfig
    main.o(.ARM.exidx.text.SystemClock_Config) refers to main.o(.text.SystemClock_Config) for [Anonymous Symbol]
    main.o(.text.LED_Green_On_Thread) refers to stm32l5xx_nucleo.o(.text.BSP_LED_On) for BSP_LED_On
    main.o(.text.LED_Green_On_Thread) refers to cmsis_os2.o(.text.osDelay) for osDelay
    main.o(.ARM.exidx.text.LED_Green_On_Thread) refers to main.o(.text.LED_Green_On_Thread) for [Anonymous Symbol]
    main.o(.text.LED_Green_Off_Thread) refers to cmsis_os2.o(.text.osDelay) for osDelay
    main.o(.text.LED_Green_Off_Thread) refers to stm32l5xx_nucleo.o(.text.BSP_LED_Off) for BSP_LED_Off
    main.o(.ARM.exidx.text.LED_Green_Off_Thread) refers to main.o(.text.LED_Green_Off_Thread) for [Anonymous Symbol]
    main.o(.ARM.exidx.text.Error_Handler) refers to main.o(.text.Error_Handler) for [Anonymous Symbol]
    main.o(.text.HAL_TIM_PeriodElapsedCallback) refers to stm32l5xx_hal.o(.text.HAL_IncTick) for HAL_IncTick
    main.o(.ARM.exidx.text.HAL_TIM_PeriodElapsedCallback) refers to main.o(.text.HAL_TIM_PeriodElapsedCallback) for [Anonymous Symbol]
    main.o(.rodata.GreenLedOn_attributes) refers to main.o(.rodata.str1.1) for [Anonymous Symbol]
    main.o(.rodata.GreenLedOff_attributes) refers to main.o(.rodata.str1.1) for [Anonymous Symbol]
    stm32l5xx_it.o(.text.TIM6_IRQHandler) refers to stm32l5xx_hal_tim.o(.text.HAL_TIM_IRQHandler) for HAL_TIM_IRQHandler
    stm32l5xx_it.o(.text.TIM6_IRQHandler) refers to stm32l5xx_hal_timebase_tim.o(.bss.htim6) for htim6
    stm32l5xx_it.o(.ARM.exidx.text.TIM6_IRQHandler) refers to stm32l5xx_it.o(.text.TIM6_IRQHandler) for [Anonymous Symbol]
    stm32l5xx_hal_msp.o(.text.HAL_MspInit) refers to stm32l5xx_hal_cortex.o(.text.HAL_NVIC_SetPriority) for HAL_NVIC_SetPriority
    stm32l5xx_hal_msp.o(.text.HAL_MspInit) refers to stm32l5xx_hal_pwr_ex.o(.text.HAL_PWREx_DisableUCPDDeadBattery) for HAL_PWREx_DisableUCPDDeadBattery
    stm32l5xx_hal_msp.o(.ARM.exidx.text.HAL_MspInit) refers to stm32l5xx_hal_msp.o(.text.HAL_MspInit) for [Anonymous Symbol]
    stm32l5xx_hal_timebase_tim.o(.text.HAL_InitTick) refers to stm32l5xx_hal_cortex.o(.text.HAL_NVIC_SetPriority) for HAL_NVIC_SetPriority
[...]
    [Anonymous Symbol]                       0x08000634   Section        0  stm32l5xx_hal_cortex.o(.text.HAL_NVIC_SetPriority)
    __arm_cp.1_1                             0x0800067c   Number         4  stm32l5xx_hal_cortex.o(.text.HAL_NVIC_SetPriority)
    [Anonymous Symbol]                       0x08000680   Section        0  stm32l5xx_hal_cortex.o(.text.HAL_NVIC_SetPriorityGrouping)
    __arm_cp.0_0                             0x08000698   Number         4  stm32l5xx_hal_cortex.o(.text.HAL_NVIC_SetPriorityGrouping)
    __arm_cp.0_1                             0x0800069c   Number         4  stm32l5xx_hal_cortex.o(.text.HAL_NVIC_SetPriorityGrouping)
    [Anonymous Symbol]                       0x080006a0   Section        0  stm32l5xx_hal_pwr_ex.o(.text.HAL_PWREx_ControlVoltageScaling)
    __arm_cp.1_2                             0x080006f8   Number         4  stm32l5xx_hal_pwr_ex.o(.text.HAL_PWREx_ControlVoltageScaling)
    [Anonymous Symbol]                       0x080006fc   Section        0  stm32l5xx_hal_pwr_ex.o(.text.HAL_PWREx_DisableUCPDDeadBattery)
    __arm_cp.41_0                            0x08000704   Number         4  stm32l5xx_hal_pwr_ex.o(.text.HAL_PWREx_DisableUCPDDeadBattery)
    [Anonymous Symbol]                       0x08000708   Section        0  stm32l5xx_hal_pwr_ex.o(.text.HAL_PWREx_GetVoltageRange)
    __arm_cp.0_0                             0x08000714   Number         4  stm32l5xx_hal_pwr_ex.o(.text.HAL_PWREx_GetVoltageRange)
    [Anonymous Symbol]                       0x08000718   Section        0  stm32l5xx_hal_rcc.o(.text.HAL_RCC_ClockConfig)
    __arm_cp.4_4                             0x080008e4   Number         4  stm32l5xx_hal_rcc.o(.text.HAL_RCC_ClockConfig)
    __arm_cp.4_5                             0x080008e8   Number         4  stm32l5xx_hal_rcc.o(.text.HAL_RCC_ClockConfig)
    __arm_cp.4_6                             0x080008ec   Number         4  stm32l5xx_hal_rcc.o(.text.HAL_RCC_ClockConfig)
    [Anonymous Symbol]                       0x080008f0   Section        0  stm32l5xx_hal_rcc.o(.text.HAL_RCC_GetClockConfig)
    __arm_cp.10_1                            0x08000928   Number         4  stm32l5xx_hal_rcc.o(.text.HAL_RCC_GetClockConfig)
    [Anonymous Symbol]                       0x0800092c   Section        0  stm32l5xx_hal_rcc.o(.text.HAL_RCC_GetHCLKFreq)
    __arm_cp.3_1                             0x08000944   Number         4  stm32l5xx_hal_rcc.o(.text.HAL_RCC_GetHCLKFreq)
    [Anonymous Symbol]                       0x08000948   Section        0  stm32l5xx_hal_rcc.o(.text.HAL_RCC_GetPCLK1Freq)
    __arm_cp.7_0                             0x08000960   Number         4  stm32l5xx_hal_rcc.o(.text.HAL_RCC_GetPCLK1Freq)
    __arm_cp.7_1                             0x08000964   Number         4  stm32l5xx_hal_rcc.o(.text.HAL_RCC_GetPCLK1Freq)
    [Anonymous Symbol]                       0x08000968   Section        0  stm32l5xx_hal_rcc.o(.text.HAL_RCC_GetSysClockFreq)
    __arm_cp.5_0                             0x080009f8   Number         4  stm32l5xx_hal_rcc.o(.text.HAL_RCC_GetSysClockFreq)
    __arm_cp.5_1                             0x080009fc   Number         4  stm32l5xx_hal_rcc.o(.text.HAL_RCC_GetSysClockFreq)
    __arm_cp.5_2                             0x08000a00   Number         4  stm32l5xx_hal_rcc.o(.text.HAL_RCC_GetSysClockFreq)
    [Anonymous Symbol]                       0x08000a04   Section        0  stm32l5xx_hal_rcc.o(.text.HAL_RCC_OscConfig)
    __arm_cp.1_7                             0x08000d6c   Number         4  stm32l5xx_hal_rcc.o(.text.HAL_RCC_OscConfig)
    __arm_cp.1_8                             0x08000d70   Number         4  stm32l5xx_hal_rcc.o(.text.HAL_RCC_OscConfig)
    __arm_cp.1_2                             0x08000fe4   Number         4  stm32l5xx_hal_rcc.o(.text.HAL_RCC_OscConfig)
    __arm_cp.1_4                             0x08000fe8   Number         4  stm32l5xx_hal_rcc.o(.text.HAL_RCC_OscConfig)
    __arm_cp.1_5                             0x08000fec   Number         4  stm32l5xx_hal_rcc.o(.text.HAL_RCC_OscConfig)
    __arm_cp.1_6                             0x08000ff0   Number         4  stm32l5xx_hal_rcc.o(.text.HAL_RCC_OscConfig)
    [Anonymous Symbol]                       0x08000ff4   Section        0  stm32l5xx_hal_tim_ex.o(.text.HAL_TIMEx_Break2Callback)
    [Anonymous Symbol]                       0x08000ff6   Section        0  stm32l5xx_hal_tim_ex.o(.text.HAL_TIMEx_BreakCallback)
    [Anonymous Symbol]                       0x08000ff8   Section        0  stm32l5xx_hal_tim_ex.o(.text.HAL_TIMEx_CommutCallback)
    [Anonymous Symbol]                       0x08000ffa   Section        0  stm32l5xx_hal_tim.o(.text.HAL_TIM_Base_Init)
    [Anonymous Symbol]                       0x08001018   Section        0  stm32l5xx_hal_tim.o(.text.HAL_TIM_Base_MspInit)
    [Anonymous Symbol]                       0x0800101c   Section        0  stm32l5xx_hal_tim.o(.text.HAL_TIM_Base_Start_IT)
    __arm_cp.7_0                             0x0800107c   Number         4  stm32l5xx_hal_tim.o(.text.HAL_TIM_Base_Start_IT)
    __arm_cp.7_1                             0x08001080   Number         4  stm32l5xx_hal_tim.o(.text.HAL_TIM_Base_Start_IT)
    __arm_cp.7_2                             0x08001084   Number         4  stm32l5xx_hal_tim.o(.text.HAL_TIM_Base_Start_IT)
    __arm_cp.7_3                             0x08001088   Number         4  stm32l5xx_hal_tim.o(.text.HAL_TIM_Base_Start_IT)
    __arm_cp.7_4                             0x0800108c   Number         4  stm32l5xx_hal_tim.o(.text.HAL_TIM_Base_Start_IT)
    __arm_cp.7_5                             0x08001090   Number         4  stm32l5xx_hal_tim.o(.text.HAL_TIM_Base_Start_IT)
    __arm_cp.7_6                             0x08001094   Number         4  stm32l5xx_hal_tim.o(.text.HAL_TIM_Base_Start_IT)
    [Anonymous Symbol]                       0x08001098   Section        0  stm32l5xx_hal_tim.o(.text.HAL_TIM_IC_CaptureCallback)
    [Anonymous Symbol]                       0x0800109a   Section        0  stm32l5xx_hal_tim.o(.text.HAL_TIM_IRQHandler)
    [Anonymous Symbol]                       0x080011da   Section        0  stm32l5xx_hal_tim.o(.text.HAL_TIM_OC_DelayElapsedCallback)
    [Anonymous Symbol]                       0x080011dc   Section        0  stm32l5xx_hal_tim.o(.text.HAL_TIM_PWM_PulseFinishedCallback)
    [Anonymous Symbol]                       0x080011e0   Section        0  main.o(.text.HAL_TIM_PeriodElapsedCallback)
    __arm_cp.5_0                             0x080011f0   Number         4  main.o(.text.HAL_TIM_PeriodElapsedCallback)
    [Anonymous Symbol]                       0x080011f4   Section        0  stm32l5xx_hal_tim.o(.text.HAL_TIM_TriggerCallback)
    [Anonymous Symbol]                       0x080011f6   Section        0  main.o(.text.LED_Green_Off_Thread)
    [Anonymous Symbol]                       0x0800120c   Section        0  main.o(.text.LED_Green_On_Thread)
    OUTLINED_FUNCTION_0                      0x0800121d   Thumb Code    36  stm32l5xx_hal_rcc.o(.text.OUTLINED_FUNCTION_0)
    [Anonymous Symbol]                       0x0800121c   Section        0  stm32l5xx_hal_rcc.o(.text.OUTLINED_FUNCTION_0)
    OUTLINED_FUNCTION_0                      0x08001241   Thumb Code    10  stm32l5xx_hal_pwr_ex.o(.text.OUTLINED_FUNCTION_0)
    [Anonymous Symbol]                       0x08001240   Section        0  stm32l5xx_hal_pwr_ex.o(.text.OUTLINED_FUNCTION_0)
    OUTLINED_FUNCTION_0                      0x0800124b   Thumb Code     6  stm32l5xx_hal_icache.o(.text.OUTLINED_FUNCTION_0)
    [Anonymous Symbol]                       0x0800124a   Section        0  stm32l5xx_hal_icache.o(.text.OUTLINED_FUNCTION_0)
    OUTLINED_FUNCTION_0                      0x08001251   Thumb Code     6  queue.o(.text.OUTLINED_FUNCTION_0)
    [Anonymous Symbol]                       0x08001250   Section        0  queue.o(.text.OUTLINED_FUNCTION_0)
    OUTLINED_FUNCTION_0                      0x08001257   Thumb Code     8  tasks.o(.text.OUTLINED_FUNCTION_0)
    [Anonymous Symbol]                       0x08001256   Section        0  tasks.o(.text.OUTLINED_FUNCTION_0)
    OUTLINED_FUNCTION_0                      0x0800125f   Thumb Code    10  timers.o(.text.OUTLINED_FUNCTION_0)
    [Anonymous Symbol]                       0x0800125e   Section        0  timers.o(.text.OUTLINED_FUNCTION_0)
    OUTLINED_FUNCTION_0                      0x08001269   Thumb Code     6  cmsis_os2.o(.text.OUTLINED_FUNCTION_0)
    [Anonymous Symbol]                       0x08001268   Section        0  cmsis_os2.o(.text.OUTLINED_FUNCTION_0)
    OUTLINED_FUNCTION_1                      0x0800126f   Thumb Code    54  stm32l5xx_hal_tim.o(.text.OUTLINED_FUNCTION_1)
    [Anonymous Symbol]                       0x0800126e   Section        0  stm32l5xx_hal_tim.o(.text.OUTLINED_FUNCTION_1)
    OUTLINED_FUNCTION_1                      0x080012a5   Thumb Code    12  stm32l5xx_hal_rcc.o(.text.OUTLINED_FUNCTION_1)
    [Anonymous Symbol]                       0x080012a4   Section        0  stm32l5xx_hal_rcc.o(.text.OUTLINED_FUNCTION_1)
    OUTLINED_FUNCTION_1                      0x080012b1   Thumb Code     6  queue.o(.text.OUTLINED_FUNCTION_1)
    [Anonymous Symbol]                       0x080012b0   Section        0  queue.o(.text.OUTLINED_FUNCTION_1)
    OUTLINED_FUNCTION_1                      0x080012b7   Thumb Code     6  tasks.o(.text.OUTLINED_FUNCTION_1)
    [Anonymous Symbol]                       0x080012b6   Section        0  tasks.o(.text.OUTLINED_FUNCTION_1)
    OUTLINED_FUNCTION_2                      0x080012bd   Thumb Code     6  stm32l5xx_hal_rcc.o(.text.OUTLINED_FUNCTION_2)
    [Anonymous Symbol]                       0x080012bc   Section        0  stm32l5xx_hal_rcc.o(.text.OUTLINED_FUNCTION_2)
    OUTLINED_FUNCTION_2                      0x080012c3   Thumb Code     6  queue.o(.text.OUTLINED_FUNCTION_2)
    [Anonymous Symbol]                       0x080012c2   Section        0  queue.o(.text.OUTLINED_FUNCTION_2)
    OUTLINED_FUNCTION_2                      0x080012c9   Thumb Code    10  tasks.o(.text.OUTLINED_FUNCTION_2)
    [Anonymous Symbol]                       0x080012c8   Section        0  tasks.o(.text.OUTLINED_FUNCTION_2)
    OUTLINED_FUNCTION_27                     0x080012d3   Thumb Code    10  stm32l5xx_hal_tim.o(.text.OUTLINED_FUNCTION_27)
    [Anonymous Symbol]                       0x080012d2   Section        0  stm32l5xx_hal_tim.o(.text.OUTLINED_FUNCTION_27)
    OUTLINED_FUNCTION_3                      0x080012dd   Thumb Code    14  stm32l5xx_hal_rcc.o(.text.OUTLINED_FUNCTION_3)
    [Anonymous Symbol]                       0x080012dc   Section        0  stm32l5xx_hal_rcc.o(.text.OUTLINED_FUNCTION_3)
    OUTLINED_FUNCTION_3                      0x080012eb   Thumb Code     6  queue.o(.text.OUTLINED_FUNCTION_3)
    [Anonymous Symbol]                       0x080012ea   Section        0  queue.o(.text.OUTLINED_FUNCTION_3)
    OUTLINED_FUNCTION_33                     0x080012f1   Thumb Code    20  stm32l5xx_hal_tim.o(.text.OUTLINED_FUNCTION_33)
    [Anonymous Symbol]                       0x080012f0   Section        0  stm32l5xx_hal_tim.o(.text.OUTLINED_FUNCTION_33)
    OUTLINED_FUNCTION_4                      0x08001305   Thumb Code    10  stm32l5xx_hal_rcc.o(.text.OUTLINED_FUNCTION_4)
    [Anonymous Symbol]                       0x08001304   Section        0  stm32l5xx_hal_rcc.o(.text.OUTLINED_FUNCTION_4)
    OUTLINED_FUNCTION_4                      0x0800130f   Thumb Code     8  queue.o(.text.OUTLINED_FUNCTION_4)
    [Anonymous Symbol]                       0x0800130e   Section        0  queue.o(.text.OUTLINED_FUNCTION_4)
    OUTLINED_FUNCTION_4                      0x08001317   Thumb Code     6  tasks.o(.text.OUTLINED_FUNCTION_4)
    [Anonymous Symbol]                       0x08001316   Section        0  tasks.o(.text.OUTLINED_FUNCTION_4)
    OUTLINED_FUNCTION_48                     0x0800131d   Thumb Code     8  stm32l5xx_hal_tim.o(.text.OUTLINED_FUNCTION_48)
    [Anonymous Symbol]                       0x0800131c   Section        0  stm32l5xx_hal_tim.o(.text.OUTLINED_FUNCTION_48)
    OUTLINED_FUNCTION_5                      0x08001325   Thumb Code     8  queue.o(.text.OUTLINED_FUNCTION_5)
    [Anonymous Symbol]                       0x08001324   Section        0  queue.o(.text.OUTLINED_FUNCTION_5)
    OUTLINED_FUNCTION_5                      0x0800132d   Thumb Code     8  tasks.o(.text.OUTLINED_FUNCTION_5)
    [Anonymous Symbol]                       0x0800132c   Section        0  tasks.o(.text.OUTLINED_FUNCTION_5)
    OUTLINED_FUNCTION_52                     0x08001335   Thumb Code    10  stm32l5xx_hal_tim.o(.text.OUTLINED_FUNCTION_52)
    [Anonymous Symbol]                       0x08001334   Section        0  stm32l5xx_hal_tim.o(.text.OUTLINED_FUNCTION_52)
    OUTLINED_FUNCTION_55                     0x0800133f   Thumb Code    12  stm32l5xx_hal_tim.o(.text.OUTLINED_FUNCTION_55)
    [Anonymous Symbol]                       0x0800133e   Section        0  stm32l5xx_hal_tim.o(.text.OUTLINED_FUNCTION_55)
    OUTLINED_FUNCTION_60                     0x0800134b   Thumb Code     6  stm32l5xx_hal_tim.o(.text.OUTLINED_FUNCTION_60)
    [Anonymous Symbol]                       0x0800134a   Section        0  stm32l5xx_hal_tim.o(.text.OUTLINED_FUNCTION_60)
    OUTLINED_FUNCTION_8                      0x08001351   Thumb Code    14  stm32l5xx_hal_tim.o(.text.OUTLINED_FUNCTION_8)
    [Anonymous Symbol]                       0x08001350   Section        0  stm32l5xx_hal_tim.o(.text.OUTLINED_FUNCTION_8)
    [Anonymous Symbol]                       0x08001360   Section        0  portasm.o(.text.PendSV_Handler)
    pxCurrentTCBConst                        0x080013c0   Number         0  portasm.o(.text.PendSV_Handler)
    RCC_SetFlashLatencyFromMSIRange          0x080013c5   Thumb Code   128  stm32l5xx_hal_rcc.o(.text.RCC_SetFlashLatencyFromMSIRange)
    [Anonymous Symbol]                       0x080013c4   Section        0  stm32l5xx_hal_rcc.o(.text.RCC_SetFlashLatencyFromMSIRange)
    __arm_cp.2_0                             0x08001444   Number         4  stm32l5xx_hal_rcc.o(.text.RCC_SetFlashLatencyFromMSIRange)
    __arm_cp.2_1                             0x08001448   Number         4  stm32l5xx_hal_rcc.o(.text.RCC_SetFlashLatencyFromMSIRange)
    [Anonymous Symbol]                       0x08001450   Section        0  portasm.o(.text.SVC_Handler)
    svchandler_address_const                 0x08001470   Number         0  portasm.o(.text.SVC_Handler)
    [Anonymous Symbol]                       0x08001474   Section        0  cmsis_os2.o(.text.SysTick_Handler)
    __arm_cp.0_0                             0x0800148c   Number         4  cmsis_os2.o(.text.SysTick_Handler)
    [Anonymous Symbol]                       0x08001490   Section        0  main.o(.text.SystemClock_Config)
    [Anonymous Symbol]                       0x080014f8   Section        0  system_stm32l5xx.o(.text.SystemCoreClockUpdate)
    __arm_cp.1_0                             0x08001570   Number         4  system_stm32l5xx.o(.text.SystemCoreClockUpdate)
    __arm_cp.1_1                             0x08001574   Number         4  system_stm32l5xx.o(.text.SystemCoreClockUpdate)
    __arm_cp.1_2                             0x08001578   Number         4  system_stm32l5xx.o(.text.SystemCoreClockUpdate)
    __arm_cp.1_3                             0x0800157c   Number         4  system_stm32l5xx.o(.text.SystemCoreClockUpdate)
    __arm_cp.1_4                             0x08001580   Number         4  system_stm32l5xx.o(.text.SystemCoreClockUpdate)
    [Anonymous Symbol]                       0x08001584   Section        0  system_stm32l5xx.o(.text.SystemInit)
    __arm_cp.0_0                             0x08001590   Number         4  system_stm32l5xx.o(.text.SystemInit)
    [Anonymous Symbol]                       0x08001594   Section        0  stm32l5xx_it.o(.text.TIM6_IRQHandler)
    __arm_cp.0_0                             0x0800159c   Number         4  stm32l5xx_it.o(.text.TIM6_IRQHandler)
    [Anonymous Symbol]                       0x080015a0   Section        0  stm32l5xx_hal_tim.o(.text.TIM_Base_SetConfig)
    __arm_cp.2_0                             0x0800164c   Number         4  stm32l5xx_hal_tim.o(.text.TIM_Base_SetConfig)
    __arm_cp.2_1                             0x08001650   Number         4  stm32l5xx_hal_tim.o(.text.TIM_Base_SetConfig)
    __arm_cp.2_2                             0x08001654   Number         4  stm32l5xx_hal_tim.o(.text.TIM_Base_SetConfig)
    __arm_cp.2_3                             0x08001658   Number         4  stm32l5xx_hal_tim.o(.text.TIM_Base_SetConfig)
    __arm_cp.2_4                             0x0800165c   Number         4  stm32l5xx_hal_tim.o(.text.TIM_Base_SetConfig)
    __arm_cp.2_5                             0x08001660   Number         4  stm32l5xx_hal_tim.o(.text.TIM_Base_SetConfig)
    __arm_cp.2_6                             0x08001664   Number         4  stm32l5xx_hal_tim.o(.text.TIM_Base_SetConfig)
    __arm_cp.2_7                             0x08001668   Number         4  stm32l5xx_hal_tim.o(.text.TIM_Base_SetConfig)
    __arm_cp.2_8                             0x0800166c   Number         4  stm32l5xx_hal_tim.o(.text.TIM_Base_SetConfig)
    [Anonymous Symbol]                       0x08001670   Section        0  main.o(.text.main)
    __arm_cp.0_0                             0x080016c0   Number         4  main.o(.text.main)
    __arm_cp.0_1                             0x080016c4   Number         4  main.o(.text.main)
    __arm_cp.0_2                             0x080016c8   Number         4  main.o(.text.main)
    __arm_cp.0_3                             0x080016cc   Number         4  main.o(.text.main)
    __arm_cp.0_4                             0x080016d0   Number         4  main.o(.text.main)
    [Anonymous Symbol]                       0x080016d4   Section        0  cmsis_os2.o(.text.osDelay)
    [Anonymous Symbol]                       0x080016f0   Section        0  cmsis_os2.o(.text.osKernelInitialize)
    [Anonymous Symbol]                       0x08001710   Section        0  cmsis_os2.o(.text.osKernelStart)
    __arm_cp.4_0                             0x08001740   Number         4  cmsis_os2.o(.text.osKernelStart)
    __arm_cp.4_1                             0x08001744   Number         4  cmsis_os2.o(.text.osKernelStart)
    [Anonymous Symbol]                       0x08001748   Section        0  cmsis_os2.o(.text.osThreadNew)
    prvAddCurrentTaskToDelayedList           0x080017d9   Thumb Code    84  tasks.o(.text.prvAddCurrentTaskToDelayedList)
    [Anonymous Symbol]                       0x080017d8   Section        0  tasks.o(.text.prvAddCurrentTaskToDelayedList)
    prvAddNewTaskToReadyList                 0x0800182d   Thumb Code   172  tasks.o(.text.prvAddNewTaskToReadyList)
    [Anonymous Symbol]                       0x0800182c   Section        0  tasks.o(.text.prvAddNewTaskToReadyList)
    __arm_cp.2_2                             0x080018d8   Number         4  tasks.o(.text.prvAddNewTaskToReadyList)
    __arm_cp.2_3                             0x080018dc   Number         4  tasks.o(.text.prvAddNewTaskToReadyList)
    prvCheckForValidListAndQueue             0x080018e1   Thumb Code    72  timers.o(.text.prvCheckForValidListAndQueue)
    [Anonymous Symbol]                       0x080018e0   Section        0  timers.o(.text.prvCheckForValidListAndQueue)
    __arm_cp.1_0                             0x08001928   Number         4  timers.o(.text.prvCheckForValidListAndQueue)
    __arm_cp.1_1                             0x0800192c   Number         4  timers.o(.text.prvCheckForValidListAndQueue)
    __arm_cp.1_2                             0x08001930   Number         4  timers.o(.text.prvCheckForValidListAndQueue)
    prvCopyDataFromQueue                     0x0800193d   Thumb Code    36  queue.o(.text.prvCopyDataFromQueue)
    [Anonymous Symbol]                       0x0800193c   Section        0  queue.o(.text.prvCopyDataFromQueue)
    prvCopyDataToQueue                       0x08001961   Thumb Code   112  queue.o(.text.prvCopyDataToQueue)
    [Anonymous Symbol]                       0x08001960   Section        0  queue.o(.text.prvCopyDataToQueue)
    prvDeleteTCB                             0x080019d1   Thumb Code    42  tasks.o(.text.prvDeleteTCB)
    [Anonymous Symbol]                       0x080019d0   Section        0  tasks.o(.text.prvDeleteTCB)
    prvIdleTask                              0x080019fd   Thumb Code    60  tasks.o(.text.prvIdleTask)
    [Anonymous Symbol]                       0x080019fc   Section        0  tasks.o(.text.prvIdleTask)
    __arm_cp.20_1                            0x08001a38   Number         4  tasks.o(.text.prvIdleTask)
    prvInitialiseNewQueue                    0x08001a3d   Thumb Code    32  queue.o(.text.prvInitialiseNewQueue)
    [Anonymous Symbol]                       0x08001a3c   Section        0  queue.o(.text.prvInitialiseNewQueue)
    prvInitialiseNewTask                     0x08001a5d   Thumb Code   144  tasks.o(.text.prvInitialiseNewTask)
    [Anonymous Symbol]                       0x08001a5c   Section        0  tasks.o(.text.prvInitialiseNewTask)
    prvInsertBlockIntoFreeList               0x08001aed   Thumb Code    64  heap_4.o(.text.prvInsertBlockIntoFreeList)
    [Anonymous Symbol]                       0x08001aec   Section        0  heap_4.o(.text.prvInsertBlockIntoFreeList)
    __arm_cp.1_0                             0x08001b2c   Number         4  heap_4.o(.text.prvInsertBlockIntoFreeList)
    prvInsertTimerInActiveList               0x08001b31   Thumb Code    56  timers.o(.text.prvInsertTimerInActiveList)
    [Anonymous Symbol]                       0x08001b30   Section        0  timers.o(.text.prvInsertTimerInActiveList)
    prvIsQueueEmpty                          0x08001b69   Thumb Code    22  queue.o(.text.prvIsQueueEmpty)
    [Anonymous Symbol]                       0x08001b68   Section        0  queue.o(.text.prvIsQueueEmpty)
    prvResetNextTaskUnblockTime              0x08001b81   Thumb Code    28  tasks.o(.text.prvResetNextTaskUnblockTime)
    [Anonymous Symbol]                       0x08001b80   Section        0  tasks.o(.text.prvResetNextTaskUnblockTime)
    __arm_cp.6_0                             0x08001b9c   Number         4  tasks.o(.text.prvResetNextTaskUnblockTime)
    prvSampleTimeNow                         0x08001ba1   Thumb Code   124  timers.o(.text.prvSampleTimeNow)
    [Anonymous Symbol]                       0x08001ba0   Section        0  timers.o(.text.prvSampleTimeNow)
    prvTaskExitError                         0x08001c1d   Thumb Code    28  port.o(.text.prvTaskExitError)
    [Anonymous Symbol]                       0x08001c1c   Section        0  port.o(.text.prvTaskExitError)
    __arm_cp.7_0                             0x08001c38   Number         4  port.o(.text.prvTaskExitError)
    prvTimerTask                             0x08001c3d   Thumb Code   404  timers.o(.text.prvTimerTask)
    [Anonymous Symbol]                       0x08001c3c   Section        0  timers.o(.text.prvTimerTask)
    __arm_cp.2_0                             0x08001dd0   Number         4  timers.o(.text.prvTimerTask)
    prvUnlockQueue                           0x08001dd5   Thumb Code   102  queue.o(.text.prvUnlockQueue)
    [Anonymous Symbol]                       0x08001dd4   Section        0  queue.o(.text.prvUnlockQueue)
    [Anonymous Symbol]                       0x08001e3c   Section        0  heap_4.o(.text.pvPortMalloc)
    __arm_cp.0_1                             0x08001f30   Number         4  heap_4.o(.text.pvPortMalloc)
    [Anonymous Symbol]                       0x08001f34   Section        0  port.o(.text.pxPortInitialiseStack)
    __arm_cp.6_0                             0x08001f9c   Number         4  port.o(.text.pxPortInitialiseStack)
    [Anonymous Symbol]                       0x08001fa0   Section        0  portasm.o(.text.ulSetInterruptMask)
    [Anonymous Symbol]                       0x08001fb6   Section        0  list.o(.text.uxListRemove)
    [Anonymous Symbol]                       0x08001fd8   Section        0  cmsis_os2.o(.text.vApplicationGetIdleTaskMemory)
    __arm_cp.74_0                            0x08001fe8   Number         4  cmsis_os2.o(.text.vApplicationGetIdleTaskMemory)
    __arm_cp.74_1                            0x08001fec   Number         4  cmsis_os2.o(.text.vApplicationGetIdleTaskMemory)
    [Anonymous Symbol]                       0x08001ff0   Section        0  cmsis_os2.o(.text.vApplicationGetTimerTaskMemory)
    __arm_cp.75_0                            0x08002000   Number         4  cmsis_os2.o(.text.vApplicationGetTimerTaskMemory)
    __arm_cp.75_1                            0x08002004   Number         4  cmsis_os2.o(.text.vApplicationGetTimerTaskMemory)
    [Anonymous Symbol]                       0x08002008   Section        0  portasm.o(.text.vClearInterruptMask)
    [Anonymous Symbol]                       0x08002016   Section        0  list.o(.text.vListInitialise)
    [Anonymous Symbol]                       0x0800202c   Section        0  list.o(.text.vListInitialiseItem)
    [Anonymous Symbol]                       0x08002032   Section        0  list.o(.text.vListInsert)
    [Anonymous Symbol]                       0x08002060   Section        0  list.o(.text.vListInsertEnd)
    [Anonymous Symbol]                       0x08002078   Section        0  port.o(.text.vPortEnterCritical)
    [Anonymous Symbol]                       0x08002090   Section        0  port.o(.text.vPortExitCritical)
    [Anonymous Symbol]                       0x080020b4   Section        0  heap_4.o(.text.vPortFree)
    __arm_cp.2_0                             0x0800210c   Number         4  heap_4.o(.text.vPortFree)
    __tagsym$$used.0                         0x08002110   Number         0  port.o(.text.vPortSVCHandler_C)
    [Anonymous Symbol]                       0x08002110   Section        0  port.o(.text.vPortSVCHandler_C)
    __arm_cp.5_0                             0x08002140   Number         4  port.o(.text.vPortSVCHandler_C)
    [Anonymous Symbol]                       0x08002144   Section        0  port.o(.text.vPortSetupTimerInterrupt)
    __arm_cp.0_0                             0x08002164   Number         4  port.o(.text.vPortSetupTimerInterrupt)
    __arm_cp.0_1                             0x08002168   Number         4  port.o(.text.vPortSetupTimerInterrupt)
    [Anonymous Symbol]                       0x0800216c   Section        0  port.o(.text.vPortYield)
    [Anonymous Symbol]                       0x08002180   Section        0  queue.o(.text.vQueueAddToRegistry)
    __arm_cp.35_0                            0x0800219c   Number         4  queue.o(.text.vQueueAddToRegistry)
    [Anonymous Symbol]                       0x080021a0   Section        0  queue.o(.text.vQueueWaitForMessageRestricted)
    [Anonymous Symbol]                       0x080021e0   Section        0  portasm.o(.text.vRestoreContextOfFirstTask)
    pxCurrentTCBConst2                       0x08002200   Number         0  portasm.o(.text.vRestoreContextOfFirstTask)
    [Anonymous Symbol]                       0x08002210   Section        0  portasm.o(.text.vStartFirstTask)
    xVTORConst                               0x08002230   Number         0  portasm.o(.text.vStartFirstTask)
    [Anonymous Symbol]                       0x08002234   Section        0  tasks.o(.text.vTaskDelay)
    [Anonymous Symbol]                       0x08002260   Section        0  tasks.o(.text.vTaskInternalSetTimeOutState)
    [Anonymous Symbol]                       0x0800226c   Section        0  tasks.o(.text.vTaskMissedYield)
    [Anonymous Symbol]                       0x08002274   Section        0  tasks.o(.text.vTaskPlaceOnEventList)
    [Anonymous Symbol]                       0x08002298   Section        0  tasks.o(.text.vTaskPlaceOnEventListRestricted)
    [Anonymous Symbol]                       0x080022c4   Section        0  tasks.o(.text.vTaskStartScheduler)
    __arm_cp.19_0                            0x08002320   Number         4  tasks.o(.text.vTaskStartScheduler)
    [Anonymous Symbol]                       0x0800232c   Section        0  tasks.o(.text.vTaskSuspendAll)
    __tagsym$$used.0                         0x08002338   Number         0  tasks.o(.text.vTaskSwitchContext)
    [Anonymous Symbol]                       0x08002338   Section        0  tasks.o(.text.vTaskSwitchContext)
    __arm_cp.17_0                            0x08002384   Number         4  tasks.o(.text.vTaskSwitchContext)
    __arm_cp.17_1                            0x08002388   Number         4  tasks.o(.text.vTaskSwitchContext)
    [Anonymous Symbol]                       0x0800238c   Section        0  port.o(.text.xPortStartScheduler)
    __arm_cp.8_0                             0x080023bc   Number         4  port.o(.text.xPortStartScheduler)
    __arm_cp.8_1                             0x080023c0   Number         4  port.o(.text.xPortStartScheduler)
    [Anonymous Symbol]                       0x080023c4   Section        0  port.o(.text.xPortSysTickHandler)
    __arm_cp.4_0                             0x080023e4   Number         4  port.o(.text.xPortSysTickHandler)
    [Anonymous Symbol]                       0x080023e8   Section        0  queue.o(.text.xQueueGenericCreateStatic)
    [Anonymous Symbol]                       0x08002434   Section        0  queue.o(.text.xQueueGenericReset)
    [Anonymous Symbol]                       0x08002496   Section        0  queue.o(.text.xQueueGenericSend)
    [Anonymous Symbol]                       0x080025aa   Section        0  queue.o(.text.xQueueGenericSendFromISR)
    [Anonymous Symbol]                       0x08002638   Section        0  queue.o(.text.xQueueReceive)
    [Anonymous Symbol]                       0x08002730   Section        0  tasks.o(.text.xTaskCheckForTimeOut)
    [Anonymous Symbol]                       0x08002784   Section        0  tasks.o(.text.xTaskCreate)
    [Anonymous Symbol]                       0x080027dc   Section        0  tasks.o(.text.xTaskCreateStatic)
    [Anonymous Symbol]                       0x08002828   Section        0  tasks.o(.text.xTaskGetSchedulerState)
    [Anonymous Symbol]                       0x08002840   Section        0  tasks.o(.text.xTaskGetTickCount)
    [Anonymous Symbol]                       0x08002848   Section        0  tasks.o(.text.xTaskIncrementTick)
    [Anonymous Symbol]                       0x08002908   Section        0  tasks.o(.text.xTaskPriorityDisinherit)
    [Anonymous Symbol]                       0x08002960   Section        0  tasks.o(.text.xTaskRemoveFromEventList)
    [Anonymous Symbol]                       0x080029b4   Section        0  tasks.o(.text.xTaskResumeAll)
    __arm_cp.10_0                            0x08002a54   Number         4  tasks.o(.text.xTaskResumeAll)
    __arm_cp.10_1                            0x08002a58   Number         4  tasks.o(.text.xTaskResumeAll)
    [Anonymous Symbol]                       0x08002a5c   Section        0  timers.o(.text.xTimerCreateTimerTask)
    __arm_cp.0_0                             0x08002aa4   Number         4  timers.o(.text.xTimerCreateTimerTask)
    __arm_cp.0_1                             0x08002aa8   Number         4  timers.o(.text.xTimerCreateTimerTask)
    [Anonymous Symbol]                       0x08002ab4   Section        0  timers.o(.text.xTimerGenericCommand)
    __arm_cp.6_0                             0x08002afc   Number         4  timers.o(.text.xTimerGenericCommand)
    i.__scatterload_copy                     0x08002b00   Section       14  handlers.o(i.__scatterload_copy)
    i.__scatterload_null                     0x08002b0e   Section        2  handlers.o(i.__scatterload_null)
    i.__scatterload_zeroinit                 0x08002b10   Section       14  handlers.o(i.__scatterload_zeroinit)
    LED_PIN                                  0x08002b80   Data           6  stm32l5xx_nucleo.o(.rodata.LED_PIN)
    [Anonymous Symbol]                       0x08002b80   Section        0  stm32l5xx_nucleo.o(.rodata.LED_PIN)
    LED_PORT                                 0x08002b88   Data          12  stm32l5xx_nucleo.o(.rodata.LED_PORT)
    [Anonymous Symbol]                       0x08002b88   Section        0  stm32l5xx_nucleo.o(.rodata.LED_PORT)
    [Anonymous Symbol]                       0x08002bd4   Section        0  main.o(.rodata.str1.1)
    [Anonymous Symbol]                       0x20000000   Section        0  stm32l5xx_hal.o(.data..L_MergedGlobals)
    ulCriticalNesting                        0x2000000c   Data           4  port.o(.data.ulCriticalNesting)
    [Anonymous Symbol]                       0x2000000c   Section        0  port.o(.data.ulCriticalNesting)
    [Anonymous Symbol]                       0x20000010   Section        0  main.o(.bss..L_MergedGlobals)
    [Anonymous Symbol]                       0x20000018   Section        0  tasks.o(.bss..L_MergedGlobals)
    uxTaskNumber                             0x2000001c   Data           4  tasks.o(.bss..L_MergedGlobals)
    uxDeletedTasksWaitingCleanUp             0x20000020   Data           4  tasks.o(.bss..L_MergedGlobals)
    uxCurrentNumberOfTasks                   0x20000024   Data           4  tasks.o(.bss..L_MergedGlobals)
    xSchedulerRunning                        0x20000028   Data           4  tasks.o(.bss..L_MergedGlobals)
    uxSchedulerSuspended                     0x2000002c   Data           4  tasks.o(.bss..L_MergedGlobals)
    xTickCount                               0x20000030   Data           4  tasks.o(.bss..L_MergedGlobals)
    pxDelayedTaskList                        0x20000034   Data           4  tasks.o(.bss..L_MergedGlobals)
    pxOverflowDelayedTaskList                0x20000038   Data           4  tasks.o(.bss..L_MergedGlobals)
    uxTopReadyPriority                       0x2000003c   Data           4  tasks.o(.bss..L_MergedGlobals)
    xIdleTaskHandle                          0x20000040   Data           4  tasks.o(.bss..L_MergedGlobals)
    xNextTaskUnblockTime                     0x20000044   Data           4  tasks.o(.bss..L_MergedGlobals)
    xYieldPending                            0x20000048   Data           4  tasks.o(.bss..L_MergedGlobals)
    xPendedTicks                             0x2000004c   Data           4  tasks.o(.bss..L_MergedGlobals)
    xNumOfOverflows                          0x20000050   Data           4  tasks.o(.bss..L_MergedGlobals)
    xTasksWaitingTermination                 0x20000054   Data          20  tasks.o(.bss..L_MergedGlobals)
    xSuspendedTaskList                       0x20000068   Data          20  tasks.o(.bss..L_MergedGlobals)
    xPendingReadyList                        0x2000007c   Data          20  tasks.o(.bss..L_MergedGlobals)
    xTimerQueue                              0x20000090   Data           4  timers.o(.bss..L_MergedGlobals)
    [Anonymous Symbol]                       0x20000090   Section        0  timers.o(.bss..L_MergedGlobals)
    xTimerTaskHandle                         0x20000094   Data           4  timers.o(.bss..L_MergedGlobals)
    pxCurrentTimerList                       0x20000098   Data           4  timers.o(.bss..L_MergedGlobals)
    pxOverflowTimerList                      0x2000009c   Data           4  timers.o(.bss..L_MergedGlobals)
    prvSampleTimeNow.xLastTime               0x200000a0   Data           4  timers.o(.bss..L_MergedGlobals)
    xActiveTimerList1                        0x200000a4   Data          20  timers.o(.bss..L_MergedGlobals)
    xActiveTimerList2                        0x200000b8   Data          20  timers.o(.bss..L_MergedGlobals)
    xBlockAllocatedBit                       0x200000cc   Data           1  heap_4.o(.bss..L_MergedGlobals)
    [Anonymous Symbol]                       0x200000cc   Section        0  heap_4.o(.bss..L_MergedGlobals)
    pxEnd                                    0x200000d0   Data           4  heap_4.o(.bss..L_MergedGlobals)
    xFreeBytesRemaining                      0x200000d4   Data           4  heap_4.o(.bss..L_MergedGlobals)
    xMinimumEverFreeBytesRemaining           0x200000d8   Data           4  heap_4.o(.bss..L_MergedGlobals)
    xNumberOfSuccessfulAllocations           0x200000dc   Data           4  heap_4.o(.bss..L_MergedGlobals)
    xNumberOfSuccessfulFrees                 0x200000e0   Data           4  heap_4.o(.bss..L_MergedGlobals)
    xStart                                   0x200000e4   Data           8  heap_4.o(.bss..L_MergedGlobals)
    xDelayedTaskList1                        0x200000ec   Data          20  tasks.o(.bss..L_MergedGlobals.1)
    [Anonymous Symbol]                       0x200000ec   Section        0  tasks.o(.bss..L_MergedGlobals.1)
    xDelayedTaskList2                        0x20000100   Data          20  tasks.o(.bss..L_MergedGlobals.1)
    KernelState                              0x20000114   Data           4  cmsis_os2.o(.bss.KernelState)
    [Anonymous Symbol]                       0x20000114   Section        0  cmsis_os2.o(.bss.KernelState)
    prvCheckForValidListAndQueue.ucStaticTimerQueueStorage 0x20000164   Data         160  timers.o(.bss.prvCheckForValidListAndQueue.ucStaticTimerQueueStorage)
    [Anonymous Symbol]                       0x20000164   Section        0  timers.o(.bss.prvCheckForValidListAndQueue.ucStaticTimerQueueStorage)
    prvCheckForValidListAndQueue.xStaticTimerQueue 0x20000204   Data          80  timers.o(.bss.prvCheckForValidListAndQueue.xStaticTimerQueue)
    [Anonymous Symbol]                       0x20000204   Section        0  timers.o(.bss.prvCheckForValidListAndQueue.xStaticTimerQueue)
    pxReadyTasksLists                        0x20000254   Data        1120  tasks.o(.bss.pxReadyTasksLists)
    [Anonymous Symbol]                       0x20000254   Section        0  tasks.o(.bss.pxReadyTasksLists)
    ucHeap                                   0x200006b4   Data        8120  heap_4.o(.bss.ucHeap)
    [Anonymous Symbol]                       0x200006b4   Section        0  heap_4.o(.bss.ucHeap)
    vApplicationGetIdleTaskMemory.Idle_Stack 0x20002670   Data        2048  cmsis_os2.o(.bss.vApplicationGetIdleTaskMemory.Idle_Stack)
    [Anonymous Symbol]                       0x20002670   Section        0  cmsis_os2.o(.bss.vApplicationGetIdleTaskMemory.Idle_Stack)
    vApplicationGetIdleTaskMemory.Idle_TCB   0x20002e70   Data          92  cmsis_os2.o(.bss.vApplicationGetIdleTaskMemory.Idle_TCB)
    [Anonymous Symbol]                       0x20002e70   Section        0  cmsis_os2.o(.bss.vApplicationGetIdleTaskMemory.Idle_TCB)
    vApplicationGetTimerTaskMemory.Timer_Stack 0x20002ecc   Data        4096  cmsis_os2.o(.bss.vApplicationGetTimerTaskMemory.Timer_Stack)
    [Anonymous Symbol]                       0x20002ecc   Section        0  cmsis_os2.o(.bss.vApplicationGetTimerTaskMemory.Timer_Stack)
    vApplicationGetTimerTaskMemory.Timer_TCB 0x20003ecc   Data          92  cmsis_os2.o(.bss.vApplicationGetTimerTaskMemory.Timer_TCB)
    [Anonymous Symbol]                       0x20003ecc   Section        0  cmsis_os2.o(.bss.vApplicationGetTimerTaskMemory.Timer_TCB)
    STACK                                    0x20003f68   Section     2048  startup_stm32l552xx.o(STACK)

    Global Symbols

    Symbol Name                              Value     Ov Type        Size  Object(Section)

    BuildAttributes$$THM_ISAv4$E$P$D$K$B$S$7EM$8M$VFPi5$EXTD16$VFPS$VFMA$PE$A:L22UL41UL21$X:L11$S22US41US21$IEEE1$IW$~IW$USESV6$~STKCKD$USESV7$~SHL$OSPACE$EBA8$MICROLIB$REQ8$PRES8$EABIv2 0x00000000   Number         0  anon$$obj.o ABSOLUTE
    __cpp_initialize__aeabi_                  - Undefined Weak Reference
    __cxa_finalize                            - Undefined Weak Reference
    __decompress                              - Undefined Weak Reference
    _clock_init                               - Undefined Weak Reference
    _microlib_exit                            - Undefined Weak Reference
    __Vectors_Size                           0x000001f4   Number         0  startup_stm32l552xx.o ABSOLUTE
    __Vectors                                0x08000000   Data           4  startup_stm32l552xx.o(RESET)
    __Vectors_End                            0x080001f4   Data           0  startup_stm32l552xx.o(RESET)
    __main                                   0x080001f5   Thumb Code     0  entry.o(.ARM.Collect$$$$00000000)
    _main_stk                                0x080001f5   Thumb Code     0  entry2.o(.ARM.Collect$$$$00000001)
    _main_scatterload                        0x080001f9   Thumb Code     0  entry5.o(.ARM.Collect$$$$00000004)
    __main_after_scatterload                 0x080001fd   Thumb Code     0  entry5.o(.ARM.Collect$$$$00000004)
    _main_clock                              0x080001fd   Thumb Code     0  entry7b.o(.ARM.Collect$$$$00000008)
    _main_cpp_init                           0x080001fd   Thumb Code     0  entry8b.o(.ARM.Collect$$$$0000000A)
    _main_init                               0x080001fd   Thumb Code     0  entry9a.o(.ARM.Collect$$$$0000000B)
    __rt_final_cpp                           0x08000205   Thumb Code     0  entry10a.o(.ARM.Collect$$$$0000000D)
    __rt_final_exit                          0x08000205   Thumb Code     0  entry11a.o(.ARM.Collect$$$$0000000F)
    Reset_Handler                            0x08000209   Thumb Code     8  startup_stm32l552xx.o(.text)
    NMI_Handler                              0x08000211   Thumb Code     2  startup_stm32l552xx.o(.text)
    HardFault_Handler                        0x08000213   Thumb Code     2  startup_stm32l552xx.o(.text)
    MemManage_Handler                        0x08000215   Thumb Code     2  startup_stm32l552xx.o(.text)
    BusFault_Handler                         0x08000217   Thumb Code     2  startup_stm32l552xx.o(.text)
    UsageFault_Handler                       0x08000219   Thumb Code     2  startup_stm32l552xx.o(.text)
    SecureFault_Handler                      0x0800021b   Thumb Code     2  startup_stm32l552xx.o(.text)
    DebugMon_Handler                         0x0800021f   Thumb Code     2  startup_stm32l552xx.o(.text)
    ADC1_2_IRQHandler                        0x08000225   Thumb Code     0  startup_stm32l552xx.o(.text)
    COMP_IRQHandler                          0x08000225   Thumb Code     0  startup_stm32l552xx.o(.text)
    CRS_IRQHandler                           0x08000225   Thumb Code     0  startup_stm32l552xx.o(.text)
    DAC_IRQHandler                           0x08000225   Thumb Code     0  startup_stm32l552xx.o(.text)
    DFSDM1_FLT0_IRQHandler                   0x08000225   Thumb Code     0  startup_stm32l552xx.o(.text)
    DFSDM1_FLT1_IRQHandler                   0x08000225   Thumb Code     0  startup_stm32l552xx.o(.text)
    DFSDM1_FLT2_IRQHandler                   0x08000225   Thumb Code     0  startup_stm32l552xx.o(.text)
    DFSDM1_FLT3_IRQHandler                   0x08000225   Thumb Code     0  startup_stm32l552xx.o(.text)
    DMA1_Channel1_IRQHandler                 0x08000225   Thumb Code     0  startup_stm32l552xx.o(.text)
    DMA1_Channel2_IRQHandler                 0x08000225   Thumb Code     0  startup_stm32l552xx.o(.text)
    DMA1_Channel3_IRQHandler                 0x08000225   Thumb Code     0  startup_stm32l552xx.o(.text)
    DMA1_Channel4_IRQHandler                 0x08000225   Thumb Code     0  startup_stm32l552xx.o(.text)
    DMA1_Channel5_IRQHandler                 0x08000225   Thumb Code     0  startup_stm32l552xx.o(.text)
    DMA1_Channel6_IRQHandler                 0x08000225   Thumb Code     0  startup_stm32l552xx.o(.text)
    DMA1_Channel7_IRQHandler                 0x08000225   Thumb Code     0  startup_stm32l552xx.o(.text)
    DMA1_Channel8_IRQHandler                 0x08000225   Thumb Code     0  startup_stm32l552xx.o(.text)
    DMA2_Channel1_IRQHandler                 0x08000225   Thumb Code     0  startup_stm32l552xx.o(.text)
    DMA2_Channel2_IRQHandler                 0x08000225   Thumb Code     0  startup_stm32l552xx.o(.text)
    DMA2_Channel3_IRQHandler                 0x08000225   Thumb Code     0  startup_stm32l552xx.o(.text)
    DMA2_Channel4_IRQHandler                 0x08000225   Thumb Code     0  startup_stm32l552xx.o(.text)
    DMA2_Channel5_IRQHandler                 0x08000225   Thumb Code     0  startup_stm32l552xx.o(.text)
    DMA2_Channel6_IRQHandler                 0x08000225   Thumb Code     0  startup_stm32l552xx.o(.text)
    DMA2_Channel7_IRQHandler                 0x08000225   Thumb Code     0  startup_stm32l552xx.o(.text)
    DMA2_Channel8_IRQHandler                 0x08000225   Thumb Code     0  startup_stm32l552xx.o(.text)
    DMAMUX1_IRQHandler                       0x08000225   Thumb Code     0  startup_stm32l552xx.o(.text)
    DMAMUX1_S_IRQHandler                     0x08000225   Thumb Code     0  startup_stm32l552xx.o(.text)
    EXTI0_IRQHandler                         0x08000225   Thumb Code     0  startup_stm32l552xx.o(.text)
    EXTI10_IRQHandler                        0x08000225   Thumb Code     0  startup_stm32l552xx.o(.text)
    EXTI11_IRQHandler                        0x08000225   Thumb Code     0  startup_stm32l552xx.o(.text)
    EXTI12_IRQHandler                        0x08000225   Thumb Code     0  startup_stm32l552xx.o(.text)
    EXTI13_IRQHandler                        0x08000225   Thumb Code     0  startup_stm32l552xx.o(.text)
    EXTI14_IRQHandler                        0x08000225   Thumb Code     0  startup_stm32l552xx.o(.text)
    EXTI15_IRQHandler                        0x08000225   Thumb Code     0  startup_stm32l552xx.o(.text)
    EXTI1_IRQHandler                         0x08000225   Thumb Code     0  startup_stm32l552xx.o(.text)
    EXTI2_IRQHandler                         0x08000225   Thumb Code     0  startup_stm32l552xx.o(.text)
    EXTI3_IRQHandler                         0x08000225   Thumb Code     0  startup_stm32l552xx.o(.text)
    EXTI4_IRQHandler                         0x08000225   Thumb Code     0  startup_stm32l552xx.o(.text)
    EXTI5_IRQHandler                         0x08000225   Thumb Code     0  startup_stm32l552xx.o(.text)
    EXTI6_IRQHandler                         0x08000225   Thumb Code     0  startup_stm32l552xx.o(.text)
    EXTI7_IRQHandler                         0x08000225   Thumb Code     0  startup_stm32l552xx.o(.text)
    EXTI8_IRQHandler                         0x08000225   Thumb Code     0  startup_stm32l552xx.o(.text)
    EXTI9_IRQHandler                         0x08000225   Thumb Code     0  startup_stm32l552xx.o(.text)
    FDCAN1_IT0_IRQHandler                    0x08000225   Thumb Code     0  startup_stm32l552xx.o(.text)
    FDCAN1_IT1_IRQHandler                    0x08000225   Thumb Code     0  startup_stm32l552xx.o(.text)
    FLASH_IRQHandler                         0x08000225   Thumb Code     0  startup_stm32l552xx.o(.text)
    FLASH_S_IRQHandler                       0x08000225   Thumb Code     0  startup_stm32l552xx.o(.text)
    FMC_IRQHandler                           0x08000225   Thumb Code     0  startup_stm32l552xx.o(.text)
    FPU_IRQHandler                           0x08000225   Thumb Code     0  startup_stm32l552xx.o(.text)
    GTZC_IRQHandler                          0x08000225   Thumb Code     0  startup_stm32l552xx.o(.text)
    HASH_IRQHandler                          0x08000225   Thumb Code     0  startup_stm32l552xx.o(.text)
    I2C1_ER_IRQHandler                       0x08000225   Thumb Code     0  startup_stm32l552xx.o(.text)
    I2C1_EV_IRQHandler                       0x08000225   Thumb Code     0  startup_stm32l552xx.o(.text)
    I2C2_ER_IRQHandler                       0x08000225   Thumb Code     0  startup_stm32l552xx.o(.text)
    I2C2_EV_IRQHandler                       0x08000225   Thumb Code     0  startup_stm32l552xx.o(.text)
    I2C3_ER_IRQHandler                       0x08000225   Thumb Code     0  startup_stm32l552xx.o(.text)
    I2C3_EV_IRQHandler                       0x08000225   Thumb Code     0  startup_stm32l552xx.o(.text)
    I2C4_ER_IRQHandler                       0x08000225   Thumb Code     0  startup_stm32l552xx.o(.text)
    I2C4_EV_IRQHandler                       0x08000225   Thumb Code     0  startup_stm32l552xx.o(.text)
    ICACHE_IRQHandler                        0x08000225   Thumb Code     0  startup_stm32l552xx.o(.text)
    LPTIM1_IRQHandler                        0x08000225   Thumb Code     0  startup_stm32l552xx.o(.text)
    LPTIM2_IRQHandler                        0x08000225   Thumb Code     0  startup_stm32l552xx.o(.text)
    LPTIM3_IRQHandler                        0x08000225   Thumb Code     0  startup_stm32l552xx.o(.text)
    LPUART1_IRQHandler                       0x08000225   Thumb Code     0  startup_stm32l552xx.o(.text)
    OCTOSPI1_IRQHandler                      0x08000225   Thumb Code     0  startup_stm32l552xx.o(.text)
    PVD_PVM_IRQHandler                       0x08000225   Thumb Code     0  startup_stm32l552xx.o(.text)
    RCC_IRQHandler                           0x08000225   Thumb Code     0  startup_stm32l552xx.o(.text)
    RCC_S_IRQHandler                         0x08000225   Thumb Code     0  startup_stm32l552xx.o(.text)
    RNG_IRQHandler                           0x08000225   Thumb Code     0  startup_stm32l552xx.o(.text)
    RTC_IRQHandler                           0x08000225   Thumb Code     0  startup_stm32l552xx.o(.text)
    RTC_S_IRQHandler                         0x08000225   Thumb Code     0  startup_stm32l552xx.o(.text)
    SAI1_IRQHandler                          0x08000225   Thumb Code     0  startup_stm32l552xx.o(.text)
    SAI2_IRQHandler                          0x08000225   Thumb Code     0  startup_stm32l552xx.o(.text)
    SDMMC1_IRQHandler                        0x08000225   Thumb Code     0  startup_stm32l552xx.o(.text)
    SPI1_IRQHandler                          0x08000225   Thumb Code     0  startup_stm32l552xx.o(.text)
    SPI2_IRQHandler                          0x08000225   Thumb Code     0  startup_stm32l552xx.o(.text)
    SPI3_IRQHandler                          0x08000225   Thumb Code     0  startup_stm32l552xx.o(.text)
    TAMP_IRQHandler                          0x08000225   Thumb Code     0  startup_stm32l552xx.o(.text)
    TAMP_S_IRQHandler                        0x08000225   Thumb Code     0  startup_stm32l552xx.o(.text)
    TIM15_IRQHandler                         0x08000225   Thumb Code     0  startup_stm32l552xx.o(.text)
    TIM16_IRQHandler                         0x08000225   Thumb Code     0  startup_stm32l552xx.o(.text)
    TIM17_IRQHandler                         0x08000225   Thumb Code     0  startup_stm32l552xx.o(.text)
    TIM1_BRK_IRQHandler                      0x08000225   Thumb Code     0  startup_stm32l552xx.o(.text)
    TIM1_CC_IRQHandler                       0x08000225   Thumb Code     0  startup_stm32l552xx.o(.text)
    TIM1_TRG_COM_IRQHandler                  0x08000225   Thumb Code     0  startup_stm32l552xx.o(.text)
    TIM1_UP_IRQHandler                       0x08000225   Thumb Code     0  startup_stm32l552xx.o(.text)
    TIM2_IRQHandler                          0x08000225   Thumb Code     0  startup_stm32l552xx.o(.text)
    TIM3_IRQHandler                          0x08000225   Thumb Code     0  startup_stm32l552xx.o(.text)
    TIM4_IRQHandler                          0x08000225   Thumb Code     0  startup_stm32l552xx.o(.text)
    TIM5_IRQHandler                          0x08000225   Thumb Code     0  startup_stm32l552xx.o(.text)
    TIM7_IRQHandler                          0x08000225   Thumb Code     0  startup_stm32l552xx.o(.text)
    TIM8_BRK_IRQHandler                      0x08000225   Thumb Code     0  startup_stm32l552xx.o(.text)
    TIM8_CC_IRQHandler                       0x08000225   Thumb Code     0  startup_stm32l552xx.o(.text)
    TIM8_TRG_COM_IRQHandler                  0x08000225   Thumb Code     0  startup_stm32l552xx.o(.text)
    TIM8_UP_IRQHandler                       0x08000225   Thumb Code     0  startup_stm32l552xx.o(.text)
    TSC_IRQHandler                           0x08000225   Thumb Code     0  startup_stm32l552xx.o(.text)
    UART4_IRQHandler                         0x08000225   Thumb Code     0  startup_stm32l552xx.o(.text)
    UART5_IRQHandler                         0x08000225   Thumb Code     0  startup_stm32l552xx.o(.text)
    UCPD1_IRQHandler                         0x08000225   Thumb Code     0  startup_stm32l552xx.o(.text)
    USART1_IRQHandler                        0x08000225   Thumb Code     0  startup_stm32l552xx.o(.text)
    USART2_IRQHandler                        0x08000225   Thumb Code     0  startup_stm32l552xx.o(.text)
    USART3_IRQHandler                        0x08000225   Thumb Code     0  startup_stm32l552xx.o(.text)
    USB_FS_IRQHandler                        0x08000225   Thumb Code     0  startup_stm32l552xx.o(.text)
    WWDG_IRQHandler                          0x08000225   Thumb Code     0  startup_stm32l552xx.o(.text)
    __aeabi_memcpy                           0x08000231   Thumb Code    36  memcpya.o(.text)
    __aeabi_memcpy4                          0x08000231   Thumb Code     0  memcpya.o(.text)
    __aeabi_memcpy8                          0x08000231   Thumb Code     0  memcpya.o(.text)
    __aeabi_memset                           0x08000255   Thumb Code    14  memseta.o(.text)
    __aeabi_memset4                          0x08000255   Thumb Code     0  memseta.o(.text)
    __aeabi_memset8                          0x08000255   Thumb Code     0  memseta.o(.text)
    __aeabi_memclr                           0x08000263   Thumb Code     4  memseta.o(.text)
    __aeabi_memclr4                          0x08000263   Thumb Code     0  memseta.o(.text)
    __aeabi_memclr8                          0x08000263   Thumb Code     0  memseta.o(.text)
    _memset$wrapper                          0x08000267   Thumb Code    18  memseta.o(.text)
    __scatterload                            0x08000279   Thumb Code    38  init.o(.text)
    __scatterload_rt2                        0x08000279   Thumb Code     0  init.o(.text)
    BSP_LED_Init                             0x080002a9   Thumb Code   112  stm32l5xx_nucleo.o(.text.BSP_LED_Init)
    BSP_LED_Off                              0x0800031d   Thumb Code    28  stm32l5xx_nucleo.o(.text.BSP_LED_Off)
    BSP_LED_On                               0x08000339   Thumb Code    28  stm32l5xx_nucleo.o(.text.BSP_LED_On)
    HAL_GPIO_Init                            0x0800035d   Thumb Code   384  stm32l5xx_hal_gpio.o(.text.HAL_GPIO_Init)
    HAL_GPIO_WritePin                        0x080004e9   Thumb Code    12  stm32l5xx_hal_gpio.o(.text.HAL_GPIO_WritePin)
    HAL_GetTick                              0x080004f5   Thumb Code     8  stm32l5xx_hal.o(.text.HAL_GetTick)
    HAL_ICACHE_ConfigAssociativityMode       0x080004fd   Thumb Code    24  stm32l5xx_hal_icache.o(.text.HAL_ICACHE_ConfigAssociativityMode)
    HAL_ICACHE_Enable                        0x08000515   Thumb Code    16  stm32l5xx_hal_icache.o(.text.HAL_ICACHE_Enable)
    HAL_IncTick                              0x08000529   Thumb Code    16  stm32l5xx_hal.o(.text.HAL_IncTick)
    HAL_Init                                 0x08000541   Thumb Code    32  stm32l5xx_hal.o(.text.HAL_Init)
    HAL_InitTick                             0x08000561   Thumb Code   104  stm32l5xx_hal_timebase_tim.o(.text.HAL_InitTick)
    HAL_MspInit                              0x080005d5   Thumb Code    60  stm32l5xx_hal_msp.o(.text.HAL_MspInit)
    HAL_NVIC_EnableIRQ                       0x08000615   Thumb Code    28  stm32l5xx_hal_cortex.o(.text.HAL_NVIC_EnableIRQ)
    HAL_NVIC_SetPriority                     0x08000635   Thumb Code    72  stm32l5xx_hal_cortex.o(.text.HAL_NVIC_SetPriority)
    HAL_NVIC_SetPriorityGrouping             0x08000681   Thumb Code    24  stm32l5xx_hal_cortex.o(.text.HAL_NVIC_SetPriorityGrouping)
    HAL_PWREx_ControlVoltageScaling          0x080006a1   Thumb Code    88  stm32l5xx_hal_pwr_ex.o(.text.HAL_PWREx_ControlVoltageScaling)
    HAL_PWREx_DisableUCPDDeadBattery         0x080006fd   Thumb Code     8  stm32l5xx_hal_pwr_ex.o(.text.HAL_PWREx_DisableUCPDDeadBattery)
    HAL_PWREx_GetVoltageRange                0x08000709   Thumb Code    12  stm32l5xx_hal_pwr_ex.o(.text.HAL_PWREx_GetVoltageRange)
    HAL_RCC_ClockConfig                      0x08000719   Thumb Code   460  stm32l5xx_hal_rcc.o(.text.HAL_RCC_ClockConfig)
    HAL_RCC_GetClockConfig                   0x080008f1   Thumb Code    56  stm32l5xx_hal_rcc.o(.text.HAL_RCC_GetClockConfig)
    HAL_RCC_GetHCLKFreq                      0x0800092d   Thumb Code    24  stm32l5xx_hal_rcc.o(.text.HAL_RCC_GetHCLKFreq)
    HAL_RCC_GetPCLK1Freq                     0x08000949   Thumb Code    24  stm32l5xx_hal_rcc.o(.text.HAL_RCC_GetPCLK1Freq)
    HAL_RCC_GetSysClockFreq                  0x08000969   Thumb Code   144  stm32l5xx_hal_rcc.o(.text.HAL_RCC_GetSysClockFreq)
    HAL_RCC_OscConfig                        0x08000a05   Thumb Code  1504  stm32l5xx_hal_rcc.o(.text.HAL_RCC_OscConfig)
    HAL_TIMEx_Break2Callback                 0x08000ff5   Thumb Code     2  stm32l5xx_hal_tim_ex.o(.text.HAL_TIMEx_Break2Callback)
    HAL_TIMEx_BreakCallback                  0x08000ff7   Thumb Code     2  stm32l5xx_hal_tim_ex.o(.text.HAL_TIMEx_BreakCallback)
    HAL_TIMEx_CommutCallback                 0x08000ff9   Thumb Code     2  stm32l5xx_hal_tim_ex.o(.text.HAL_TIMEx_CommutCallback)
    HAL_TIM_Base_Init                        0x08000ffb   Thumb Code    30  stm32l5xx_hal_tim.o(.text.HAL_TIM_Base_Init)
    HAL_TIM_Base_MspInit                     0x08001019   Thumb Code     2  stm32l5xx_hal_tim.o(.text.HAL_TIM_Base_MspInit)
    HAL_TIM_Base_Start_IT                    0x0800101d   Thumb Code    96  stm32l5xx_hal_tim.o(.text.HAL_TIM_Base_Start_IT)
    HAL_TIM_IC_CaptureCallback               0x08001099   Thumb Code     2  stm32l5xx_hal_tim.o(.text.HAL_TIM_IC_CaptureCallback)
    HAL_TIM_IRQHandler                       0x0800109b   Thumb Code   320  stm32l5xx_hal_tim.o(.text.HAL_TIM_IRQHandler)
    HAL_TIM_OC_DelayElapsedCallback          0x080011db   Thumb Code     2  stm32l5xx_hal_tim.o(.text.HAL_TIM_OC_DelayElapsedCallback)
    HAL_TIM_PWM_PulseFinishedCallback        0x080011dd   Thumb Code     2  stm32l5xx_hal_tim.o(.text.HAL_TIM_PWM_PulseFinishedCallback)
    HAL_TIM_PeriodElapsedCallback            0x080011e1   Thumb Code    16  main.o(.text.HAL_TIM_PeriodElapsedCallback)
    HAL_TIM_TriggerCallback                  0x080011f5   Thumb Code     2  stm32l5xx_hal_tim.o(.text.HAL_TIM_TriggerCallback)
    LED_Green_Off_Thread                     0x080011f7   Thumb Code    22  main.o(.text.LED_Green_Off_Thread)
    LED_Green_On_Thread                      0x0800120d   Thumb Code    16  main.o(.text.LED_Green_On_Thread)
    PendSV_Handler                           0x08001361   Thumb Code   100  portasm.o(.text.PendSV_Handler)
    SVC_Handler                              0x08001451   Thumb Code    36  portasm.o(.text.SVC_Handler)
    SysTick_Handler                          0x08001475   Thumb Code    24  cmsis_os2.o(.text.SysTick_Handler)
    SystemClock_Config                       0x08001491   Thumb Code   102  main.o(.text.SystemClock_Config)
    SystemCoreClockUpdate                    0x080014f9   Thumb Code   120  system_stm32l5xx.o(.text.SystemCoreClockUpdate)
    SystemInit                               0x08001585   Thumb Code    12  system_stm32l5xx.o(.text.SystemInit)
    TIM6_IRQHandler                          0x08001595   Thumb Code     8  stm32l5xx_it.o(.text.TIM6_IRQHandler)
    TIM_Base_SetConfig                       0x080015a1   Thumb Code   172  stm32l5xx_hal_tim.o(.text.TIM_Base_SetConfig)
    main                                     0x08001671   Thumb Code    80  main.o(.text.main)
    osDelay                                  0x080016d5   Thumb Code    26  cmsis_os2.o(.text.osDelay)
    osKernelInitialize                       0x080016f1   Thumb Code    32  cmsis_os2.o(.text.osKernelInitialize)
    osKernelStart                            0x08001711   Thumb Code    48  cmsis_os2.o(.text.osKernelStart)
    osThreadNew                              0x08001749   Thumb Code   144  cmsis_os2.o(.text.osThreadNew)
    pvPortMalloc                             0x08001e3d   Thumb Code   244  heap_4.o(.text.pvPortMalloc)
    pxPortInitialiseStack                    0x08001f35   Thumb Code   104  port.o(.text.pxPortInitialiseStack)
    ulSetInterruptMask                       0x08001fa1   Thumb Code    22  portasm.o(.text.ulSetInterruptMask)
    uxListRemove                             0x08001fb7   Thumb Code    32  list.o(.text.uxListRemove)
    vApplicationGetIdleTaskMemory            0x08001fd9   Thumb Code    16  cmsis_os2.o(.text.vApplicationGetIdleTaskMemory)
    vApplicationGetTimerTaskMemory           0x08001ff1   Thumb Code    16  cmsis_os2.o(.text.vApplicationGetTimerTaskMemory)
    vClearInterruptMask                      0x08002009   Thumb Code    14  portasm.o(.text.vClearInterruptMask)
    vListInitialise                          0x08002017   Thumb Code    22  list.o(.text.vListInitialise)
    vListInitialiseItem                      0x0800202d   Thumb Code     6  list.o(.text.vListInitialiseItem)
    vListInsert                              0x08002033   Thumb Code    46  list.o(.text.vListInsert)
    vListInsertEnd                           0x08002061   Thumb Code    24  list.o(.text.vListInsertEnd)
    vPortEnterCritical                       0x08002079   Thumb Code    24  port.o(.text.vPortEnterCritical)
    vPortExitCritical                        0x08002091   Thumb Code    36  port.o(.text.vPortExitCritical)
    vPortFree                                0x080020b5   Thumb Code    88  heap_4.o(.text.vPortFree)
    vPortSVCHandler_C                        0x08002111   Thumb Code    48  port.o(.text.vPortSVCHandler_C)
    vPortSetupTimerInterrupt                 0x08002145   Thumb Code    32  port.o(.text.vPortSetupTimerInterrupt)
    vPortYield                               0x0800216d   Thumb Code    20  port.o(.text.vPortYield)
    vQueueAddToRegistry                      0x08002181   Thumb Code    28  queue.o(.text.vQueueAddToRegistry)
    vQueueWaitForMessageRestricted           0x080021a1   Thumb Code    64  queue.o(.text.vQueueWaitForMessageRestricted)
    vRestoreContextOfFirstTask               0x080021e1   Thumb Code    36  portasm.o(.text.vRestoreContextOfFirstTask)
    vStartFirstTask                          0x08002211   Thumb Code    36  portasm.o(.text.vStartFirstTask)
    vTaskDelay                               0x08002235   Thumb Code    44  tasks.o(.text.vTaskDelay)
    vTaskInternalSetTimeOutState             0x08002261   Thumb Code    12  tasks.o(.text.vTaskInternalSetTimeOutState)
    vTaskMissedYield                         0x0800226d   Thumb Code     8  tasks.o(.text.vTaskMissedYield)
    vTaskPlaceOnEventList                    0x08002275   Thumb Code    36  tasks.o(.text.vTaskPlaceOnEventList)
    vTaskPlaceOnEventListRestricted          0x08002299   Thumb Code    44  tasks.o(.text.vTaskPlaceOnEventListRestricted)
    vTaskStartScheduler                      0x080022c5   Thumb Code    92  tasks.o(.text.vTaskStartScheduler)
    vTaskSuspendAll                          0x0800232d   Thumb Code    12  tasks.o(.text.vTaskSuspendAll)
    vTaskSwitchContext                       0x08002339   Thumb Code    76  tasks.o(.text.vTaskSwitchContext)
    xPortStartScheduler                      0x0800238d   Thumb Code    48  port.o(.text.xPortStartScheduler)
    xPortSysTickHandler                      0x080023c5   Thumb Code    32  port.o(.text.xPortSysTickHandler)
    xQueueGenericCreateStatic                0x080023e9   Thumb Code    76  queue.o(.text.xQueueGenericCreateStatic)
    xQueueGenericReset                       0x08002435   Thumb Code    98  queue.o(.text.xQueueGenericReset)
    xQueueGenericSend                        0x08002497   Thumb Code   276  queue.o(.text.xQueueGenericSend)
    xQueueGenericSendFromISR                 0x080025ab   Thumb Code   142  queue.o(.text.xQueueGenericSendFromISR)
    xQueueReceive                            0x08002639   Thumb Code   248  queue.o(.text.xQueueReceive)
    xTaskCheckForTimeOut                     0x08002731   Thumb Code    84  tasks.o(.text.xTaskCheckForTimeOut)
    xTaskCreate                              0x08002785   Thumb Code    88  tasks.o(.text.xTaskCreate)
    xTaskCreateStatic                        0x080027dd   Thumb Code    76  tasks.o(.text.xTaskCreateStatic)
    xTaskGetSchedulerState                   0x08002829   Thumb Code    24  tasks.o(.text.xTaskGetSchedulerState)
    xTaskGetTickCount                        0x08002841   Thumb Code     8  tasks.o(.text.xTaskGetTickCount)
    xTaskIncrementTick                       0x08002849   Thumb Code   192  tasks.o(.text.xTaskIncrementTick)
    xTaskPriorityDisinherit                  0x08002909   Thumb Code    88  tasks.o(.text.xTaskPriorityDisinherit)
    xTaskRemoveFromEventList                 0x08002961   Thumb Code    84  tasks.o(.text.xTaskRemoveFromEventList)
    xTaskResumeAll                           0x080029b5   Thumb Code   160  tasks.o(.text.xTaskResumeAll)
    xTimerCreateTimerTask                    0x08002a5d   Thumb Code    72  timers.o(.text.xTimerCreateTimerTask)
    xTimerGenericCommand                     0x08002ab5   Thumb Code    72  timers.o(.text.xTimerGenericCommand)
    __scatterload_copy                       0x08002b01   Thumb Code    14  handlers.o(i.__scatterload_copy)
    __scatterload_null                       0x08002b0f   Thumb Code     2  handlers.o(i.__scatterload_null)
    __scatterload_zeroinit                   0x08002b11   Thumb Code    14  handlers.o(i.__scatterload_zeroinit)
    AHBPrescTable                            0x08002b1e   Data          16  system_stm32l5xx.o(.rodata.AHBPrescTable)
    APBPrescTable                            0x08002b2e   Data           8  system_stm32l5xx.o(.rodata.APBPrescTable)
    GreenLedOff_attributes                   0x08002b38   Data          36  main.o(.rodata.GreenLedOff_attributes)
    GreenLedOn_attributes                    0x08002b5c   Data          36  main.o(.rodata.GreenLedOn_attributes)
    MSIRangeTable                            0x08002b94   Data          64  system_stm32l5xx.o(.rodata.MSIRangeTable)
    Region$$Table$$Base                      0x08002bec   Number         0  anon$$obj.o(Region$$Table)
    Region$$Table$$Limit                     0x08002c0c   Number         0  anon$$obj.o(Region$$Table)
    uwTickFreq                               0x20000000   Data           1  stm32l5xx_hal.o(.data..L_MergedGlobals)
    uwTickPrio                               0x20000004   Data           4  stm32l5xx_hal.o(.data..L_MergedGlobals)
    SystemCoreClock                          0x20000008   Data           4  system_stm32l5xx.o(.data.SystemCoreClock)
    GreenLedOnHandle                         0x20000010   Data           4  main.o(.bss..L_MergedGlobals)
    GreenLedOffHandle                        0x20000014   Data           4  main.o(.bss..L_MergedGlobals)
    pxCurrentTCB                             0x20000018   Data           4  tasks.o(.bss..L_MergedGlobals)
    htim6                                    0x20000118   Data          76  stm32l5xx_hal_timebase_tim.o(.bss.htim6)
    uwTick                                   0x2000266c   Data           4  stm32l5xx_hal.o(.bss.uwTick)
    xQueueRegistry                           0x20003f28   Data          64  queue.o(.bss.xQueueRegistry)
    __initial_sp                             0x20004768   Data           0  startup_stm32l552xx.o(STACK)



==============================================================================

Memory Map of the image

  Image Entry point : 0x080001f5

  Load Region LR_IROM1 (Base: 0x08000000, Size: 0x00002c20, Max: 0x00080000, ABSOLUTE)

    Execution Region ER_IROM1 (Exec base: 0x08000000, Load base: 0x08000000, Size: 0x00002c0c, Max: 0x00080000, ABSOLUTE)

    Exec Addr    Load Addr    Size         Type   Attr      Idx    E Section Name        Object

    0x08000000   0x08000000   0x000001f4   Data   RO            3    RESET               startup_stm32l552xx.o
    0x080001f4   0x080001f4   0x00000000   Code   RO         2444  * .ARM.Collect$$$$00000000  mc_w.l(entry.o)
    0x080001f4   0x080001f4   0x00000004   Code   RO         2453    .ARM.Collect$$$$00000001  mc_w.l(entry2.o)
    0x080001f8   0x080001f8   0x00000004   Code   RO         2456    .ARM.Collect$$$$00000004  mc_w.l(entry5.o)
    0x080001fc   0x080001fc   0x00000000   Code   RO         2458    .ARM.Collect$$$$00000008  mc_w.l(entry7b.o)
    0x080001fc   0x080001fc   0x00000000   Code   RO         2460    .ARM.Collect$$$$0000000A  mc_w.l(entry8b.o)
    0x080001fc   0x080001fc   0x00000008   Code   RO         2461    .ARM.Collect$$$$0000000B  mc_w.l(entry9a.o)
    0x08000204   0x08000204   0x00000000   Code   RO         2463    .ARM.Collect$$$$0000000D  mc_w.l(entry10a.o)
    0x08000204   0x08000204   0x00000000   Code   RO         2465    .ARM.Collect$$$$0000000F  mc_w.l(entry11a.o)
    0x08000204   0x08000204   0x00000004   Code   RO         2454    .ARM.Collect$$$$00002712  mc_w.l(entry2.o)
    0x08000208   0x08000208   0x00000028   Code   RO            4    .text               startup_stm32l552xx.o
    0x08000230   0x08000230   0x00000024   Code   RO         2447    .text               mc_w.l(memcpya.o)
    0x08000254   0x08000254   0x00000024   Code   RO         2449    .text               mc_w.l(memseta.o)
    0x08000278   0x08000278   0x00000030   Code   RO         2467    .text               mc_w.l(init.o)
    0x080002a8   0x080002a8   0x00000074   Code   RO           77    .text.BSP_LED_Init  stm32l5xx_nucleo.o
    0x0800031c   0x0800031c   0x0000001c   Code   RO           83    .text.BSP_LED_Off   stm32l5xx_nucleo.o
    0x08000338   0x08000338   0x00000024   Code   RO           81    .text.BSP_LED_On    stm32l5xx_nucleo.o
    0x0800035c   0x0800035c   0x0000018c   Code   RO         1380    .text.HAL_GPIO_Init  stm32l5xx_hal_gpio.o
    0x080004e8   0x080004e8   0x0000000c   Code   RO         1386    .text.HAL_GPIO_WritePin  stm32l5xx_hal_gpio.o
    0x080004f4   0x080004f4   0x00000008   Code   RO          712    .text.HAL_GetTick   stm32l5xx_hal.o
    0x080004fc   0x080004fc   0x00000018   Code   RO         1710    .text.HAL_ICACHE_ConfigAssociativityMode  stm32l5xx_hal_icache.o
    0x08000514   0x08000514   0x00000014   Code   RO         1722    .text.HAL_ICACHE_Enable  stm32l5xx_hal_icache.o
    0x08000528   0x08000528   0x00000018   Code   RO          710    .text.HAL_IncTick   stm32l5xx_hal.o
    0x08000540   0x08000540   0x00000020   Code   RO          700    .text.HAL_Init      stm32l5xx_hal.o
    0x08000560   0x08000560   0x00000074   Code   RO           55    .text.HAL_InitTick  stm32l5xx_hal_timebase_tim.o
    0x080005d4   0x080005d4   0x00000040   Code   RO           46    .text.HAL_MspInit   stm32l5xx_hal_msp.o
    0x08000614   0x08000614   0x00000020   Code   RO         1662    .text.HAL_NVIC_EnableIRQ  stm32l5xx_hal_cortex.o
    0x08000634   0x08000634   0x0000004c   Code   RO         1660    .text.HAL_NVIC_SetPriority  stm32l5xx_hal_cortex.o
    0x08000680   0x08000680   0x00000020   Code   RO         1658    .text.HAL_NVIC_SetPriorityGrouping  stm32l5xx_hal_cortex.o
    0x080006a0   0x080006a0   0x0000005c   Code   RO         1530    .text.HAL_PWREx_ControlVoltageScaling  stm32l5xx_hal_pwr_ex.o
    0x080006fc   0x080006fc   0x0000000c   Code   RO         1610    .text.HAL_PWREx_DisableUCPDDeadBattery  stm32l5xx_hal_pwr_ex.o
    0x08000708   0x08000708   0x00000010   Code   RO         1528    .text.HAL_PWREx_GetVoltageRange  stm32l5xx_hal_pwr_ex.o
    0x08000718   0x08000718   0x000001d8   Code   RO         1163    .text.HAL_RCC_ClockConfig  stm32l5xx_hal_rcc.o
    0x080008f0   0x080008f0   0x0000003c   Code   RO         1175    .text.HAL_RCC_GetClockConfig  stm32l5xx_hal_rcc.o
    0x0800092c   0x0800092c   0x0000001c   Code   RO         1161    .text.HAL_RCC_GetHCLKFreq  stm32l5xx_hal_rcc.o
    0x08000948   0x08000948   0x00000020   Code   RO         1169    .text.HAL_RCC_GetPCLK1Freq  stm32l5xx_hal_rcc.o
    0x08000968   0x08000968   0x0000009c   Code   RO         1165    .text.HAL_RCC_GetSysClockFreq  stm32l5xx_hal_rcc.o
    0x08000a04   0x08000a04   0x000005f0   Code   RO         1157    .text.HAL_RCC_OscConfig  stm32l5xx_hal_rcc.o
    0x08000ff4   0x08000ff4   0x00000002   Code   RO          626    .text.HAL_TIMEx_Break2Callback  stm32l5xx_hal_tim_ex.o
    0x08000ff6   0x08000ff6   0x00000002   Code   RO          624    .text.HAL_TIMEx_BreakCallback  stm32l5xx_hal_tim_ex.o
    0x08000ff8   0x08000ff8   0x00000002   Code   RO          620    .text.HAL_TIMEx_CommutCallback  stm32l5xx_hal_tim_ex.o
    0x08000ffa   0x08000ffa   0x0000001e   Code   RO          145    .text.HAL_TIM_Base_Init  stm32l5xx_hal_tim.o
    0x08001018   0x08001018   0x00000002   Code   RO          147    .text.HAL_TIM_Base_MspInit  stm32l5xx_hal_tim.o
    0x0800101a   0x0800101a   0x00000002   PAD
    0x0800101c   0x0800101c   0x0000007c   Code   RO          159    .text.HAL_TIM_Base_Start_IT  stm32l5xx_hal_tim.o
    0x08001098   0x08001098   0x00000002   Code   RO          281    .text.HAL_TIM_IC_CaptureCallback  stm32l5xx_hal_tim.o
    0x0800109a   0x0800109a   0x00000140   Code   RO          279    .text.HAL_TIM_IRQHandler  stm32l5xx_hal_tim.o
    0x080011da   0x080011da   0x00000002   Code   RO          283    .text.HAL_TIM_OC_DelayElapsedCallback  stm32l5xx_hal_tim.o
    0x080011dc   0x080011dc   0x00000002   Code   RO          285    .text.HAL_TIM_PWM_PulseFinishedCallback  stm32l5xx_hal_tim.o
    0x080011de   0x080011de   0x00000002   PAD
    0x080011e0   0x080011e0   0x00000014   Code   RO           21    .text.HAL_TIM_PeriodElapsedCallback  main.o
    0x080011f4   0x080011f4   0x00000002   Code   RO          289    .text.HAL_TIM_TriggerCallback  stm32l5xx_hal_tim.o
    0x080011f6   0x080011f6   0x00000016   Code   RO           17    .text.LED_Green_Off_Thread  main.o
    0x0800120c   0x0800120c   0x00000010   Code   RO           15    .text.LED_Green_On_Thread  main.o
    0x0800121c   0x0800121c   0x00000024   Code   RO         1189    .text.OUTLINED_FUNCTION_0  stm32l5xx_hal_rcc.o
    0x08001240   0x08001240   0x0000000a   Code   RO         1632    .text.OUTLINED_FUNCTION_0  stm32l5xx_hal_pwr_ex.o
    0x0800124a   0x0800124a   0x00000006   Code   RO         1746    .text.OUTLINED_FUNCTION_0  stm32l5xx_hal_icache.o
    0x08001250   0x08001250   0x00000006   Code   RO         1903    .text.OUTLINED_FUNCTION_0  queue.o
    0x08001256   0x08001256   0x00000008   Code   RO         2104    .text.OUTLINED_FUNCTION_0  tasks.o
    0x0800125e   0x0800125e   0x0000000a   Code   RO         2171    .text.OUTLINED_FUNCTION_0  timers.o
    0x08001268   0x08001268   0x00000006   Code   RO         2338    .text.OUTLINED_FUNCTION_0  cmsis_os2.o
    0x0800126e   0x0800126e   0x00000036   Code   RO          383    .text.OUTLINED_FUNCTION_1  stm32l5xx_hal_tim.o
    0x080012a4   0x080012a4   0x0000000c   Code   RO         1191    .text.OUTLINED_FUNCTION_1  stm32l5xx_hal_rcc.o
    0x080012b0   0x080012b0   0x00000006   Code   RO         1905    .text.OUTLINED_FUNCTION_1  queue.o
    0x080012b6   0x080012b6   0x00000006   Code   RO         2106    .text.OUTLINED_FUNCTION_1  tasks.o
    0x080012bc   0x080012bc   0x00000006   Code   RO         1193    .text.OUTLINED_FUNCTION_2  stm32l5xx_hal_rcc.o
    0x080012c2   0x080012c2   0x00000006   Code   RO         1907    .text.OUTLINED_FUNCTION_2  queue.o
    0x080012c8   0x080012c8   0x0000000a   Code   RO         2108    .text.OUTLINED_FUNCTION_2  tasks.o
    0x080012d2   0x080012d2   0x0000000a   Code   RO          435    .text.OUTLINED_FUNCTION_27  stm32l5xx_hal_tim.o
    0x080012dc   0x080012dc   0x0000000e   Code   RO         1195    .text.OUTLINED_FUNCTION_3  stm32l5xx_hal_rcc.o
    0x080012ea   0x080012ea   0x00000006   Code   RO         1909    .text.OUTLINED_FUNCTION_3  queue.o
    0x080012f0   0x080012f0   0x00000014   Code   RO          447    .text.OUTLINED_FUNCTION_33  stm32l5xx_hal_tim.o
    0x08001304   0x08001304   0x0000000a   Code   RO         1197    .text.OUTLINED_FUNCTION_4  stm32l5xx_hal_rcc.o
    0x0800130e   0x0800130e   0x00000008   Code   RO         1911    .text.OUTLINED_FUNCTION_4  queue.o
    0x08001316   0x08001316   0x00000006   Code   RO         2112    .text.OUTLINED_FUNCTION_4  tasks.o
    0x0800131c   0x0800131c   0x00000008   Code   RO          477    .text.OUTLINED_FUNCTION_48  stm32l5xx_hal_tim.o
    0x08001324   0x08001324   0x00000008   Code   RO         1913    .text.OUTLINED_FUNCTION_5  queue.o
    0x0800132c   0x0800132c   0x00000008   Code   RO         2114    .text.OUTLINED_FUNCTION_5  tasks.o
    0x08001334   0x08001334   0x0000000a   Code   RO          485    .text.OUTLINED_FUNCTION_52  stm32l5xx_hal_tim.o
    0x0800133e   0x0800133e   0x0000000c   Code   RO          491    .text.OUTLINED_FUNCTION_55  stm32l5xx_hal_tim.o
    0x0800134a   0x0800134a   0x00000006   Code   RO          501    .text.OUTLINED_FUNCTION_60  stm32l5xx_hal_tim.o
    0x08001350   0x08001350   0x0000000e   Code   RO          397    .text.OUTLINED_FUNCTION_8  stm32l5xx_hal_tim.o
    0x0800135e   0x0800135e   0x00000002   PAD
    0x08001360   0x08001360   0x00000064   Code   RO         2434    .text.PendSV_Handler  portasm.o
    0x080013c4   0x080013c4   0x00000088   Code   RO         1159    .text.RCC_SetFlashLatencyFromMSIRange  stm32l5xx_hal_rcc.o
    0x0800144c   0x0800144c   0x00000004   PAD
    0x08001450   0x08001450   0x00000024   Code   RO         2436    .text.SVC_Handler   portasm.o
    0x08001474   0x08001474   0x0000001c   Code   RO         2186    .text.SysTick_Handler  cmsis_os2.o
    0x08001490   0x08001490   0x00000066   Code   RO           13    .text.SystemClock_Config  main.o
    0x080014f6   0x080014f6   0x00000002   PAD
    0x080014f8   0x080014f8   0x0000008c   Code   RO         1758    .text.SystemCoreClockUpdate  system_stm32l5xx.o
    0x08001584   0x08001584   0x00000010   Code   RO         1756    .text.SystemInit    system_stm32l5xx.o
    0x08001594   0x08001594   0x0000000c   Code   RO           38    .text.TIM6_IRQHandler  stm32l5xx_it.o
    0x080015a0   0x080015a0   0x000000d0   Code   RO          149    .text.TIM_Base_SetConfig  stm32l5xx_hal_tim.o
    0x08001670   0x08001670   0x00000064   Code   RO           11    .text.main          main.o
    0x080016d4   0x080016d4   0x0000001a   Code   RO         2246    .text.osDelay       cmsis_os2.o
    0x080016ee   0x080016ee   0x00000002   PAD
    0x080016f0   0x080016f0   0x00000020   Code   RO         2188    .text.osKernelInitialize  cmsis_os2.o
    0x08001710   0x08001710   0x00000038   Code   RO         2194    .text.osKernelStart  cmsis_os2.o
    0x08001748   0x08001748   0x00000090   Code   RO         2210    .text.osThreadNew   cmsis_os2.o
    0x080017d8   0x080017d8   0x00000054   Code   RO         2006    .text.prvAddCurrentTaskToDelayedList  tasks.o
    0x0800182c   0x0800182c   0x000000b4   Code   RO         1992    .text.prvAddNewTaskToReadyList  tasks.o
    0x080018e0   0x080018e0   0x0000005c   Code   RO         2129    .text.prvCheckForValidListAndQueue  timers.o
    0x0800193c   0x0800193c   0x00000024   Code   RO         1867    .text.prvCopyDataFromQueue  queue.o
    0x08001960   0x08001960   0x00000070   Code   RO         1857    .text.prvCopyDataToQueue  queue.o
    0x080019d0   0x080019d0   0x0000002a   Code   RO         1998    .text.prvDeleteTCB  tasks.o
    0x080019fa   0x080019fa   0x00000002   PAD
    0x080019fc   0x080019fc   0x00000040   Code   RO         2028    .text.prvIdleTask   tasks.o
    0x08001a3c   0x08001a3c   0x00000020   Code   RO         1831    .text.prvInitialiseNewQueue  queue.o
    0x08001a5c   0x08001a5c   0x00000090   Code   RO         1990    .text.prvInitialiseNewTask  tasks.o
    0x08001aec   0x08001aec   0x00000044   Code   RO         2367    .text.prvInsertBlockIntoFreeList  heap_4.o
    0x08001b30   0x08001b30   0x00000038   Code   RO         2169    .text.prvInsertTimerInActiveList  timers.o
    0x08001b68   0x08001b68   0x00000016   Code   RO         1869    .text.prvIsQueueEmpty  queue.o
    0x08001b7e   0x08001b7e   0x00000002   PAD
    0x08001b80   0x08001b80   0x00000020   Code   RO         2000    .text.prvResetNextTaskUnblockTime  tasks.o
    0x08001ba0   0x08001ba0   0x0000007c   Code   RO         2167    .text.prvSampleTimeNow  timers.o
    0x08001c1c   0x08001c1c   0x00000020   Code   RO         2403    .text.prvTaskExitError  port.o
    0x08001c3c   0x08001c3c   0x00000198   Code   RO         2131    .text.prvTimerTask  timers.o
    0x08001dd4   0x08001dd4   0x00000066   Code   RO         1859    .text.prvUnlockQueue  queue.o
    0x08001e3a   0x08001e3a   0x00000002   PAD
    0x08001e3c   0x08001e3c   0x000000f8   Code   RO         2365    .text.pvPortMalloc  heap_4.o
    0x08001f34   0x08001f34   0x0000006c   Code   RO         2401    .text.pxPortInitialiseStack  port.o
    0x08001fa0   0x08001fa0   0x00000016   Code   RO         2430    .text.ulSetInterruptMask  portasm.o
    0x08001fb6   0x08001fb6   0x00000020   Code   RO         1817    .text.uxListRemove  list.o
    0x08001fd6   0x08001fd6   0x00000002   PAD
    0x08001fd8   0x08001fd8   0x00000018   Code   RO         2334    .text.vApplicationGetIdleTaskMemory  cmsis_os2.o
    0x08001ff0   0x08001ff0   0x00000018   Code   RO         2336    .text.vApplicationGetTimerTaskMemory  cmsis_os2.o
    0x08002008   0x08002008   0x0000000e   Code   RO         2432    .text.vClearInterruptMask  portasm.o
    0x08002016   0x08002016   0x00000016   Code   RO         1809    .text.vListInitialise  list.o
    0x0800202c   0x0800202c   0x00000006   Code   RO         1811    .text.vListInitialiseItem  list.o
    0x08002032   0x08002032   0x0000002e   Code   RO         1815    .text.vListInsert   list.o
    0x08002060   0x08002060   0x00000018   Code   RO         1813    .text.vListInsertEnd  list.o
    0x08002078   0x08002078   0x00000018   Code   RO         2393    .text.vPortEnterCritical  port.o
    0x08002090   0x08002090   0x00000024   Code   RO         2395    .text.vPortExitCritical  port.o
    0x080020b4   0x080020b4   0x0000005c   Code   RO         2369    .text.vPortFree     heap_4.o
    0x08002110   0x08002110   0x00000034   Code   RO         2399    .text.vPortSVCHandler_C  port.o
    0x08002144   0x08002144   0x00000028   Code   RO         2389    .text.vPortSetupTimerInterrupt  port.o
    0x0800216c   0x0800216c   0x00000014   Code   RO         2391    .text.vPortYield    port.o
    0x08002180   0x08002180   0x00000020   Code   RO         1897    .text.vQueueAddToRegistry  queue.o
    0x080021a0   0x080021a0   0x00000040   Code   RO         1901    .text.vQueueWaitForMessageRestricted  queue.o
    0x080021e0   0x080021e0   0x00000024   Code   RO         2420    .text.vRestoreContextOfFirstTask  portasm.o
    0x08002204   0x08002204   0x0000000c   PAD
    0x08002210   0x08002210   0x00000024   Code   RO         2428    .text.vStartFirstTask  portasm.o
    0x08002234   0x08002234   0x0000002c   Code   RO         2010    .text.vTaskDelay    tasks.o
    0x08002260   0x08002260   0x0000000c   Code   RO         2060    .text.vTaskInternalSetTimeOutState  tasks.o
    0x0800226c   0x0800226c   0x00000008   Code   RO         2064    .text.vTaskMissedYield  tasks.o
    0x08002274   0x08002274   0x00000024   Code   RO         2048    .text.vTaskPlaceOnEventList  tasks.o
    0x08002298   0x08002298   0x0000002c   Code   RO         2052    .text.vTaskPlaceOnEventListRestricted  tasks.o
    0x080022c4   0x080022c4   0x00000068   Code   RO         2026    .text.vTaskStartScheduler  tasks.o
    0x0800232c   0x0800232c   0x0000000c   Code   RO         2004    .text.vTaskSuspendAll  tasks.o
    0x08002338   0x08002338   0x00000054   Code   RO         2022    .text.vTaskSwitchContext  tasks.o
    0x0800238c   0x0800238c   0x00000038   Code   RO         2405    .text.xPortStartScheduler  port.o
    0x080023c4   0x080023c4   0x00000024   Code   RO         2397    .text.xPortSysTickHandler  port.o
    0x080023e8   0x080023e8   0x0000004c   Code   RO         1829    .text.xQueueGenericCreateStatic  queue.o
    0x08002434   0x08002434   0x00000062   Code   RO         1827    .text.xQueueGenericReset  queue.o
    0x08002496   0x08002496   0x00000114   Code   RO         1847    .text.xQueueGenericSend  queue.o
    0x080025aa   0x080025aa   0x0000008e   Code   RO         1861    .text.xQueueGenericSendFromISR  queue.o
    0x08002638   0x08002638   0x000000f8   Code   RO         1865    .text.xQueueReceive  queue.o
    0x08002730   0x08002730   0x00000054   Code   RO         2062    .text.xTaskCheckForTimeOut  tasks.o
    0x08002784   0x08002784   0x00000058   Code   RO         1994    .text.xTaskCreate   tasks.o
    0x080027dc   0x080027dc   0x0000004c   Code   RO         1988    .text.xTaskCreateStatic  tasks.o
    0x08002828   0x08002828   0x00000018   Code   RO         2078    .text.xTaskGetSchedulerState  tasks.o
    0x08002840   0x08002840   0x00000008   Code   RO         2034    .text.xTaskGetTickCount  tasks.o
    0x08002848   0x08002848   0x000000c0   Code   RO         2032    .text.xTaskIncrementTick  tasks.o
    0x08002908   0x08002908   0x00000058   Code   RO         2082    .text.xTaskPriorityDisinherit  tasks.o
    0x08002960   0x08002960   0x00000054   Code   RO         2054    .text.xTaskRemoveFromEventList  tasks.o
    0x080029b4   0x080029b4   0x000000a8   Code   RO         2008    .text.xTaskResumeAll  tasks.o
    0x08002a5c   0x08002a5c   0x00000058   Code   RO         2127    .text.xTimerCreateTimerTask  timers.o
    0x08002ab4   0x08002ab4   0x0000004c   Code   RO         2139    .text.xTimerGenericCommand  timers.o
    0x08002b00   0x08002b00   0x0000000e   Code   RO         2471    i.__scatterload_copy  mc_w.l(handlers.o)
    0x08002b0e   0x08002b0e   0x00000002   Code   RO         2472    i.__scatterload_null  mc_w.l(handlers.o)
    0x08002b10   0x08002b10   0x0000000e   Code   RO         2473    i.__scatterload_zeroinit  mc_w.l(handlers.o)
    0x08002b1e   0x08002b1e   0x00000010   Data   RO         1761    .rodata.AHBPrescTable  system_stm32l5xx.o
    0x08002b2e   0x08002b2e   0x00000008   Data   RO         1762    .rodata.APBPrescTable  system_stm32l5xx.o
    0x08002b36   0x08002b36   0x00000002   PAD
    0x08002b38   0x08002b38   0x00000024   Data   RO           25    .rodata.GreenLedOff_attributes  main.o
    0x08002b5c   0x08002b5c   0x00000024   Data   RO           24    .rodata.GreenLedOn_attributes  main.o
    0x08002b80   0x08002b80   0x00000006   Data   RO          103    .rodata.LED_PIN     stm32l5xx_nucleo.o
    0x08002b86   0x08002b86   0x00000002   PAD
    0x08002b88   0x08002b88   0x0000000c   Data   RO          104    .rodata.LED_PORT    stm32l5xx_nucleo.o
    0x08002b94   0x08002b94   0x00000040   Data   RO         1763    .rodata.MSIRangeTable  system_stm32l5xx.o
    0x08002bd4   0x08002bd4   0x00000017   Data   RO           23    .rodata.str1.1      main.o
    0x08002beb   0x08002beb   0x00000001   PAD
    0x08002bec   0x08002bec   0x00000020   Data   RO         2470    Region$$Table       anon$$obj.o


    Execution Region RW_IRAM1 (Exec base: 0x20000000, Load base: 0x08002c10, Size: 0x00004768, Max: 0x00040000, ABSOLUTE)

    Exec Addr    Load Addr    Size         Type   Attr      Idx    E Section Name        Object

    0x20000000   0x08002c10   0x00000008   Data   RW          777    .data..L_MergedGlobals  stm32l5xx_hal.o
    0x20000008   0x08002c18   0x00000004   Data   RW         1760    .data.SystemCoreClock  system_stm32l5xx.o
    0x2000000c   0x08002c1c   0x00000004   Data   RW         2411    .data.ulCriticalNesting  port.o
    0x20000010        -       0x00000008   Zero   RW           29    .bss..L_MergedGlobals  main.o
    0x20000018        -       0x00000078   Zero   RW         2117    .bss..L_MergedGlobals  tasks.o
    0x20000090        -       0x0000003c   Zero   RW         2177    .bss..L_MergedGlobals  timers.o
    0x200000cc        -       0x00000020   Zero   RW         2380    .bss..L_MergedGlobals  heap_4.o
    0x200000ec        -       0x00000028   Zero   RW         2118    .bss..L_MergedGlobals.1  tasks.o
    0x20000114        -       0x00000004   Zero   RW         2352    .bss.KernelState    cmsis_os2.o
    0x20000118        -       0x0000004c   Zero   RW           61    .bss.htim6          stm32l5xx_hal_timebase_tim.o
    0x20000164        -       0x000000a0   Zero   RW         2176    .bss.prvCheckForValidListAndQueue.ucStaticTimerQueueStorage  timers.o
    0x20000204        -       0x00000050   Zero   RW         2175    .bss.prvCheckForValidListAndQueue.xStaticTimerQueue  timers.o
    0x20000254        -       0x00000460   Zero   RW         2116    .bss.pxReadyTasksLists  tasks.o
    0x200006b4        -       0x00001fb8   Zero   RW         2379    .bss.ucHeap         heap_4.o
    0x2000266c        -       0x00000004   Zero   RW          776    .bss.uwTick         stm32l5xx_hal.o
    0x20002670        -       0x00000800   Zero   RW         2354    .bss.vApplicationGetIdleTaskMemory.Idle_Stack  cmsis_os2.o
    0x20002e70        -       0x0000005c   Zero   RW         2353    .bss.vApplicationGetIdleTaskMemory.Idle_TCB  cmsis_os2.o
    0x20002ecc        -       0x00001000   Zero   RW         2356    .bss.vApplicationGetTimerTaskMemory.Timer_Stack  cmsis_os2.o
    0x20003ecc        -       0x0000005c   Zero   RW         2355    .bss.vApplicationGetTimerTaskMemory.Timer_TCB  cmsis_os2.o
    0x20003f28        -       0x00000040   Zero   RW         1915    .bss.xQueueRegistry  queue.o
    0x20003f68        -       0x00000800   Zero   RW            1    STACK               startup_stm32l552xx.o


==============================================================================

Image component sizes


      Code (inc. data)   RO Data    RW Data    ZI Data      Debug   Object Name

       340         28          0          0       6332      42816   cmsis_os2.o
       408         12          0          0       8152       4884   heap_4.o
       130          0          0          0          0       2405   list.o
       260         24         95          0          8       9250   main.o
       404         32          0          4          0       3610   port.o
       244         16          0          0          0       1533   portasm.o
      1280          4          0          0         64      21690   queue.o
        40         10        500          0       2048       1000   startup_stm32l552xx.o
        64          8          0          8          4      10443   stm32l5xx_hal.o
       140         16          0          0          0      12159   stm32l5xx_hal_cortex.o
       408         12          0          0          0       4927   stm32l5xx_hal_gpio.o
        50          4          0          0          0       5901   stm32l5xx_hal_icache.o
        64          4          0          0          0       4593   stm32l5xx_hal_msp.o
       130         12          0          0          0      12932   stm32l5xx_hal_pwr_ex.o
      2482         72          0          0          0      13007   stm32l5xx_hal_rcc.o
       826         64          0          0          0      51550   stm32l5xx_hal_tim.o
         6          0          0          0          0      23901   stm32l5xx_hal_tim_ex.o
       116         12          0          0         76       8770   stm32l5xx_hal_timebase_tim.o
        12          4          0          0          0       4387   stm32l5xx_it.o
       180         12         18          0          0       9041   stm32l5xx_nucleo.o
       156         28         88          4          0       3829   system_stm32l5xx.o
      1740         44          0          0       1280      28815   tasks.o
       854         54          0          0        300      14481   timers.o

    ----------------------------------------------------------------------
     10368        488        738         16      18264     295924   Object Totals
         0          0         32          0          0          0   (incl. Generated)
        34         16          5          0          0          0   (incl. Padding)

    ----------------------------------------------------------------------

      Code (inc. data)   RO Data    RW Data    ZI Data      Debug   Library Member Name

         0          0          0          0          0          0   entry.o
         0          0          0          0          0          0   entry10a.o
         0          0          0          0          0          0   entry11a.o
         8          4          0          0          0          0   entry2.o
         4          0          0          0          0          0   entry5.o
         0          0          0          0          0          0   entry7b.o
         0          0          0          0          0          0   entry8b.o
         8          4          0          0          0          0   entry9a.o
        30          0          0          0          0          0   handlers.o
        48         10          0          0          0         68   init.o
        36          0          0          0          0         68   memcpya.o
        36          0          0          0          0        108   memseta.o

    ----------------------------------------------------------------------
       170         18          0          0          0        244   Library Totals
         0          0          0          0          0          0   (incl. Padding)

    ----------------------------------------------------------------------

      Code (inc. data)   RO Data    RW Data    ZI Data      Debug   Library Name

       170         18          0          0          0        244   mc_w.l

    ----------------------------------------------------------------------
       170         18          0          0          0        244   Library Totals

    ----------------------------------------------------------------------

==============================================================================


      Code (inc. data)   RO Data    RW Data    ZI Data      Debug   

     10538        506        738         16      18264     295900   Grand Totals
     10538        506        738         16      18264     295900   ELF Image Totals
     10538        506        738         16          0          0   ROM Totals

==============================================================================

    Total RO  Size (Code + RO Data)                11276 (  11.01kB)
    Total RW  Size (RW Data + ZI Data)             18280 (  17.85kB)
    Total ROM Size (Code + RO Data + RW Data)      11292 (  11.03kB)

==============================================================================

